Component: ARM Compiler 5.06 update 6 (build 750) Tool: armlink [4d35ed]

==============================================================================

Section Cross References

    mygpio.o(i.MyGPIO_Init) refers to mygpio.o(i.pinInMask) for pinInMask
    mygpio.o(i.MyGPIO_Init) refers to mygpio.o(i.configureAsOutput) for configureAsOutput
    mygpio.o(i.MyGPIO_Write) refers to mygpio.o(i.pinInMask) for pinInMask
    mygpio.o(i.MyGPIO_Write) refers to mygpio.o(i.isConfiguredAsOutput) for isConfiguredAsOutput
    mygpio.o(i.configureAsOutput) refers to mygpio.o(i.getPositionForPinInRegister) for getPositionForPinInRegister
    mygpio.o(i.isConfiguredAsOutput) refers to mygpio.o(i.moderMask) for moderMask
    mygpio.o(i.moderMask) refers to mygpio.o(i.getPositionForPinInRegister) for getPositionForPinInRegister
    test_mygpio.o(i.assertBitsAreLOW) refers to unity.o(i.UnityAssertBits) for UnityAssertBits
    test_mygpio.o(i.assertOnlyTheseBitsHigh) refers to unity.o(i.UnityAssertBits) for UnityAssertBits
    test_mygpio.o(i.assertOnlyTheseBitsHigh) refers to test_mygpio.o(i.assertBitsAreLOW) for assertBitsAreLOW
    test_mygpio.o(i.pinToMODER_OutAllPins) refers to test_mygpio.o(i.pinToMODER_Out) for pinToMODER_Out
    test_mygpio.o(i.setUp) refers to rt_memclr_w.o(.text) for __aeabi_memclr4
    test_mygpio.o(i.setUp) refers to test_mygpio.o(.bss) for FakeGPIOA
    test_mygpio.o(i.test_MyGPIO_ConstantsAreCorrect) refers to unity.o(i.UnityAssertEqualNumber) for UnityAssertEqualNumber
    test_mygpio.o(i.test_MyGPIO_ConstantsAreCorrect) refers to rt_memcpy_w.o(.text) for __aeabi_memcpy4
    test_mygpio.o(i.test_MyGPIO_ConstantsAreCorrect) refers to test_mygpio.o(.constdata) for .constdata
    test_mygpio.o(i.test_MyGPIO_InitPinOutsideRangeReturnsNullPtr) refers to test_mygpio.o(i.posToBits) for posToBits
    test_mygpio.o(i.test_MyGPIO_InitPinOutsideRangeReturnsNullPtr) refers to mygpio.o(i.MyGPIO_Init) for MyGPIO_Init
    test_mygpio.o(i.test_MyGPIO_InitPinOutsideRangeReturnsNullPtr) refers to unity.o(i.UnityAssertEqualNumber) for UnityAssertEqualNumber
    test_mygpio.o(i.test_MyGPIO_InitPinOutsideRangeReturnsNullPtr) refers to test_mygpio.o(i.assertOnlyTheseBitsHigh) for assertOnlyTheseBitsHigh
    test_mygpio.o(i.test_MyGPIO_InitPinOutsideRangeReturnsNullPtr) refers to test_mygpio.o(.bss) for FakeGPIOA
    test_mygpio.o(i.test_MyGPIO_MultiplePortsMayBeInitialisedAsOutput) refers to mygpio.o(i.MyGPIO_Init) for MyGPIO_Init
    test_mygpio.o(i.test_MyGPIO_MultiplePortsMayBeInitialisedAsOutput) refers to mygpio.o(i.MyGPIO_Write) for MyGPIO_Write
    test_mygpio.o(i.test_MyGPIO_MultiplePortsMayBeInitialisedAsOutput) refers to unity.o(i.UnityAssertEqualNumber) for UnityAssertEqualNumber
    test_mygpio.o(i.test_MyGPIO_MultiplePortsMayBeInitialisedAsOutput) refers to test_mygpio.o(i.posToBits) for posToBits
    test_mygpio.o(i.test_MyGPIO_MultiplePortsMayBeInitialisedAsOutput) refers to test_mygpio.o(i.assertOnlyTheseBitsHigh) for assertOnlyTheseBitsHigh
    test_mygpio.o(i.test_MyGPIO_MultiplePortsMayBeInitialisedAsOutput) refers to test_mygpio.o(.bss) for FakeGPIOA
    test_mygpio.o(i.test_MyGPIO_OutputCanBeSetHighWhenCalledMultipleTimes) refers to mygpio.o(i.MyGPIO_Init) for MyGPIO_Init
    test_mygpio.o(i.test_MyGPIO_OutputCanBeSetHighWhenCalledMultipleTimes) refers to mygpio.o(i.MyGPIO_Write) for MyGPIO_Write
    test_mygpio.o(i.test_MyGPIO_OutputCanBeSetHighWhenCalledMultipleTimes) refers to unity.o(i.UnityAssertEqualNumber) for UnityAssertEqualNumber
    test_mygpio.o(i.test_MyGPIO_OutputCanBeSetHighWhenCalledMultipleTimes) refers to test_mygpio.o(i.posToBits) for posToBits
    test_mygpio.o(i.test_MyGPIO_OutputCanBeSetHighWhenCalledMultipleTimes) refers to test_mygpio.o(i.assertOnlyTheseBitsHigh) for assertOnlyTheseBitsHigh
    test_mygpio.o(i.test_MyGPIO_OutputCanBeSetHighWhenCalledMultipleTimes) refers to test_mygpio.o(.bss) for FakeGPIOA
    test_mygpio.o(i.test_MyGPIO_OutputCanBeSetLowWhenCalledMultipleTimes) refers to mygpio.o(i.MyGPIO_Init) for MyGPIO_Init
    test_mygpio.o(i.test_MyGPIO_OutputCanBeSetLowWhenCalledMultipleTimes) refers to mygpio.o(i.MyGPIO_Write) for MyGPIO_Write
    test_mygpio.o(i.test_MyGPIO_OutputCanBeSetLowWhenCalledMultipleTimes) refers to unity.o(i.UnityAssertEqualNumber) for UnityAssertEqualNumber
    test_mygpio.o(i.test_MyGPIO_OutputCanBeSetLowWhenCalledMultipleTimes) refers to test_mygpio.o(i.posToBits) for posToBits
    test_mygpio.o(i.test_MyGPIO_OutputCanBeSetLowWhenCalledMultipleTimes) refers to test_mygpio.o(i.assertOnlyTheseBitsHigh) for assertOnlyTheseBitsHigh
    test_mygpio.o(i.test_MyGPIO_OutputCanBeSetLowWhenCalledMultipleTimes) refers to test_mygpio.o(.bss) for FakeGPIOA
    test_mygpio.o(i.test_MyGPIO_OutputCanBeSetLow_1Pin) refers to mygpio.o(i.MyGPIO_Init) for MyGPIO_Init
    test_mygpio.o(i.test_MyGPIO_OutputCanBeSetLow_1Pin) refers to mygpio.o(i.MyGPIO_Write) for MyGPIO_Write
[...]
    Removing unity.o(i.UnityAssertEqualString), (140 bytes).
    Removing unity.o(i.UnityAssertEqualStringArray), (292 bytes).
    Removing unity.o(i.UnityAssertEqualStringLen), (152 bytes).
    Removing unity.o(i.UnityAssertFloatSpecial), (320 bytes).
    Removing unity.o(i.UnityAssertFloatsNotWithin), (144 bytes).
    Removing unity.o(i.UnityAssertFloatsWithin), (148 bytes).
    Removing unity.o(i.UnityAssertGreaterOrLessFloat), (244 bytes).
    Removing unity.o(i.UnityAssertGreaterOrLessOrEqualNumber), (264 bytes).
    Removing unity.o(i.UnityAssertNumbersArrayWithin), (528 bytes).
    Removing unity.o(i.UnityAssertNumbersWithin), (228 bytes).
    Removing unity.o(i.UnityDefaultTestRun), (80 bytes).
    Removing unity.o(i.UnityFail), (164 bytes).
    Removing unity.o(i.UnityFloatToPtr), (12 bytes).
    Removing unity.o(i.UnityFloatsWithin), (184 bytes).
    Removing unity.o(i.UnityIgnore), (100 bytes).
    Removing unity.o(i.UnityIsOneArrayNull), (84 bytes).
    Removing unity.o(i.UnityMessage), (72 bytes).
    Removing unity.o(i.UnityNumToPtr), (44 bytes).
    Removing unity.o(i.UnityPrintExpectedAndActualStrings), (100 bytes).
    Removing unity.o(i.UnityPrintExpectedAndActualStringsLen), (108 bytes).
    Removing unity.o(i.UnityPrintFloat), (716 bytes).
    Removing unity.o(i.UnityPrintLen), (128 bytes).
    Removing unity.o(i.UnitySetTestFile), (12 bytes).
    Removing unity.o(i.__ARM_isinff), (20 bytes).
    Removing unity.o(i.__ARM_isnanf), (14 bytes).
    Removing unity.o(.data), (4 bytes).
    Removing system_stm32f4xx.o(.rev16_text), (4 bytes).
    Removing system_stm32f4xx.o(.revsh_text), (4 bytes).
    Removing system_stm32f4xx.o(.rrx_text), (6 bytes).
    Removing system_stm32f4xx.o(i.SystemCoreClockUpdate), (192 bytes).
    Removing system_stm32f4xx.o(.constdata), (24 bytes).
    Removing system_stm32f4xx.o(.data), (4 bytes).

44 unused section(s) (total 5668 bytes) removed from the image.

==============================================================================

Image Symbol Table

    Local Symbols

    Symbol Name                              Value     Ov Type        Size  Object(Section)

    ../clib/angel/boardlib.s                 0x00000000   Number         0  boardinit1.o ABSOLUTE
    ../clib/angel/boardlib.s                 0x00000000   Number         0  boardinit2.o ABSOLUTE
    ../clib/angel/boardlib.s                 0x00000000   Number         0  boardinit3.o ABSOLUTE
    ../clib/angel/boardlib.s                 0x00000000   Number         0  boardshut.o ABSOLUTE
    ../clib/angel/handlers.s                 0x00000000   Number         0  __scatter_zi.o ABSOLUTE
    ../clib/angel/handlers.s                 0x00000000   Number         0  __scatter_copy.o ABSOLUTE
    ../clib/angel/kernel.s                   0x00000000   Number         0  __rtentry2.o ABSOLUTE
    ../clib/angel/kernel.s                   0x00000000   Number         0  __rtentry4.o ABSOLUTE
    ../clib/angel/kernel.s                   0x00000000   Number         0  rtexit2.o ABSOLUTE
    ../clib/angel/kernel.s                   0x00000000   Number         0  rtexit.o ABSOLUTE
    ../clib/angel/kernel.s                   0x00000000   Number         0  __rtentry.o ABSOLUTE
    ../clib/angel/rt.s                       0x00000000   Number         0  rt_heap_descriptor.o ABSOLUTE
    ../clib/angel/rt.s                       0x00000000   Number         0  rt_raise.o ABSOLUTE
    ../clib/angel/rt.s                       0x00000000   Number         0  rt_errno_addr.o ABSOLUTE
    ../clib/angel/rt.s                       0x00000000   Number         0  rt_errno_addr_intlibspace.o ABSOLUTE
    ../clib/angel/rt.s                       0x00000000   Number         0  rt_heap_descriptor_intlibspace.o ABSOLUTE
    ../clib/angel/scatter.s                  0x00000000   Number         0  __scatter.o ABSOLUTE
    ../clib/angel/startup.s                  0x00000000   Number         0  __main.o ABSOLUTE
    ../clib/angel/sys.s                      0x00000000   Number         0  mutex_dummy.o ABSOLUTE
    ../clib/angel/sys.s                      0x00000000   Number         0  sys_stackheap_outer.o ABSOLUTE
    ../clib/angel/sys.s                      0x00000000   Number         0  indicate_semi.o ABSOLUTE
    ../clib/angel/sys.s                      0x00000000   Number         0  use_no_semi.o ABSOLUTE
    ../clib/angel/sys.s                      0x00000000   Number         0  libspace.o ABSOLUTE
    ../clib/angel/sysapp.c                   0x00000000   Number         0  sys_wrch.o ABSOLUTE
    ../clib/angel/sysapp.c                   0x00000000   Number         0  sys_command.o ABSOLUTE
    ../clib/angel/sysapp.c                   0x00000000   Number         0  sys_exit.o ABSOLUTE
    ../clib/angel/sysapp.c                   0x00000000   Number         0  sys_io.o ABSOLUTE
    ../clib/armsys.c                         0x00000000   Number         0  no_argv.o ABSOLUTE
    ../clib/armsys.c                         0x00000000   Number         0  argv_veneer.o ABSOLUTE
    ../clib/armsys.c                         0x00000000   Number         0  argv_veneer.o ABSOLUTE
    ../clib/armsys.c                         0x00000000   Number         0  _get_argv_nomalloc.o ABSOLUTE
    ../clib/armsys.c                         0x00000000   Number         0  _get_argv.o ABSOLUTE
    ../clib/assert.c                         0x00000000   Number         0  assert_stdio.o ABSOLUTE
    ../clib/heap1.c                          0x00000000   Number         0  h1_final.o ABSOLUTE
    ../clib/heap1.c                          0x00000000   Number         0  h1_free.o ABSOLUTE
    ../clib/heap1.c                          0x00000000   Number         0  h1_init.o ABSOLUTE
    ../clib/heap1.c                          0x00000000   Number         0  h1_extend.o ABSOLUTE
    ../clib/heap1.c                          0x00000000   Number         0  h1_extend_mt.o ABSOLUTE
    ../clib/heap1.c                          0x00000000   Number         0  h1_free_mt.o ABSOLUTE
    ../clib/heap1.c                          0x00000000   Number         0  h1_final_mt.o ABSOLUTE
    ../clib/heap1.c                          0x00000000   Number         0  h1_init_mt.o ABSOLUTE
    ../clib/heap1.c                          0x00000000   Number         0  h1_alloc.o ABSOLUTE
    ../clib/heap1.c                          0x00000000   Number         0  h1_alloc_mt.o ABSOLUTE
    ../clib/heap2.c                          0x00000000   Number         0  heap2.o ABSOLUTE
    ../clib/heap2.c                          0x00000000   Number         0  heap2mt.o ABSOLUTE
    ../clib/heap2.c                          0x00000000   Number         0  fdtree.o ABSOLUTE
    ../clib/heapalloc.c                      0x00000000   Number         0  term_alloc.o ABSOLUTE
    ../clib/heapalloc.c                      0x00000000   Number         0  hrguard.o ABSOLUTE
    ../clib/heapalloc.c                      0x00000000   Number         0  maybetermalloc1.o ABSOLUTE
    ../clib/heapalloc.c                      0x00000000   Number         0  maybetermalloc2.o ABSOLUTE
    ../clib/heapalloc.c                      0x00000000   Number         0  maybetermalloc2.o ABSOLUTE
    ../clib/heapalloc.c                      0x00000000   Number         0  free.o ABSOLUTE
    ../clib/heapalloc.c                      0x00000000   Number         0  maybetermalloc1.o ABSOLUTE
    ../clib/heapalloc.c                      0x00000000   Number         0  init_alloc.o ABSOLUTE
    ../clib/heapalloc.c                      0x00000000   Number         0  malloc.o ABSOLUTE
    ../clib/heapalloc.c                      0x00000000   Number         0  heapstubs.o ABSOLUTE
    ../clib/heapalloc.c                      0x00000000   Number         0  hguard.o ABSOLUTE
    ../clib/heapaux.c                        0x00000000   Number         0  heapauxi.o ABSOLUTE
    ../clib/heapaux.c                        0x00000000   Number         0  heapauxa.o ABSOLUTE
    ../clib/libinit.s                        0x00000000   Number         0  libshutdown.o ABSOLUTE
    ../clib/libinit.s                        0x00000000   Number         0  libinit.o ABSOLUTE
    ../clib/libinit.s                        0x00000000   Number         0  libshutdown2.o ABSOLUTE
    ../clib/libinit.s                        0x00000000   Number         0  libinit2.o ABSOLUTE
    ../clib/memcpset.s                       0x00000000   Number         0  rt_memclr_w.o ABSOLUTE
    ../clib/memcpset.s                       0x00000000   Number         0  rt_memcpy_w.o ABSOLUTE
    ../clib/memcpset.s                       0x00000000   Number         0  rt_memcpy_v6.o ABSOLUTE
    ../clib/signal.c                         0x00000000   Number         0  defsig_other.o ABSOLUTE
    ../clib/signal.c                         0x00000000   Number         0  defsig_segv_inner.o ABSOLUTE
    ../clib/signal.c                         0x00000000   Number         0  defsig_cppl_inner.o ABSOLUTE
    ../clib/signal.c                         0x00000000   Number         0  defsig_abrt_inner.o ABSOLUTE
    ../clib/signal.c                         0x00000000   Number         0  defsig_rtred_inner.o ABSOLUTE
    ../clib/signal.c                         0x00000000   Number         0  defsig_exit.o ABSOLUTE
    ../clib/signal.c                         0x00000000   Number         0  defsig_rtmem_outer.o ABSOLUTE
    ../clib/signal.c                         0x00000000   Number         0  defsig_fpe_inner.o ABSOLUTE
    ../clib/signal.c                         0x00000000   Number         0  __raise.o ABSOLUTE
    ../clib/signal.c                         0x00000000   Number         0  defsig_stak_inner.o ABSOLUTE
    ../clib/signal.c                         0x00000000   Number         0  defsig_general.o ABSOLUTE
    ../clib/signal.c                         0x00000000   Number         0  defsig_rtmem_formal.o ABSOLUTE
    ../clib/signal.c                         0x00000000   Number         0  defsig_rtmem_inner.o ABSOLUTE
    ../clib/signal.c                         0x00000000   Number         0  defsig_rtred_outer.o ABSOLUTE
    ../clib/signal.c                         0x00000000   Number         0  defsig_pvfn_inner.o ABSOLUTE
    ../clib/signal.c                         0x00000000   Number         0  defsig_rtred_formal.o ABSOLUTE
    ../clib/signal.s                         0x00000000   Number         0  defsig.o ABSOLUTE
    ../clib/stdio.c                          0x00000000   Number         0  fputs.o ABSOLUTE
    ../clib/stdio.c                          0x00000000   Number         0  ftell.o ABSOLUTE
    ../clib/stdio.c                          0x00000000   Number         0  fputs_locked.o ABSOLUTE
    ../clib/stdio.c                          0x00000000   Number         0  fwritefast_locked.o ABSOLUTE
    ../clib/stdio.c                          0x00000000   Number         0  fwritefast.o ABSOLUTE
    ../clib/stdio.c                          0x00000000   Number         0  stdio.o ABSOLUTE
    ../clib/stdio.c                          0x00000000   Number         0  flsbuf.o ABSOLUTE
    ../clib/stdio.c                          0x00000000   Number         0  fflush_locked.o ABSOLUTE
    ../clib/stdio.c                          0x00000000   Number         0  fseek.o ABSOLUTE
    ../clib/stdio.c                          0x00000000   Number         0  setvbuf_locked.o ABSOLUTE
    ../clib/stdio.c                          0x00000000   Number         0  fclose.o ABSOLUTE
    ../clib/stdio.c                          0x00000000   Number         0  stdio_streams.o ABSOLUTE
    ../clib/stdio.c                          0x00000000   Number         0  putc.o ABSOLUTE
    ../clib/stdio.c                          0x00000000   Number         0  fopen.o ABSOLUTE
    ../clib/stdio.c                          0x00000000   Number         0  streamlock.o ABSOLUTE
    ../clib/stdio.c                          0x00000000   Number         0  setvbuf.o ABSOLUTE
    ../clib/stdio.c                          0x00000000   Number         0  fputc.o ABSOLUTE
    ../clib/stdio.c                          0x00000000   Number         0  initio.o ABSOLUTE
    ../clib/stdio.c                          0x00000000   Number         0  fputc_locked.o ABSOLUTE
    ../clib/stdio.c                          0x00000000   Number         0  initio_locked.o ABSOLUTE
    ../clib/stdio.c                          0x00000000   Number         0  fopen_locked.o ABSOLUTE
    ../clib/stdio.c                          0x00000000   Number         0  fflush.o ABSOLUTE
    ../clib/stdlib.c                         0x00000000   Number         0  exit.o ABSOLUTE
    ../clib/string.c                         0x00000000   Number         0  strlen.o ABSOLUTE
    ../clib/wchar.c                          0x00000000   Number         0  flsbuf_fwide.o ABSOLUTE
    ../fplib/fpinit.s                        0x00000000   Number         0  fpinit.o ABSOLUTE
    ../fplib/setjmp.s                        0x00000000   Number         0  setjmp.o ABSOLUTE
    C:\DEV\Unity\src\unity.c                 0x00000000   Number         0  unity.o ABSOLUTE
    RTE\Device\STM32F407VGTx\startup_stm32f407xx.s 0x00000000   Number         0  startup_stm32f407xx.o ABSOLUTE
    RTE\Device\STM32F407VGTx\system_stm32f4xx.c 0x00000000   Number         0  system_stm32f4xx.o ABSOLUTE
    RTE\\Device\\STM32F407VGTx\\system_stm32f4xx.c 0x00000000   Number         0  system_stm32f4xx.o ABSOLUTE
    build\test\runners\test_MyGPIO_runner.c  0x00000000   Number         0  test_mygpio_runner.o ABSOLUTE
    build\test\runners\test_MyRCC_runner.c   0x00000000   Number         0  test_myrcc_runner.o ABSOLUTE
    dc.s                                     0x00000000   Number         0  dc.o ABSOLUTE
    src\MyGPIO.c                             0x00000000   Number         0  mygpio.o ABSOLUTE
    src\MyRCC.c                              0x00000000   Number         0  myrcc.o ABSOLUTE
    src\\MyGPIO.c                            0x00000000   Number         0  mygpio.o ABSOLUTE
    test\\test_MyGPIO.c                      0x00000000   Number         0  test_mygpio.o ABSOLUTE
    test\test_MyGPIO.c                       0x00000000   Number         0  test_mygpio.o ABSOLUTE
    test\test_MyRCC.c                        0x00000000   Number         0  test_myrcc.o ABSOLUTE
    RESET                                    0x08000000   Section      392  startup_stm32f407xx.o(RESET)
    !!!main                                  0x08000188   Section        8  __main.o(!!!main)
    !!!scatter                               0x08000190   Section       52  __scatter.o(!!!scatter)
    !!handler_copy                           0x080001c4   Section       26  __scatter_copy.o(!!handler_copy)
    !!handler_zi                             0x080001e0   Section       28  __scatter_zi.o(!!handler_zi)
    .ARM.Collect$$libinit$$00000000          0x080001fc   Section        2  libinit.o(.ARM.Collect$$libinit$$00000000)
    .ARM.Collect$$libinit$$00000001          0x080001fe   Section        4  libinit2.o(.ARM.Collect$$libinit$$00000001)
    .ARM.Collect$$libinit$$00000004          0x08000202   Section        0  libinit2.o(.ARM.Collect$$libinit$$00000004)
    .ARM.Collect$$libinit$$00000005          0x08000202   Section        8  libinit2.o(.ARM.Collect$$libinit$$00000005)
    .ARM.Collect$$libinit$$0000000A          0x0800020a   Section        0  libinit2.o(.ARM.Collect$$libinit$$0000000A)
    .ARM.Collect$$libinit$$0000000C          0x0800020a   Section        0  libinit2.o(.ARM.Collect$$libinit$$0000000C)
    .ARM.Collect$$libinit$$0000000E          0x0800020a   Section        0  libinit2.o(.ARM.Collect$$libinit$$0000000E)
    .ARM.Collect$$libinit$$00000011          0x0800020a   Section        0  libinit2.o(.ARM.Collect$$libinit$$00000011)
    .ARM.Collect$$libinit$$00000013          0x0800020a   Section        0  libinit2.o(.ARM.Collect$$libinit$$00000013)
    .ARM.Collect$$libinit$$00000015          0x0800020a   Section        0  libinit2.o(.ARM.Collect$$libinit$$00000015)
    .ARM.Collect$$libinit$$00000017          0x0800020a   Section        0  libinit2.o(.ARM.Collect$$libinit$$00000017)
    .ARM.Collect$$libinit$$00000019          0x0800020a   Section        0  libinit2.o(.ARM.Collect$$libinit$$00000019)
    .ARM.Collect$$libinit$$0000001B          0x0800020a   Section        0  libinit2.o(.ARM.Collect$$libinit$$0000001B)
    .ARM.Collect$$libinit$$0000001D          0x0800020a   Section        0  libinit2.o(.ARM.Collect$$libinit$$0000001D)
    .ARM.Collect$$libinit$$0000001F          0x0800020a   Section        0  libinit2.o(.ARM.Collect$$libinit$$0000001F)
    .ARM.Collect$$libinit$$00000021          0x0800020a   Section        0  libinit2.o(.ARM.Collect$$libinit$$00000021)
    .ARM.Collect$$libinit$$00000023          0x0800020a   Section        0  libinit2.o(.ARM.Collect$$libinit$$00000023)
    .ARM.Collect$$libinit$$00000024          0x0800020a   Section        4  libinit2.o(.ARM.Collect$$libinit$$00000024)
    .ARM.Collect$$libinit$$00000025          0x0800020e   Section        0  libinit2.o(.ARM.Collect$$libinit$$00000025)
    .ARM.Collect$$libinit$$0000002C          0x0800020e   Section        0  libinit2.o(.ARM.Collect$$libinit$$0000002C)
    .ARM.Collect$$libinit$$0000002E          0x0800020e   Section        0  libinit2.o(.ARM.Collect$$libinit$$0000002E)
    .ARM.Collect$$libinit$$00000030          0x0800020e   Section        0  libinit2.o(.ARM.Collect$$libinit$$00000030)
    .ARM.Collect$$libinit$$00000032          0x0800020e   Section        0  libinit2.o(.ARM.Collect$$libinit$$00000032)
    .ARM.Collect$$libinit$$00000033          0x0800020e   Section        2  libinit2.o(.ARM.Collect$$libinit$$00000033)
    .ARM.Collect$$libshutdown$$00000000      0x08000210   Section        2  libshutdown.o(.ARM.Collect$$libshutdown$$00000000)
    .ARM.Collect$$libshutdown$$00000002      0x08000212   Section        0  libshutdown2.o(.ARM.Collect$$libshutdown$$00000002)
    .ARM.Collect$$libshutdown$$00000003      0x08000212   Section        4  libshutdown2.o(.ARM.Collect$$libshutdown$$00000003)
    .ARM.Collect$$libshutdown$$00000004      0x08000216   Section        0  libshutdown2.o(.ARM.Collect$$libshutdown$$00000004)
    .ARM.Collect$$libshutdown$$00000007      0x08000216   Section        0  libshutdown2.o(.ARM.Collect$$libshutdown$$00000007)
    .ARM.Collect$$libshutdown$$0000000A      0x08000216   Section        0  libshutdown2.o(.ARM.Collect$$libshutdown$$0000000A)
    .ARM.Collect$$libshutdown$$0000000C      0x08000216   Section        0  libshutdown2.o(.ARM.Collect$$libshutdown$$0000000C)
    .ARM.Collect$$libshutdown$$0000000F      0x08000216   Section        0  libshutdown2.o(.ARM.Collect$$libshutdown$$0000000F)
    .ARM.Collect$$libshutdown$$00000010      0x08000216   Section        2  libshutdown2.o(.ARM.Collect$$libshutdown$$00000010)
    .ARM.Collect$$rtentry$$00000000          0x08000218   Section        0  __rtentry.o(.ARM.Collect$$rtentry$$00000000)
    .ARM.Collect$$rtentry$$00000002          0x08000218   Section        0  __rtentry2.o(.ARM.Collect$$rtentry$$00000002)
    .ARM.Collect$$rtentry$$00000004          0x08000218   Section        6  __rtentry4.o(.ARM.Collect$$rtentry$$00000004)
    .ARM.Collect$$rtentry$$00000009          0x0800021e   Section        0  __rtentry2.o(.ARM.Collect$$rtentry$$00000009)
    .ARM.Collect$$rtentry$$0000000A          0x0800021e   Section        4  __rtentry2.o(.ARM.Collect$$rtentry$$0000000A)
    .ARM.Collect$$rtentry$$0000000C          0x08000222   Section        0  __rtentry2.o(.ARM.Collect$$rtentry$$0000000C)
    .ARM.Collect$$rtentry$$0000000D          0x08000222   Section        8  __rtentry2.o(.ARM.Collect$$rtentry$$0000000D)
    .ARM.Collect$$rtexit$$00000000           0x0800022a   Section        2  rtexit.o(.ARM.Collect$$rtexit$$00000000)
    .ARM.Collect$$rtexit$$00000002           0x0800022c   Section        0  rtexit2.o(.ARM.Collect$$rtexit$$00000002)
    .ARM.Collect$$rtexit$$00000003           0x0800022c   Section        4  rtexit2.o(.ARM.Collect$$rtexit$$00000003)
    .ARM.Collect$$rtexit$$00000004           0x08000230   Section        6  rtexit2.o(.ARM.Collect$$rtexit$$00000004)
    .emb_text                                0x08000238   Section        0  maybetermalloc1.o(.emb_text)
    .text                                    0x08000238   Section       64  startup_stm32f407xx.o(.text)
    $v0                                      0x08000238   Number         0  startup_stm32f407xx.o(.text)
    .text                                    0x08000278   Section        0  putc.o(.text)
    .text                                    0x0800027c   Section      100  rt_memcpy_w.o(.text)
    .text                                    0x080002e0   Section       78  rt_memclr_w.o(.text)
    .text                                    0x0800032e   Section        0  heapauxi.o(.text)
    .text                                    0x08000334   Section       98  setjmp.o(.text)
    $v0                                      0x08000334   Number         0  setjmp.o(.text)
    .text                                    0x08000398   Section        0  initio.o(.text)
    .text                                    0x080004d0   Section        0  sys_io.o(.text)
    .text                                    0x08000536   Section        0  h1_free.o(.text)
    .text                                    0x08000584   Section        0  flsbuf.o(.text)
    .text                                    0x0800075a   Section        0  setvbuf.o(.text)
    .text                                    0x080007a0   Section        0  fopen.o(.text)
    _freopen_locked                          0x080007a1   Thumb Code     0  fopen.o(.text)
    .text                                    0x0800088c   Section        0  fclose.o(.text)
    .text                                    0x080008d8   Section        0  defsig_rtred_outer.o(.text)
    .text                                    0x080008e6   Section        2  use_no_semi.o(.text)
    .text                                    0x080008e8   Section        0  indicate_semi.o(.text)
    .text                                    0x080008e8   Section       74  sys_stackheap_outer.o(.text)
    .text                                    0x08000934   Section        8  rt_heap_descriptor_intlibspace.o(.text)
    .text                                    0x0800093c   Section        0  hguard.o(.text)
    .text                                    0x08000940   Section        0  init_alloc.o(.text)
    .text                                    0x080009ca   Section        0  h1_alloc.o(.text)
    .text                                    0x08000a28   Section        0  fseek.o(.text)
    .text                                    0x08000b20   Section        0  stdio.o(.text)
    .text                                    0x08000c10   Section        0  exit.o(.text)
    .text                                    0x08000c22   Section        0  defsig_exit.o(.text)
    .text                                    0x08000c2c   Section        0  defsig_rtred_inner.o(.text)
    .text                                    0x08000c60   Section        0  strlen.o(.text)
    .text                                    0x08000ca0   Section        0  sys_exit.o(.text)
    .text                                    0x08000cac   Section        8  libspace.o(.text)
    .text                                    0x08000cb4   Section        0  h1_init.o(.text)
    .text                                    0x08000cc2   Section        0  h1_extend.o(.text)
    .text                                    0x08000cf6   Section        0  ftell.o(.text)
    .text                                    0x08000d38   Section        0  defsig_general.o(.text)
    .text                                    0x08000d6a   Section        0  defsig_rtmem_outer.o(.text)
    .text                                    0x08000d78   Section        0  sys_wrch.o(.text)
    .text                                    0x08000d88   Section        8  rt_errno_addr_intlibspace.o(.text)
    .text                                    0x08000d90   Section        0  defsig_rtmem_inner.o(.text)
    i.CMock_Destroy                          0x08000de0   Section        0  test_mygpio_runner.o(i.CMock_Destroy)
    CMock_Destroy                            0x08000de1   Thumb Code     2  test_mygpio_runner.o(i.CMock_Destroy)
    i.CMock_Init                             0x08000de4   Section        0  test_mygpio_runner.o(i.CMock_Init)
    CMock_Init                               0x08000de5   Thumb Code    16  test_mygpio_runner.o(i.CMock_Init)
    i.CMock_Verify                           0x08000e00   Section        0  test_mygpio_runner.o(i.CMock_Verify)
    CMock_Verify                             0x08000e01   Thumb Code     2  test_mygpio_runner.o(i.CMock_Verify)
    i.MyGPIO_Init                            0x08000e02   Section        0  mygpio.o(i.MyGPIO_Init)
    i.MyGPIO_Write                           0x08000e30   Section        0  mygpio.o(i.MyGPIO_Write)
    i.SystemInit                             0x08000e84   Section        0  system_stm32f4xx.o(i.SystemInit)
    i.UnityAddMsgIfSpecified                 0x08000ee8   Section        0  unity.o(i.UnityAddMsgIfSpecified)
    UnityAddMsgIfSpecified                   0x08000ee9   Thumb Code    66  unity.o(i.UnityAddMsgIfSpecified)
    i.UnityAssertBits                        0x08000f3c   Section        0  unity.o(i.UnityAssertBits)
    i.UnityAssertEqualNumber                 0x08000fbc   Section        0  unity.o(i.UnityAssertEqualNumber)
    i.UnityBegin                             0x08001034   Section        0  unity.o(i.UnityBegin)
    i.UnityConcludeTest                      0x08001058   Section        0  unity.o(i.UnityConcludeTest)
    i.UnityEnd                               0x080010b0   Section        0  unity.o(i.UnityEnd)
    i.UnityPrint                             0x0800113c   Section        0  unity.o(i.UnityPrint)
    i.UnityPrintChar                         0x08001158   Section        0  unity.o(i.UnityPrintChar)
    UnityPrintChar                           0x08001159   Thumb Code   100  unity.o(i.UnityPrintChar)
    i.UnityPrintMask                         0x080011c0   Section        0  unity.o(i.UnityPrintMask)
    i.UnityPrintNumber                       0x08001208   Section        0  unity.o(i.UnityPrintNumber)
    i.UnityPrintNumberByStyle                0x0800122c   Section        0  unity.o(i.UnityPrintNumberByStyle)
    i.UnityPrintNumberHex                    0x080012e0   Section        0  unity.o(i.UnityPrintNumberHex)
    i.UnityPrintNumberUnsigned               0x0800132c   Section        0  unity.o(i.UnityPrintNumberUnsigned)
    i.UnityTestResultsBegin                  0x08001370   Section        0  unity.o(i.UnityTestResultsBegin)
    UnityTestResultsBegin                    0x08001371   Thumb Code    52  unity.o(i.UnityTestResultsBegin)
    i.UnityTestResultsFailBegin              0x080013ac   Section        0  unity.o(i.UnityTestResultsFailBegin)
    UnityTestResultsFailBegin                0x080013ad   Thumb Code    30  unity.o(i.UnityTestResultsFailBegin)
    i.assertBitsAreLOW                       0x080013d8   Section        0  test_mygpio.o(i.assertBitsAreLOW)
    assertBitsAreLOW                         0x080013d9   Thumb Code    22  test_mygpio.o(i.assertBitsAreLOW)
    i.assertOnlyTheseBitsHigh                0x080013ee   Section        0  test_mygpio.o(i.assertOnlyTheseBitsHigh)
    assertOnlyTheseBitsHigh                  0x080013ef   Thumb Code    32  test_mygpio.o(i.assertOnlyTheseBitsHigh)
    i.configureAsOutput                      0x0800140e   Section        0  mygpio.o(i.configureAsOutput)
    configureAsOutput                        0x0800140f   Thumb Code    28  mygpio.o(i.configureAsOutput)
    i.fputc                                  0x0800142a   Section        0  fputc.o(i.fputc)
    i.getPositionForPinInRegister            0x08001444   Section        0  mygpio.o(i.getPositionForPinInRegister)
    getPositionForPinInRegister              0x08001445   Thumb Code     8  mygpio.o(i.getPositionForPinInRegister)
    i.isConfiguredAsOutput                   0x0800144c   Section        0  mygpio.o(i.isConfiguredAsOutput)
    isConfiguredAsOutput                     0x0800144d   Thumb Code    52  mygpio.o(i.isConfiguredAsOutput)
    i.main                                   0x08001480   Section        0  test_mygpio_runner.o(i.main)
    i.moderMask                              0x08001730   Section        0  mygpio.o(i.moderMask)
    moderMask                                0x08001731   Thumb Code    20  mygpio.o(i.moderMask)
    i.pinInMask                              0x08001744   Section        0  mygpio.o(i.pinInMask)
    pinInMask                                0x08001745   Thumb Code    10  mygpio.o(i.pinInMask)
    i.pinToMODER_Out                         0x0800174e   Section        0  test_mygpio.o(i.pinToMODER_Out)
    pinToMODER_Out                           0x0800174f   Thumb Code    10  test_mygpio.o(i.pinToMODER_Out)
    i.pinToMODER_OutAllPins                  0x08001758   Section        0  test_mygpio.o(i.pinToMODER_OutAllPins)
    pinToMODER_OutAllPins                    0x08001759   Thumb Code    34  test_mygpio.o(i.pinToMODER_OutAllPins)
    i.posToBits                              0x0800177a   Section        0  test_mygpio.o(i.posToBits)
    posToBits                                0x0800177b   Thumb Code     8  test_mygpio.o(i.posToBits)
    i.run_test                               0x08001784   Section        0  test_mygpio_runner.o(i.run_test)
    run_test                                 0x08001785   Thumb Code    88  test_mygpio_runner.o(i.run_test)
    i.setUp                                  0x080017e0   Section        0  test_mygpio.o(i.setUp)
    i.tearDown                               0x080017fc   Section        0  test_mygpio.o(i.tearDown)
    i.test_MyGPIO_ConstantsAreCorrect        0x08001800   Section        0  test_mygpio.o(i.test_MyGPIO_ConstantsAreCorrect)
    i.test_MyGPIO_InitPinOutsideRangeReturnsNullPtr 0x08001868   Section        0  test_mygpio.o(i.test_MyGPIO_InitPinOutsideRangeReturnsNullPtr)
    i.test_MyGPIO_MultiplePortsMayBeInitialisedAsOutput 0x080018d0   Section        0  test_mygpio.o(i.test_MyGPIO_MultiplePortsMayBeInitialisedAsOutput)
    i.test_MyGPIO_OutputCanBeSetHighWhenCalledMultipleTimes 0x08001964   Section        0  test_mygpio.o(i.test_MyGPIO_OutputCanBeSetHighWhenCalledMultipleTimes)
    i.test_MyGPIO_OutputCanBeSetLowWhenCalledMultipleTimes 0x080019f0   Section        0  test_mygpio.o(i.test_MyGPIO_OutputCanBeSetLowWhenCalledMultipleTimes)
    i.test_MyGPIO_OutputCanBeSetLow_1Pin     0x08001a7c   Section        0  test_mygpio.o(i.test_MyGPIO_OutputCanBeSetLow_1Pin)
    i.test_MyGPIO_OutputIsInitialisedCorrectlyWhen1PinPassedIn 0x08001ae0   Section        0  test_mygpio.o(i.test_MyGPIO_OutputIsInitialisedCorrectlyWhen1PinPassedIn)
    i.test_MyGPIO_OutputIsInitialisedCorrectlyWhenAllPinsPassedInSameTime 0x08001b04   Section        0  test_mygpio.o(i.test_MyGPIO_OutputIsInitialisedCorrectlyWhenAllPinsPassedInSameTime)
    i.test_MyGPIO_OutputIsInitialisedCorrectlyWhenMultiplePinsPassedIn 0x08001b28   Section        0  test_mygpio.o(i.test_MyGPIO_OutputIsInitialisedCorrectlyWhenMultiplePinsPassedIn)
    i.test_MyGPIO_OutputMultiplePinsPassedInCanBeSetHigh 0x08001b60   Section        0  test_mygpio.o(i.test_MyGPIO_OutputMultiplePinsPassedInCanBeSetHigh)
    i.test_MyGPIO_SinglePinCanBeSetHigh      0x08001bac   Section        0  test_mygpio.o(i.test_MyGPIO_SinglePinCanBeSetHigh)
    i.test_MyGPIO_WritingToUninitialisedPortDoesNothing 0x08001bec   Section        0  test_mygpio.o(i.test_MyGPIO_WritingToUninitialisedPortDoesNothing)
    x$fpl$fpinit                             0x08001c1c   Section       10  fpinit.o(x$fpl$fpinit)
    $v0                                      0x08001c1c   Number         0  fpinit.o(x$fpl$fpinit)
    .constdata                               0x08001c28   Section       32  test_mygpio.o(.constdata)
    .constdata                               0x08001c48   Section      572  unity.o(.constdata)
    UnityStrNull                             0x08001c5c   Data           5  unity.o(.constdata)
    UnityStrSpacer                           0x08001c61   Data           3  unity.o(.constdata)
    UnityStrExpected                         0x08001c64   Data          11  unity.o(.constdata)
    UnityStrWas                              0x08001c6f   Data           6  unity.o(.constdata)
    UnityStrGt                               0x08001c75   Data          21  unity.o(.constdata)
    UnityStrLt                               0x08001c8a   Data          18  unity.o(.constdata)
    UnityStrOrEqual                          0x08001c9c   Data          13  unity.o(.constdata)
    UnityStrNotEqual                         0x08001ca9   Data          21  unity.o(.constdata)
    UnityStrElement                          0x08001cbe   Data          10  unity.o(.constdata)
    UnityStrByte                             0x08001cc8   Data           7  unity.o(.constdata)
    UnityStrMemory                           0x08001ccf   Data          18  unity.o(.constdata)
    UnityStrDelta                            0x08001ce1   Data          26  unity.o(.constdata)
    UnityStrPointless                        0x08001cfb   Data          55  unity.o(.constdata)
    UnityStrNullPointerForExpected           0x08001d32   Data          29  unity.o(.constdata)
    UnityStrNullPointerForActual             0x08001d4f   Data          25  unity.o(.constdata)
    UnityStrNot                              0x08001d68   Data           5  unity.o(.constdata)
    UnityStrInf                              0x08001d6d   Data           9  unity.o(.constdata)
    UnityStrNegInf                           0x08001d76   Data          18  unity.o(.constdata)
    UnityStrNaN                              0x08001d88   Data           4  unity.o(.constdata)
    UnityStrDet                              0x08001d8c   Data          12  unity.o(.constdata)
    UnityStrInvalidFloatTrait                0x08001d98   Data          20  unity.o(.constdata)
    UnityStrBreaker                          0x08001e29   Data          24  unity.o(.constdata)
    UnityStrResultsTests                     0x08001e41   Data           8  unity.o(.constdata)
    UnityStrResultsFailures                  0x08001e49   Data          11  unity.o(.constdata)
    UnityStrResultsIgnored                   0x08001e54   Data          10  unity.o(.constdata)
    UnityStrDetail1Name                      0x08001e5e   Data          10  unity.o(.constdata)
    UnityStrDetail2Name                      0x08001e68   Data          11  unity.o(.constdata)
    .constdata                               0x08001e84   Section        4  sys_io.o(.constdata)
    .constdata                               0x08001e88   Section        4  sys_io.o(.constdata)
    .constdata                               0x08001e8c   Section        4  sys_io.o(.constdata)
    .conststring                             0x08001e90   Section      133  test_mygpio_runner.o(.conststring)
    .data                                    0x20000000   Section       12  test_mygpio_runner.o(.data)
    .data                                    0x2000000c   Section        4  stdio_streams.o(.data)
    .data                                    0x20000010   Section        4  stdio_streams.o(.data)
    .data                                    0x20000014   Section        4  stdio_streams.o(.data)
    .bss                                     0x20000018   Section       80  test_mygpio.o(.bss)
    .bss                                     0x20000068   Section      200  unity.o(.bss)
    .bss                                     0x20000130   Section       84  stdio_streams.o(.bss)
    .bss                                     0x20000184   Section       84  stdio_streams.o(.bss)
    .bss                                     0x200001d8   Section       84  stdio_streams.o(.bss)
    .bss                                     0x2000022c   Section       96  libspace.o(.bss)
    HEAP                                     0x20000290   Section      512  startup_stm32f407xx.o(HEAP)
    Heap_Mem                                 0x20000290   Data         512  startup_stm32f407xx.o(HEAP)
    STACK                                    0x20000490   Section     1024  startup_stm32f407xx.o(STACK)
    Stack_Mem                                0x20000490   Data        1024  startup_stm32f407xx.o(STACK)
    __initial_sp                             0x20000890   Data           0  startup_stm32f407xx.o(STACK)

    Global Symbols

    Symbol Name                              Value     Ov Type        Size  Object(Section)

    BuildAttributes$$THM_ISAv4$E$P$D$K$B$S$7EM$VFPi3$EXTD16$VFPS$VFMA$PE$A:L22UL41UL21$X:L11$S22US41US21$IEEE1$IW$USESV6$~STKCKD$USESV7$~SHL$OTIME$ROPI$EBA8$UX$STANDARDLIB$REQ8$PRES8$EABIv2 0x00000000   Number         0  anon$$obj.o ABSOLUTE
    __ARM_use_no_argv                        0x00000000   Number         0  test_mygpio_runner.o ABSOLUTE
    __ARM_exceptions_init                     - Undefined Weak Reference
    __alloca_initialize                       - Undefined Weak Reference
    __alloca_longjmp                          - Undefined Weak Reference
    __alloca_setjmp                           - Undefined Weak Reference
    __arm_preinit_                            - Undefined Weak Reference
    __cpp_initialize__aeabi_                  - Undefined Weak Reference
    __cxa_finalize                            - Undefined Weak Reference
    __rt_locale                               - Undefined Weak Reference
    __sigvec_lookup                           - Undefined Weak Reference
    __user_heap_extent                        - Undefined Weak Reference
    _atexit_init                              - Undefined Weak Reference
    _call_atexit_fns                          - Undefined Weak Reference
    _clock_init                               - Undefined Weak Reference
    _fp_trap_init                             - Undefined Weak Reference
    _fp_trap_shutdown                         - Undefined Weak Reference
    _get_lc_collate                           - Undefined Weak Reference
    _get_lc_ctype                             - Undefined Weak Reference
    _get_lc_monetary                          - Undefined Weak Reference
    _get_lc_numeric                           - Undefined Weak Reference
    _get_lc_time                              - Undefined Weak Reference
    _getenv_init                              - Undefined Weak Reference
    _handle_redirection                       - Undefined Weak Reference
    _mutex_acquire                            - Undefined Weak Reference
    _mutex_free                               - Undefined Weak Reference
    _mutex_release                            - Undefined Weak Reference
    _rand_init                                - Undefined Weak Reference
    _signal_finish                            - Undefined Weak Reference
    _signal_init                              - Undefined Weak Reference
    __Vectors_Size                           0x00000188   Number         0  startup_stm32f407xx.o ABSOLUTE
    __Vectors                                0x08000000   Data           4  startup_stm32f407xx.o(RESET)
    __Vectors_End                            0x08000188   Data           0  startup_stm32f407xx.o(RESET)
    __main                                   0x08000189   Thumb Code     8  __main.o(!!!main)
    __scatterload                            0x08000191   Thumb Code     0  __scatter.o(!!!scatter)
    __scatterload_rt2                        0x08000191   Thumb Code    44  __scatter.o(!!!scatter)
    __scatterload_rt2_thumb_only             0x08000191   Thumb Code     0  __scatter.o(!!!scatter)
    __scatterload_null                       0x0800019f   Thumb Code     0  __scatter.o(!!!scatter)
    __scatterload_copy                       0x080001c5   Thumb Code    26  __scatter_copy.o(!!handler_copy)
    __scatterload_zeroinit                   0x080001e1   Thumb Code    28  __scatter_zi.o(!!handler_zi)
    __rt_lib_init                            0x080001fd   Thumb Code     0  libinit.o(.ARM.Collect$$libinit$$00000000)
    __rt_lib_init_fp_1                       0x080001ff   Thumb Code     0  libinit2.o(.ARM.Collect$$libinit$$00000001)
    __rt_lib_init_heap_2                     0x08000203   Thumb Code     0  libinit2.o(.ARM.Collect$$libinit$$00000005)
    __rt_lib_init_preinit_1                  0x08000203   Thumb Code     0  libinit2.o(.ARM.Collect$$libinit$$00000004)
    __rt_lib_init_atexit_1                   0x0800020b   Thumb Code     0  libinit2.o(.ARM.Collect$$libinit$$0000001B)
    __rt_lib_init_clock_1                    0x0800020b   Thumb Code     0  libinit2.o(.ARM.Collect$$libinit$$00000021)
    __rt_lib_init_fp_trap_1                  0x0800020b   Thumb Code     0  libinit2.o(.ARM.Collect$$libinit$$0000001F)
    __rt_lib_init_getenv_1                   0x0800020b   Thumb Code     0  libinit2.o(.ARM.Collect$$libinit$$00000023)
    __rt_lib_init_heap_1                     0x0800020b   Thumb Code     0  libinit2.o(.ARM.Collect$$libinit$$0000000A)
    __rt_lib_init_lc_collate_1               0x0800020b   Thumb Code     0  libinit2.o(.ARM.Collect$$libinit$$00000011)
    __rt_lib_init_lc_ctype_1                 0x0800020b   Thumb Code     0  libinit2.o(.ARM.Collect$$libinit$$00000013)
    __rt_lib_init_lc_monetary_1              0x0800020b   Thumb Code     0  libinit2.o(.ARM.Collect$$libinit$$00000015)
    __rt_lib_init_lc_numeric_1               0x0800020b   Thumb Code     0  libinit2.o(.ARM.Collect$$libinit$$00000017)
    __rt_lib_init_lc_time_1                  0x0800020b   Thumb Code     0  libinit2.o(.ARM.Collect$$libinit$$00000019)
    __rt_lib_init_rand_1                     0x0800020b   Thumb Code     0  libinit2.o(.ARM.Collect$$libinit$$0000000E)
    __rt_lib_init_signal_1                   0x0800020b   Thumb Code     0  libinit2.o(.ARM.Collect$$libinit$$0000001D)
    __rt_lib_init_stdio_2                    0x0800020b   Thumb Code     0  libinit2.o(.ARM.Collect$$libinit$$00000024)
    __rt_lib_init_user_alloc_1               0x0800020b   Thumb Code     0  libinit2.o(.ARM.Collect$$libinit$$0000000C)
    __rt_lib_init_alloca_1                   0x0800020f   Thumb Code     0  libinit2.o(.ARM.Collect$$libinit$$0000002E)
    __rt_lib_init_argv_1                     0x0800020f   Thumb Code     0  libinit2.o(.ARM.Collect$$libinit$$0000002C)
    __rt_lib_init_cpp_1                      0x0800020f   Thumb Code     0  libinit2.o(.ARM.Collect$$libinit$$00000032)
    __rt_lib_init_exceptions_1               0x0800020f   Thumb Code     0  libinit2.o(.ARM.Collect$$libinit$$00000030)
    __rt_lib_init_return                     0x0800020f   Thumb Code     0  libinit2.o(.ARM.Collect$$libinit$$00000033)
    __rt_lib_init_stdio_1                    0x0800020f   Thumb Code     0  libinit2.o(.ARM.Collect$$libinit$$00000025)
    __rt_lib_shutdown                        0x08000211   Thumb Code     0  libshutdown.o(.ARM.Collect$$libshutdown$$00000000)
    __rt_lib_shutdown_cpp_1                  0x08000213   Thumb Code     0  libshutdown2.o(.ARM.Collect$$libshutdown$$00000002)
    __rt_lib_shutdown_stdio_2                0x08000213   Thumb Code     0  libshutdown2.o(.ARM.Collect$$libshutdown$$00000003)
    __rt_lib_shutdown_fp_trap_1              0x08000217   Thumb Code     0  libshutdown2.o(.ARM.Collect$$libshutdown$$00000007)
    __rt_lib_shutdown_heap_1                 0x08000217   Thumb Code     0  libshutdown2.o(.ARM.Collect$$libshutdown$$0000000F)
    __rt_lib_shutdown_return                 0x08000217   Thumb Code     0  libshutdown2.o(.ARM.Collect$$libshutdown$$00000010)
    __rt_lib_shutdown_signal_1               0x08000217   Thumb Code     0  libshutdown2.o(.ARM.Collect$$libshutdown$$0000000A)
    __rt_lib_shutdown_stdio_1                0x08000217   Thumb Code     0  libshutdown2.o(.ARM.Collect$$libshutdown$$00000004)
    __rt_lib_shutdown_user_alloc_1           0x08000217   Thumb Code     0  libshutdown2.o(.ARM.Collect$$libshutdown$$0000000C)
    __rt_entry                               0x08000219   Thumb Code     0  __rtentry.o(.ARM.Collect$$rtentry$$00000000)
    __rt_entry_presh_1                       0x08000219   Thumb Code     0  __rtentry2.o(.ARM.Collect$$rtentry$$00000002)
    __rt_entry_sh                            0x08000219   Thumb Code     0  __rtentry4.o(.ARM.Collect$$rtentry$$00000004)
    __rt_entry_li                            0x0800021f   Thumb Code     0  __rtentry2.o(.ARM.Collect$$rtentry$$0000000A)
    __rt_entry_postsh_1                      0x0800021f   Thumb Code     0  __rtentry2.o(.ARM.Collect$$rtentry$$00000009)
    __rt_entry_main                          0x08000223   Thumb Code     0  __rtentry2.o(.ARM.Collect$$rtentry$$0000000D)
    __rt_entry_postli_1                      0x08000223   Thumb Code     0  __rtentry2.o(.ARM.Collect$$rtentry$$0000000C)
    __rt_exit                                0x0800022b   Thumb Code     0  rtexit.o(.ARM.Collect$$rtexit$$00000000)
    __rt_exit_ls                             0x0800022d   Thumb Code     0  rtexit2.o(.ARM.Collect$$rtexit$$00000003)
    __rt_exit_prels_1                        0x0800022d   Thumb Code     0  rtexit2.o(.ARM.Collect$$rtexit$$00000002)
    __rt_exit_exit                           0x08000231   Thumb Code     0  rtexit2.o(.ARM.Collect$$rtexit$$00000004)
    Reset_Handler                            0x08000239   Thumb Code     8  startup_stm32f407xx.o(.text)
    _maybe_terminate_alloc                   0x08000239   Thumb Code     0  maybetermalloc1.o(.emb_text)
    NMI_Handler                              0x08000241   Thumb Code     2  startup_stm32f407xx.o(.text)
    HardFault_Handler                        0x08000243   Thumb Code     2  startup_stm32f407xx.o(.text)
    MemManage_Handler                        0x08000245   Thumb Code     2  startup_stm32f407xx.o(.text)
    BusFault_Handler                         0x08000247   Thumb Code     2  startup_stm32f407xx.o(.text)
    UsageFault_Handler                       0x08000249   Thumb Code     2  startup_stm32f407xx.o(.text)
    SVC_Handler                              0x0800024b   Thumb Code     2  startup_stm32f407xx.o(.text)
    DebugMon_Handler                         0x0800024d   Thumb Code     2  startup_stm32f407xx.o(.text)
    PendSV_Handler                           0x0800024f   Thumb Code     2  startup_stm32f407xx.o(.text)
    SysTick_Handler                          0x08000251   Thumb Code     2  startup_stm32f407xx.o(.text)
    ADC_IRQHandler                           0x08000253   Thumb Code     0  startup_stm32f407xx.o(.text)
    CAN1_RX0_IRQHandler                      0x08000253   Thumb Code     0  startup_stm32f407xx.o(.text)
    CAN1_RX1_IRQHandler                      0x08000253   Thumb Code     0  startup_stm32f407xx.o(.text)
    CAN1_SCE_IRQHandler                      0x08000253   Thumb Code     0  startup_stm32f407xx.o(.text)
    CAN1_TX_IRQHandler                       0x08000253   Thumb Code     0  startup_stm32f407xx.o(.text)
    CAN2_RX0_IRQHandler                      0x08000253   Thumb Code     0  startup_stm32f407xx.o(.text)
    CAN2_RX1_IRQHandler                      0x08000253   Thumb Code     0  startup_stm32f407xx.o(.text)
    CAN2_SCE_IRQHandler                      0x08000253   Thumb Code     0  startup_stm32f407xx.o(.text)
    CAN2_TX_IRQHandler                       0x08000253   Thumb Code     0  startup_stm32f407xx.o(.text)
    DCMI_IRQHandler                          0x08000253   Thumb Code     0  startup_stm32f407xx.o(.text)
    DMA1_Stream0_IRQHandler                  0x08000253   Thumb Code     0  startup_stm32f407xx.o(.text)
    DMA1_Stream1_IRQHandler                  0x08000253   Thumb Code     0  startup_stm32f407xx.o(.text)
    DMA1_Stream2_IRQHandler                  0x08000253   Thumb Code     0  startup_stm32f407xx.o(.text)
    DMA1_Stream3_IRQHandler                  0x08000253   Thumb Code     0  startup_stm32f407xx.o(.text)
    DMA1_Stream4_IRQHandler                  0x08000253   Thumb Code     0  startup_stm32f407xx.o(.text)
    DMA1_Stream5_IRQHandler                  0x08000253   Thumb Code     0  startup_stm32f407xx.o(.text)
    DMA1_Stream6_IRQHandler                  0x08000253   Thumb Code     0  startup_stm32f407xx.o(.text)
    DMA1_Stream7_IRQHandler                  0x08000253   Thumb Code     0  startup_stm32f407xx.o(.text)
    DMA2_Stream0_IRQHandler                  0x08000253   Thumb Code     0  startup_stm32f407xx.o(.text)
    DMA2_Stream1_IRQHandler                  0x08000253   Thumb Code     0  startup_stm32f407xx.o(.text)
    DMA2_Stream2_IRQHandler                  0x08000253   Thumb Code     0  startup_stm32f407xx.o(.text)
    DMA2_Stream3_IRQHandler                  0x08000253   Thumb Code     0  startup_stm32f407xx.o(.text)
    DMA2_Stream4_IRQHandler                  0x08000253   Thumb Code     0  startup_stm32f407xx.o(.text)
    DMA2_Stream5_IRQHandler                  0x08000253   Thumb Code     0  startup_stm32f407xx.o(.text)
    DMA2_Stream6_IRQHandler                  0x08000253   Thumb Code     0  startup_stm32f407xx.o(.text)
    DMA2_Stream7_IRQHandler                  0x08000253   Thumb Code     0  startup_stm32f407xx.o(.text)
    ETH_IRQHandler                           0x08000253   Thumb Code     0  startup_stm32f407xx.o(.text)
    ETH_WKUP_IRQHandler                      0x08000253   Thumb Code     0  startup_stm32f407xx.o(.text)
    EXTI0_IRQHandler                         0x08000253   Thumb Code     0  startup_stm32f407xx.o(.text)
    EXTI15_10_IRQHandler                     0x08000253   Thumb Code     0  startup_stm32f407xx.o(.text)
    EXTI1_IRQHandler                         0x08000253   Thumb Code     0  startup_stm32f407xx.o(.text)
    EXTI2_IRQHandler                         0x08000253   Thumb Code     0  startup_stm32f407xx.o(.text)
    EXTI3_IRQHandler                         0x08000253   Thumb Code     0  startup_stm32f407xx.o(.text)
    EXTI4_IRQHandler                         0x08000253   Thumb Code     0  startup_stm32f407xx.o(.text)
    EXTI9_5_IRQHandler                       0x08000253   Thumb Code     0  startup_stm32f407xx.o(.text)
    FLASH_IRQHandler                         0x08000253   Thumb Code     0  startup_stm32f407xx.o(.text)
    FMC_IRQHandler                           0x08000253   Thumb Code     0  startup_stm32f407xx.o(.text)
    FPU_IRQHandler                           0x08000253   Thumb Code     0  startup_stm32f407xx.o(.text)
    HASH_RNG_IRQHandler                      0x08000253   Thumb Code     0  startup_stm32f407xx.o(.text)
    I2C1_ER_IRQHandler                       0x08000253   Thumb Code     0  startup_stm32f407xx.o(.text)
    I2C1_EV_IRQHandler                       0x08000253   Thumb Code     0  startup_stm32f407xx.o(.text)
    I2C2_ER_IRQHandler                       0x08000253   Thumb Code     0  startup_stm32f407xx.o(.text)
    I2C2_EV_IRQHandler                       0x08000253   Thumb Code     0  startup_stm32f407xx.o(.text)
    I2C3_ER_IRQHandler                       0x08000253   Thumb Code     0  startup_stm32f407xx.o(.text)
    I2C3_EV_IRQHandler                       0x08000253   Thumb Code     0  startup_stm32f407xx.o(.text)
    OTG_FS_IRQHandler                        0x08000253   Thumb Code     0  startup_stm32f407xx.o(.text)
    OTG_FS_WKUP_IRQHandler                   0x08000253   Thumb Code     0  startup_stm32f407xx.o(.text)
    OTG_HS_EP1_IN_IRQHandler                 0x08000253   Thumb Code     0  startup_stm32f407xx.o(.text)
    OTG_HS_EP1_OUT_IRQHandler                0x08000253   Thumb Code     0  startup_stm32f407xx.o(.text)
    OTG_HS_IRQHandler                        0x08000253   Thumb Code     0  startup_stm32f407xx.o(.text)
    OTG_HS_WKUP_IRQHandler                   0x08000253   Thumb Code     0  startup_stm32f407xx.o(.text)
    PVD_IRQHandler                           0x08000253   Thumb Code     0  startup_stm32f407xx.o(.text)
    RCC_IRQHandler                           0x08000253   Thumb Code     0  startup_stm32f407xx.o(.text)
    RTC_Alarm_IRQHandler                     0x08000253   Thumb Code     0  startup_stm32f407xx.o(.text)
    RTC_WKUP_IRQHandler                      0x08000253   Thumb Code     0  startup_stm32f407xx.o(.text)
    SDIO_IRQHandler                          0x08000253   Thumb Code     0  startup_stm32f407xx.o(.text)
    SPI1_IRQHandler                          0x08000253   Thumb Code     0  startup_stm32f407xx.o(.text)
    SPI2_IRQHandler                          0x08000253   Thumb Code     0  startup_stm32f407xx.o(.text)
    SPI3_IRQHandler                          0x08000253   Thumb Code     0  startup_stm32f407xx.o(.text)
    TAMP_STAMP_IRQHandler                    0x08000253   Thumb Code     0  startup_stm32f407xx.o(.text)
    TIM1_BRK_TIM9_IRQHandler                 0x08000253   Thumb Code     0  startup_stm32f407xx.o(.text)
    TIM1_CC_IRQHandler                       0x08000253   Thumb Code     0  startup_stm32f407xx.o(.text)
    TIM1_TRG_COM_TIM11_IRQHandler            0x08000253   Thumb Code     0  startup_stm32f407xx.o(.text)
    TIM1_UP_TIM10_IRQHandler                 0x08000253   Thumb Code     0  startup_stm32f407xx.o(.text)
    TIM2_IRQHandler                          0x08000253   Thumb Code     0  startup_stm32f407xx.o(.text)
    TIM3_IRQHandler                          0x08000253   Thumb Code     0  startup_stm32f407xx.o(.text)
    TIM4_IRQHandler                          0x08000253   Thumb Code     0  startup_stm32f407xx.o(.text)
    TIM5_IRQHandler                          0x08000253   Thumb Code     0  startup_stm32f407xx.o(.text)
    TIM6_DAC_IRQHandler                      0x08000253   Thumb Code     0  startup_stm32f407xx.o(.text)
    TIM7_IRQHandler                          0x08000253   Thumb Code     0  startup_stm32f407xx.o(.text)
    TIM8_BRK_TIM12_IRQHandler                0x08000253   Thumb Code     0  startup_stm32f407xx.o(.text)
    TIM8_CC_IRQHandler                       0x08000253   Thumb Code     0  startup_stm32f407xx.o(.text)
    TIM8_TRG_COM_TIM14_IRQHandler            0x08000253   Thumb Code     0  startup_stm32f407xx.o(.text)
    TIM8_UP_TIM13_IRQHandler                 0x08000253   Thumb Code     0  startup_stm32f407xx.o(.text)
    UART4_IRQHandler                         0x08000253   Thumb Code     0  startup_stm32f407xx.o(.text)
    UART5_IRQHandler                         0x08000253   Thumb Code     0  startup_stm32f407xx.o(.text)
    USART1_IRQHandler                        0x08000253   Thumb Code     0  startup_stm32f407xx.o(.text)
    USART2_IRQHandler                        0x08000253   Thumb Code     0  startup_stm32f407xx.o(.text)
    USART3_IRQHandler                        0x08000253   Thumb Code     0  startup_stm32f407xx.o(.text)
    USART6_IRQHandler                        0x08000253   Thumb Code     0  startup_stm32f407xx.o(.text)
    WWDG_IRQHandler                          0x08000253   Thumb Code     0  startup_stm32f407xx.o(.text)
    __user_initial_stackheap                 0x08000255   Thumb Code     0  startup_stm32f407xx.o(.text)
    putc                                     0x08000279   Thumb Code     4  putc.o(.text)
    __aeabi_memcpy4                          0x0800027d   Thumb Code     0  rt_memcpy_w.o(.text)
    __aeabi_memcpy8                          0x0800027d   Thumb Code     0  rt_memcpy_w.o(.text)
    __rt_memcpy_w                            0x0800027d   Thumb Code   100  rt_memcpy_w.o(.text)
    _memcpy_lastbytes_aligned                0x080002c5   Thumb Code     0  rt_memcpy_w.o(.text)
    __aeabi_memclr4                          0x080002e1   Thumb Code     0  rt_memclr_w.o(.text)
    __aeabi_memclr8                          0x080002e1   Thumb Code     0  rt_memclr_w.o(.text)
    __rt_memclr_w                            0x080002e1   Thumb Code    78  rt_memclr_w.o(.text)
    _memset_w                                0x080002e5   Thumb Code     0  rt_memclr_w.o(.text)
    __use_two_region_memory                  0x0800032f   Thumb Code     2  heapauxi.o(.text)
    __rt_heap_escrow                         0x08000331   Thumb Code     2  heapauxi.o(.text)
    __rt_heap_expand                         0x08000333   Thumb Code     2  heapauxi.o(.text)
    setjmp                                   0x08000335   Thumb Code    42  setjmp.o(.text)
    longjmp                                  0x0800035f   Thumb Code    56  setjmp.o(.text)
    _initio                                  0x08000399   Thumb Code   210  initio.o(.text)
    _terminateio                             0x0800046b   Thumb Code    56  initio.o(.text)
    _sys_open                                0x080004d1   Thumb Code    20  sys_io.o(.text)
    _sys_close                               0x080004e5   Thumb Code    12  sys_io.o(.text)
    _sys_write                               0x080004f1   Thumb Code    16  sys_io.o(.text)
    _sys_read                                0x08000501   Thumb Code    14  sys_io.o(.text)
    _sys_istty                               0x0800050f   Thumb Code    12  sys_io.o(.text)
    _sys_seek                                0x0800051b   Thumb Code    14  sys_io.o(.text)
    _sys_ensure                              0x08000529   Thumb Code     2  sys_io.o(.text)
    _sys_flen                                0x0800052b   Thumb Code    12  sys_io.o(.text)
    free                                     0x08000537   Thumb Code    78  h1_free.o(.text)
    __flsbuf                                 0x08000585   Thumb Code   470  flsbuf.o(.text)
    __flsbuf_byte                            0x08000585   Thumb Code     0  flsbuf.o(.text)
    __flsbuf_wide                            0x08000585   Thumb Code     0  flsbuf.o(.text)
    setvbuf                                  0x0800075b   Thumb Code    70  setvbuf.o(.text)
    freopen                                  0x080007a1   Thumb Code   158  fopen.o(.text)
    fopen                                    0x0800083f   Thumb Code    74  fopen.o(.text)
    _fclose_internal                         0x0800088d   Thumb Code    76  fclose.o(.text)
    fclose                                   0x0800088d   Thumb Code     0  fclose.o(.text)
    __rt_SIGRTRED                            0x080008d9   Thumb Code    14  defsig_rtred_outer.o(.text)
    __I$use$semihosting                      0x080008e7   Thumb Code     0  use_no_semi.o(.text)
    __use_no_semihosting_swi                 0x080008e7   Thumb Code     2  use_no_semi.o(.text)
    __semihosting_library_function           0x080008e9   Thumb Code     0  indicate_semi.o(.text)
    __user_setup_stackheap                   0x080008e9   Thumb Code    74  sys_stackheap_outer.o(.text)
    __rt_heap_descriptor                     0x08000935   Thumb Code     8  rt_heap_descriptor_intlibspace.o(.text)
    __use_no_heap                            0x0800093d   Thumb Code     2  hguard.o(.text)
    __heap$guard                             0x0800093f   Thumb Code     2  hguard.o(.text)
    _terminate_user_alloc                    0x08000941   Thumb Code     2  init_alloc.o(.text)
    _init_user_alloc                         0x08000943   Thumb Code     2  init_alloc.o(.text)
    __Heap_Full                              0x08000945   Thumb Code    34  init_alloc.o(.text)
    __Heap_Broken                            0x08000967   Thumb Code     6  init_alloc.o(.text)
    _init_alloc                              0x0800096d   Thumb Code    94  init_alloc.o(.text)
    malloc                                   0x080009cb   Thumb Code    94  h1_alloc.o(.text)
    _fseek                                   0x08000a29   Thumb Code   242  fseek.o(.text)
    fseek                                    0x08000a29   Thumb Code     0  fseek.o(.text)
    _seterr                                  0x08000b21   Thumb Code    20  stdio.o(.text)
    _writebuf                                0x08000b35   Thumb Code    84  stdio.o(.text)
    _fflush                                  0x08000b89   Thumb Code    70  stdio.o(.text)
    _deferredlazyseek                        0x08000bcf   Thumb Code    60  stdio.o(.text)
    exit                                     0x08000c11   Thumb Code    18  exit.o(.text)
    __sig_exit                               0x08000c23   Thumb Code    10  defsig_exit.o(.text)
    __rt_SIGRTRED_inner                      0x08000c2d   Thumb Code    14  defsig_rtred_inner.o(.text)
    strlen                                   0x08000c61   Thumb Code    62  strlen.o(.text)
    _sys_exit                                0x08000ca1   Thumb Code     8  sys_exit.o(.text)
    __user_libspace                          0x08000cad   Thumb Code     8  libspace.o(.text)
    __user_perproc_libspace                  0x08000cad   Thumb Code     0  libspace.o(.text)
    __user_perthread_libspace                0x08000cad   Thumb Code     0  libspace.o(.text)
    __Heap_Initialize                        0x08000cb5   Thumb Code    10  h1_init.o(.text)
    __Heap_DescSize                          0x08000cbf   Thumb Code     4  h1_init.o(.text)
    __Heap_ProvideMemory                     0x08000cc3   Thumb Code    52  h1_extend.o(.text)
    _ftell_internal                          0x08000cf7   Thumb Code    66  ftell.o(.text)
    ftell                                    0x08000cf7   Thumb Code     0  ftell.o(.text)
    __default_signal_display                 0x08000d39   Thumb Code    50  defsig_general.o(.text)
    __rt_SIGRTMEM                            0x08000d6b   Thumb Code    14  defsig_rtmem_outer.o(.text)
    _ttywrch                                 0x08000d79   Thumb Code    14  sys_wrch.o(.text)
    __aeabi_errno_addr                       0x08000d89   Thumb Code     8  rt_errno_addr_intlibspace.o(.text)
    __errno$intlibspace                      0x08000d89   Thumb Code     0  rt_errno_addr_intlibspace.o(.text)
    __rt_errno_addr$intlibspace              0x08000d89   Thumb Code     0  rt_errno_addr_intlibspace.o(.text)
    __rt_SIGRTMEM_inner                      0x08000d91   Thumb Code    22  defsig_rtmem_inner.o(.text)
    MyGPIO_Init                              0x08000e03   Thumb Code    46  mygpio.o(i.MyGPIO_Init)
    MyGPIO_Write                             0x08000e31   Thumb Code    82  mygpio.o(i.MyGPIO_Write)
    SystemInit                               0x08000e85   Thumb Code    82  system_stm32f4xx.o(i.SystemInit)
    UnityAssertBits                          0x08000f3d   Thumb Code   116  unity.o(i.UnityAssertBits)
    UnityAssertEqualNumber                   0x08000fbd   Thumb Code   108  unity.o(i.UnityAssertEqualNumber)
    UnityBegin                               0x08001035   Thumb Code    32  unity.o(i.UnityBegin)
    UnityConcludeTest                        0x08001059   Thumb Code    76  unity.o(i.UnityConcludeTest)
    UnityEnd                                 0x080010b1   Thumb Code   108  unity.o(i.UnityEnd)
    UnityPrint                               0x0800113d   Thumb Code    26  unity.o(i.UnityPrint)
    UnityPrintMask                           0x080011c1   Thumb Code    68  unity.o(i.UnityPrintMask)
    UnityPrintNumber                         0x08001209   Thumb Code    30  unity.o(i.UnityPrintNumber)
    UnityPrintNumberByStyle                  0x0800122d   Thumb Code   174  unity.o(i.UnityPrintNumberByStyle)
    UnityPrintNumberHex                      0x080012e1   Thumb Code    70  unity.o(i.UnityPrintNumberHex)
    UnityPrintNumberUnsigned                 0x0800132d   Thumb Code    62  unity.o(i.UnityPrintNumberUnsigned)
    fputc                                    0x0800142b   Thumb Code    26  fputc.o(i.fputc)
    main                                     0x08001481   Thumb Code   134  test_mygpio_runner.o(i.main)
    setUp                                    0x080017e1   Thumb Code    20  test_mygpio.o(i.setUp)
    tearDown                                 0x080017fd   Thumb Code     2  test_mygpio.o(i.tearDown)
    test_MyGPIO_ConstantsAreCorrect          0x08001801   Thumb Code   100  test_mygpio.o(i.test_MyGPIO_ConstantsAreCorrect)
    test_MyGPIO_InitPinOutsideRangeReturnsNullPtr 0x08001869   Thumb Code   100  test_mygpio.o(i.test_MyGPIO_InitPinOutsideRangeReturnsNullPtr)
    test_MyGPIO_MultiplePortsMayBeInitialisedAsOutput 0x080018d1   Thumb Code   140  test_mygpio.o(i.test_MyGPIO_MultiplePortsMayBeInitialisedAsOutput)
    test_MyGPIO_OutputCanBeSetHighWhenCalledMultipleTimes 0x08001965   Thumb Code   136  test_mygpio.o(i.test_MyGPIO_OutputCanBeSetHighWhenCalledMultipleTimes)
    test_MyGPIO_OutputCanBeSetLowWhenCalledMultipleTimes 0x080019f1   Thumb Code   136  test_mygpio.o(i.test_MyGPIO_OutputCanBeSetLowWhenCalledMultipleTimes)
    test_MyGPIO_OutputCanBeSetLow_1Pin       0x08001a7d   Thumb Code    94  test_mygpio.o(i.test_MyGPIO_OutputCanBeSetLow_1Pin)
    test_MyGPIO_OutputIsInitialisedCorrectlyWhen1PinPassedIn 0x08001ae1   Thumb Code    32  test_mygpio.o(i.test_MyGPIO_OutputIsInitialisedCorrectlyWhen1PinPassedIn)
    test_MyGPIO_OutputIsInitialisedCorrectlyWhenAllPinsPassedInSameTime 0x08001b05   Thumb Code    32  test_mygpio.o(i.test_MyGPIO_OutputIsInitialisedCorrectlyWhenAllPinsPassedInSameTime)
    test_MyGPIO_OutputIsInitialisedCorrectlyWhenMultiplePinsPassedIn 0x08001b29   Thumb Code    50  test_mygpio.o(i.test_MyGPIO_OutputIsInitialisedCorrectlyWhenMultiplePinsPassedIn)
    test_MyGPIO_OutputMultiplePinsPassedInCanBeSetHigh 0x08001b61   Thumb Code    70  test_mygpio.o(i.test_MyGPIO_OutputMultiplePinsPassedInCanBeSetHigh)
    test_MyGPIO_SinglePinCanBeSetHigh        0x08001bad   Thumb Code    60  test_mygpio.o(i.test_MyGPIO_SinglePinCanBeSetHigh)
    test_MyGPIO_WritingToUninitialisedPortDoesNothing 0x08001bed   Thumb Code    42  test_mygpio.o(i.test_MyGPIO_WritingToUninitialisedPortDoesNothing)
    _fp_init                                 0x08001c1d   Thumb Code    10  fpinit.o(x$fpl$fpinit)
    __fplib_config_fpu_vfp                   0x08001c25   Thumb Code     0  fpinit.o(x$fpl$fpinit)
    __fplib_config_pureend_doubles           0x08001c25   Thumb Code     0  fpinit.o(x$fpl$fpinit)
    UnityStrOk                               0x08001c48   Data           3  unity.o(.constdata)
    UnityStrPass                             0x08001c4b   Data           5  unity.o(.constdata)
    UnityStrFail                             0x08001c50   Data           5  unity.o(.constdata)
    UnityStrIgnore                           0x08001c55   Data           7  unity.o(.constdata)
    UnityStrErrShorthand                     0x08001dac   Data          33  unity.o(.constdata)
    UnityStrErrFloat                         0x08001dcd   Data          30  unity.o(.constdata)
    UnityStrErrDouble                        0x08001deb   Data          32  unity.o(.constdata)
    UnityStrErr64                            0x08001e0b   Data          30  unity.o(.constdata)
    __stdin_name                             0x08001e84   Data           4  sys_io.o(.constdata)
    __stdout_name                            0x08001e88   Data           4  sys_io.o(.constdata)
    __stderr_name                            0x08001e8c   Data           4  sys_io.o(.constdata)
    Region$$Table$$Base                      0x08001f18   Number         0  anon$$obj.o(Region$$Table)
    Region$$Table$$Limit                     0x08001f38   Number         0  anon$$obj.o(Region$$Table)
    GlobalExpectCount                        0x20000000   Data           4  test_mygpio_runner.o(.data)
    GlobalVerifyOrder                        0x20000004   Data           4  test_mygpio_runner.o(.data)
    GlobalOrderError                         0x20000008   Data           4  test_mygpio_runner.o(.data)
    __aeabi_stdin                            0x2000000c   Data           4  stdio_streams.o(.data)
    __aeabi_stdout                           0x20000010   Data           4  stdio_streams.o(.data)
    __aeabi_stderr                           0x20000014   Data           4  stdio_streams.o(.data)
    FakeGPIOA                                0x20000018   Data          40  test_mygpio.o(.bss)
    FakeGPIOB                                0x20000040   Data          40  test_mygpio.o(.bss)
    Unity                                    0x20000068   Data         200  unity.o(.bss)
    __stdin                                  0x20000130   Data          84  stdio_streams.o(.bss)
    __stdout                                 0x20000184   Data          84  stdio_streams.o(.bss)
    __stderr                                 0x200001d8   Data          84  stdio_streams.o(.bss)
    __libspace_start                         0x2000022c   Data          96  libspace.o(.bss)
    __temporary_stack_top$libspace           0x2000028c   Data           0  libspace.o(.bss)



==============================================================================

Memory Map of the image

  Image Entry point : 0x08000239

  Load Region LR_1 (Base: 0x08000000, Size: 0x00001f50, Max: 0xffffffff, ABSOLUTE)

    Execution Region ER_RO (Exec base: 0x08000000, Load base: 0x08000000, Size: 0x00001f38, Max: 0xffffffff, ABSOLUTE)

    Exec Addr    Load Addr    Size         Type   Attr      Idx    E Section Name        Object

    0x08000000   0x08000000   0x00000188   Data   RO          618    RESET               startup_stm32f407xx.o
    0x08000188   0x08000188   0x00000008   Code   RO          679  * !!!main             c_w.l(__main.o)
    0x08000190   0x08000190   0x00000034   Code   RO         1007    !!!scatter          c_w.l(__scatter.o)
    0x080001c4   0x080001c4   0x0000001a   Code   RO         1009    !!handler_copy      c_w.l(__scatter_copy.o)
    0x080001de   0x080001de   0x00000002   PAD
    0x080001e0   0x080001e0   0x0000001c   Code   RO         1011    !!handler_zi        c_w.l(__scatter_zi.o)
    0x080001fc   0x080001fc   0x00000002   Code   RO          911    .ARM.Collect$$libinit$$00000000  c_w.l(libinit.o)
    0x080001fe   0x080001fe   0x00000004   Code   RO          789    .ARM.Collect$$libinit$$00000001  c_w.l(libinit2.o)
    0x08000202   0x08000202   0x00000000   Code   RO          792    .ARM.Collect$$libinit$$00000004  c_w.l(libinit2.o)
    0x08000202   0x08000202   0x00000008   Code   RO          793    .ARM.Collect$$libinit$$00000005  c_w.l(libinit2.o)
    0x0800020a   0x0800020a   0x00000000   Code   RO          795    .ARM.Collect$$libinit$$0000000A  c_w.l(libinit2.o)
    0x0800020a   0x0800020a   0x00000000   Code   RO          797    .ARM.Collect$$libinit$$0000000C  c_w.l(libinit2.o)
    0x0800020a   0x0800020a   0x00000000   Code   RO          799    .ARM.Collect$$libinit$$0000000E  c_w.l(libinit2.o)
    0x0800020a   0x0800020a   0x00000000   Code   RO          802    .ARM.Collect$$libinit$$00000011  c_w.l(libinit2.o)
    0x0800020a   0x0800020a   0x00000000   Code   RO          804    .ARM.Collect$$libinit$$00000013  c_w.l(libinit2.o)
    0x0800020a   0x0800020a   0x00000000   Code   RO          806    .ARM.Collect$$libinit$$00000015  c_w.l(libinit2.o)
    0x0800020a   0x0800020a   0x00000000   Code   RO          808    .ARM.Collect$$libinit$$00000017  c_w.l(libinit2.o)
    0x0800020a   0x0800020a   0x00000000   Code   RO          810    .ARM.Collect$$libinit$$00000019  c_w.l(libinit2.o)
    0x0800020a   0x0800020a   0x00000000   Code   RO          812    .ARM.Collect$$libinit$$0000001B  c_w.l(libinit2.o)
    0x0800020a   0x0800020a   0x00000000   Code   RO          814    .ARM.Collect$$libinit$$0000001D  c_w.l(libinit2.o)
    0x0800020a   0x0800020a   0x00000000   Code   RO          816    .ARM.Collect$$libinit$$0000001F  c_w.l(libinit2.o)
    0x0800020a   0x0800020a   0x00000000   Code   RO          818    .ARM.Collect$$libinit$$00000021  c_w.l(libinit2.o)
    0x0800020a   0x0800020a   0x00000000   Code   RO          820    .ARM.Collect$$libinit$$00000023  c_w.l(libinit2.o)
    0x0800020a   0x0800020a   0x00000004   Code   RO          821    .ARM.Collect$$libinit$$00000024  c_w.l(libinit2.o)
    0x0800020e   0x0800020e   0x00000000   Code   RO          822    .ARM.Collect$$libinit$$00000025  c_w.l(libinit2.o)
    0x0800020e   0x0800020e   0x00000000   Code   RO          826    .ARM.Collect$$libinit$$0000002C  c_w.l(libinit2.o)
    0x0800020e   0x0800020e   0x00000000   Code   RO          828    .ARM.Collect$$libinit$$0000002E  c_w.l(libinit2.o)
    0x0800020e   0x0800020e   0x00000000   Code   RO          830    .ARM.Collect$$libinit$$00000030  c_w.l(libinit2.o)
    0x0800020e   0x0800020e   0x00000000   Code   RO          832    .ARM.Collect$$libinit$$00000032  c_w.l(libinit2.o)
    0x0800020e   0x0800020e   0x00000002   Code   RO          833    .ARM.Collect$$libinit$$00000033  c_w.l(libinit2.o)
    0x08000210   0x08000210   0x00000002   Code   RO         1004    .ARM.Collect$$libshutdown$$00000000  c_w.l(libshutdown.o)
    0x08000212   0x08000212   0x00000000   Code   RO          835    .ARM.Collect$$libshutdown$$00000002  c_w.l(libshutdown2.o)
    0x08000212   0x08000212   0x00000004   Code   RO          836    .ARM.Collect$$libshutdown$$00000003  c_w.l(libshutdown2.o)
    0x08000216   0x08000216   0x00000000   Code   RO          837    .ARM.Collect$$libshutdown$$00000004  c_w.l(libshutdown2.o)
    0x08000216   0x08000216   0x00000000   Code   RO          840    .ARM.Collect$$libshutdown$$00000007  c_w.l(libshutdown2.o)
    0x08000216   0x08000216   0x00000000   Code   RO          843    .ARM.Collect$$libshutdown$$0000000A  c_w.l(libshutdown2.o)
    0x08000216   0x08000216   0x00000000   Code   RO          845    .ARM.Collect$$libshutdown$$0000000C  c_w.l(libshutdown2.o)
    0x08000216   0x08000216   0x00000000   Code   RO          848    .ARM.Collect$$libshutdown$$0000000F  c_w.l(libshutdown2.o)
    0x08000216   0x08000216   0x00000002   Code   RO          849    .ARM.Collect$$libshutdown$$00000010  c_w.l(libshutdown2.o)
    0x08000218   0x08000218   0x00000000   Code   RO          683    .ARM.Collect$$rtentry$$00000000  c_w.l(__rtentry.o)
    0x08000218   0x08000218   0x00000000   Code   RO          702    .ARM.Collect$$rtentry$$00000002  c_w.l(__rtentry2.o)
    0x08000218   0x08000218   0x00000006   Code   RO          714    .ARM.Collect$$rtentry$$00000004  c_w.l(__rtentry4.o)
    0x0800021e   0x0800021e   0x00000000   Code   RO          704    .ARM.Collect$$rtentry$$00000009  c_w.l(__rtentry2.o)
    0x0800021e   0x0800021e   0x00000004   Code   RO          705    .ARM.Collect$$rtentry$$0000000A  c_w.l(__rtentry2.o)
    0x08000222   0x08000222   0x00000000   Code   RO          707    .ARM.Collect$$rtentry$$0000000C  c_w.l(__rtentry2.o)
    0x08000222   0x08000222   0x00000008   Code   RO          708    .ARM.Collect$$rtentry$$0000000D  c_w.l(__rtentry2.o)
    0x0800022a   0x0800022a   0x00000002   Code   RO          919    .ARM.Collect$$rtexit$$00000000  c_w.l(rtexit.o)
    0x0800022c   0x0800022c   0x00000000   Code   RO          965    .ARM.Collect$$rtexit$$00000002  c_w.l(rtexit2.o)
    0x0800022c   0x0800022c   0x00000004   Code   RO          966    .ARM.Collect$$rtexit$$00000003  c_w.l(rtexit2.o)
    0x08000230   0x08000230   0x00000006   Code   RO          967    .ARM.Collect$$rtexit$$00000004  c_w.l(rtexit2.o)
    0x08000236   0x08000236   0x00000002   PAD
    0x08000238   0x08000238   0x00000000   Code   RO          921    .emb_text           c_w.l(maybetermalloc1.o)
    0x08000238   0x08000238   0x00000040   Code   RO          619  * .text               startup_stm32f407xx.o
    0x08000278   0x08000278   0x00000004   Code   RO          665    .text               c_w.l(putc.o)
    0x0800027c   0x0800027c   0x00000064   Code   RO          673    .text               c_w.l(rt_memcpy_w.o)
    0x080002e0   0x080002e0   0x0000004e   Code   RO          675    .text               c_w.l(rt_memclr_w.o)
    0x0800032e   0x0800032e   0x00000006   Code   RO          677    .text               c_w.l(heapauxi.o)
    0x08000334   0x08000334   0x00000062   Code   RO          681    .text               fz_wm.l(setjmp.o)
    0x08000396   0x08000396   0x00000002   PAD
    0x08000398   0x08000398   0x00000138   Code   RO          688    .text               c_w.l(initio.o)
    0x080004d0   0x080004d0   0x00000066   Code   RO          694    .text               c_w.l(sys_io.o)
    0x08000536   0x08000536   0x0000004e   Code   RO          718    .text               c_w.l(h1_free.o)
    0x08000584   0x08000584   0x000001d6   Code   RO          772    .text               c_w.l(flsbuf.o)
    0x0800075a   0x0800075a   0x00000046   Code   RO          774    .text               c_w.l(setvbuf.o)
    0x080007a0   0x080007a0   0x000000ec   Code   RO          777    .text               c_w.l(fopen.o)
    0x0800088c   0x0800088c   0x0000004c   Code   RO          779    .text               c_w.l(fclose.o)
    0x080008d8   0x080008d8   0x0000000e   Code   RO          785    .text               c_w.l(defsig_rtred_outer.o)
    0x080008e6   0x080008e6   0x00000002   Code   RO          852    .text               c_w.l(use_no_semi.o)
    0x080008e8   0x080008e8   0x00000000   Code   RO          854    .text               c_w.l(indicate_semi.o)
    0x080008e8   0x080008e8   0x0000004a   Code   RO          855    .text               c_w.l(sys_stackheap_outer.o)
    0x08000932   0x08000932   0x00000002   PAD
    0x08000934   0x08000934   0x00000008   Code   RO          862    .text               c_w.l(rt_heap_descriptor_intlibspace.o)
    0x0800093c   0x0800093c   0x00000004   Code   RO          864    .text               c_w.l(hguard.o)
    0x08000940   0x08000940   0x0000008a   Code   RO          866    .text               c_w.l(init_alloc.o)
    0x080009ca   0x080009ca   0x0000005e   Code   RO          872    .text               c_w.l(h1_alloc.o)
    0x08000a28   0x08000a28   0x000000f8   Code   RO          886    .text               c_w.l(fseek.o)
    0x08000b20   0x08000b20   0x000000f0   Code   RO          888    .text               c_w.l(stdio.o)
    0x08000c10   0x08000c10   0x00000012   Code   RO          894    .text               c_w.l(exit.o)
    0x08000c22   0x08000c22   0x0000000a   Code   RO          896    .text               c_w.l(defsig_exit.o)
    0x08000c2c   0x08000c2c   0x00000034   Code   RO          898    .text               c_w.l(defsig_rtred_inner.o)
    0x08000c60   0x08000c60   0x0000003e   Code   RO          902    .text               c_w.l(strlen.o)
    0x08000c9e   0x08000c9e   0x00000002   PAD
    0x08000ca0   0x08000ca0   0x0000000c   Code   RO          914    .text               c_w.l(sys_exit.o)
    0x08000cac   0x08000cac   0x00000008   Code   RO          916    .text               c_w.l(libspace.o)
    0x08000cb4   0x08000cb4   0x0000000e   Code   RO          923    .text               c_w.l(h1_init.o)
    0x08000cc2   0x08000cc2   0x00000034   Code   RO          925    .text               c_w.l(h1_extend.o)
    0x08000cf6   0x08000cf6   0x00000042   Code   RO          935    .text               c_w.l(ftell.o)
    0x08000d38   0x08000d38   0x00000032   Code   RO          943    .text               c_w.l(defsig_general.o)
    0x08000d6a   0x08000d6a   0x0000000e   Code   RO          945    .text               c_w.l(defsig_rtmem_outer.o)
    0x08000d78   0x08000d78   0x0000000e   Code   RO          960    .text               c_w.l(sys_wrch.o)
    0x08000d86   0x08000d86   0x00000002   PAD
    0x08000d88   0x08000d88   0x00000008   Code   RO          974    .text               c_w.l(rt_errno_addr_intlibspace.o)
    0x08000d90   0x08000d90   0x00000050   Code   RO          980    .text               c_w.l(defsig_rtmem_inner.o)
    0x08000de0   0x08000de0   0x00000002   Code   RO          286    i.CMock_Destroy     test_mygpio_runner.o
    0x08000de2   0x08000de2   0x00000002   PAD
    0x08000de4   0x08000de4   0x0000001c   Code   RO          287    i.CMock_Init        test_mygpio_runner.o
    0x08000e00   0x08000e00   0x00000002   Code   RO          288    i.CMock_Verify      test_mygpio_runner.o
    0x08000e02   0x08000e02   0x0000002e   Code   RO            4    i.MyGPIO_Init       mygpio.o
    0x08000e30   0x08000e30   0x00000052   Code   RO            5    i.MyGPIO_Write      mygpio.o
    0x08000e82   0x08000e82   0x00000002   PAD
    0x08000e84   0x08000e84   0x00000064   Code   RO          627    i.SystemInit        system_stm32f4xx.o
    0x08000ee8   0x08000ee8   0x00000054   Code   RO          346    i.UnityAddMsgIfSpecified  unity.o
    0x08000f3c   0x08000f3c   0x00000080   Code   RO          347    i.UnityAssertBits   unity.o
    0x08000fbc   0x08000fbc   0x00000078   Code   RO          351    i.UnityAssertEqualNumber  unity.o
    0x08001034   0x08001034   0x00000024   Code   RO          362    i.UnityBegin        unity.o
    0x08001058   0x08001058   0x00000058   Code   RO          363    i.UnityConcludeTest  unity.o
    0x080010b0   0x080010b0   0x0000008c   Code   RO          365    i.UnityEnd          unity.o
    0x0800113c   0x0800113c   0x0000001a   Code   RO          373    i.UnityPrint        unity.o
    0x08001156   0x08001156   0x00000002   PAD
    0x08001158   0x08001158   0x00000068   Code   RO          374    i.UnityPrintChar    unity.o
    0x080011c0   0x080011c0   0x00000048   Code   RO          379    i.UnityPrintMask    unity.o
    0x08001208   0x08001208   0x00000024   Code   RO          380    i.UnityPrintNumber  unity.o
    0x0800122c   0x0800122c   0x000000b4   Code   RO          381    i.UnityPrintNumberByStyle  unity.o
    0x080012e0   0x080012e0   0x0000004c   Code   RO          382    i.UnityPrintNumberHex  unity.o
    0x0800132c   0x0800132c   0x00000044   Code   RO          383    i.UnityPrintNumberUnsigned  unity.o
    0x08001370   0x08001370   0x0000003c   Code   RO          385    i.UnityTestResultsBegin  unity.o
    0x080013ac   0x080013ac   0x0000002c   Code   RO          386    i.UnityTestResultsFailBegin  unity.o
    0x080013d8   0x080013d8   0x00000016   Code   RO          113    i.assertBitsAreLOW  test_mygpio.o
    0x080013ee   0x080013ee   0x00000020   Code   RO          114    i.assertOnlyTheseBitsHigh  test_mygpio.o
    0x0800140e   0x0800140e   0x0000001c   Code   RO            6    i.configureAsOutput  mygpio.o
    0x0800142a   0x0800142a   0x0000001a   Code   RO          685    i.fputc             c_w.l(fputc.o)
    0x08001444   0x08001444   0x00000008   Code   RO            7    i.getPositionForPinInRegister  mygpio.o
    0x0800144c   0x0800144c   0x00000034   Code   RO            8    i.isConfiguredAsOutput  mygpio.o
    0x08001480   0x08001480   0x000002b0   Code   RO          289    i.main              test_mygpio_runner.o
    0x08001730   0x08001730   0x00000014   Code   RO            9    i.moderMask         mygpio.o
    0x08001744   0x08001744   0x0000000a   Code   RO           10    i.pinInMask         mygpio.o
    0x0800174e   0x0800174e   0x0000000a   Code   RO          115    i.pinToMODER_Out    test_mygpio.o
    0x08001758   0x08001758   0x00000022   Code   RO          116    i.pinToMODER_OutAllPins  test_mygpio.o
    0x0800177a   0x0800177a   0x00000008   Code   RO          117    i.posToBits         test_mygpio.o
    0x08001782   0x08001782   0x00000002   PAD
    0x08001784   0x08001784   0x0000005c   Code   RO          291    i.run_test          test_mygpio_runner.o
    0x080017e0   0x080017e0   0x0000001c   Code   RO          118    i.setUp             test_mygpio.o
    0x080017fc   0x080017fc   0x00000002   Code   RO          119    i.tearDown          test_mygpio.o
    0x080017fe   0x080017fe   0x00000002   PAD
    0x08001800   0x08001800   0x00000068   Code   RO          120    i.test_MyGPIO_ConstantsAreCorrect  test_mygpio.o
    0x08001868   0x08001868   0x00000068   Code   RO          121    i.test_MyGPIO_InitPinOutsideRangeReturnsNullPtr  test_mygpio.o
    0x080018d0   0x080018d0   0x00000094   Code   RO          122    i.test_MyGPIO_MultiplePortsMayBeInitialisedAsOutput  test_mygpio.o
    0x08001964   0x08001964   0x0000008c   Code   RO          123    i.test_MyGPIO_OutputCanBeSetHighWhenCalledMultipleTimes  test_mygpio.o
    0x080019f0   0x080019f0   0x0000008c   Code   RO          124    i.test_MyGPIO_OutputCanBeSetLowWhenCalledMultipleTimes  test_mygpio.o
    0x08001a7c   0x08001a7c   0x00000064   Code   RO          125    i.test_MyGPIO_OutputCanBeSetLow_1Pin  test_mygpio.o
    0x08001ae0   0x08001ae0   0x00000024   Code   RO          126    i.test_MyGPIO_OutputIsInitialisedCorrectlyWhen1PinPassedIn  test_mygpio.o
    0x08001b04   0x08001b04   0x00000024   Code   RO          127    i.test_MyGPIO_OutputIsInitialisedCorrectlyWhenAllPinsPassedInSameTime  test_mygpio.o
    0x08001b28   0x08001b28   0x00000038   Code   RO          128    i.test_MyGPIO_OutputIsInitialisedCorrectlyWhenMultiplePinsPassedIn  test_mygpio.o
    0x08001b60   0x08001b60   0x0000004c   Code   RO          129    i.test_MyGPIO_OutputMultiplePinsPassedInCanBeSetHigh  test_mygpio.o
    0x08001bac   0x08001bac   0x00000040   Code   RO          130    i.test_MyGPIO_SinglePinCanBeSetHigh  test_mygpio.o
    0x08001bec   0x08001bec   0x00000030   Code   RO          131    i.test_MyGPIO_WritingToUninitialisedPortDoesNothing  test_mygpio.o
    0x08001c1c   0x08001c1c   0x0000000a   Code   RO          912    x$fpl$fpinit        fz_wm.l(fpinit.o)
    0x08001c26   0x08001c26   0x00000002   PAD
    0x08001c28   0x08001c28   0x00000020   Data   RO          133    .constdata          test_mygpio.o
    0x08001c48   0x08001c48   0x0000023c   Data   RO          390    .constdata          unity.o
    0x08001e84   0x08001e84   0x00000004   Data   RO          695    .constdata          c_w.l(sys_io.o)
    0x08001e88   0x08001e88   0x00000004   Data   RO          696    .constdata          c_w.l(sys_io.o)
    0x08001e8c   0x08001e8c   0x00000004   Data   RO          697    .constdata          c_w.l(sys_io.o)
    0x08001e90   0x08001e90   0x00000085   Data   RO          293    .conststring        test_mygpio_runner.o
    0x08001f15   0x08001f15   0x00000003   PAD
    0x08001f18   0x08001f18   0x00000020   Data   RO         1005    Region$$Table       anon$$obj.o


    Execution Region ER_RW (Exec base: 0x20000000, Load base: 0x08001f38, Size: 0x00000018, Max: 0xffffffff, ABSOLUTE)

    Exec Addr    Load Addr    Size         Type   Attr      Idx    E Section Name        Object

    0x20000000   0x08001f38   0x0000000c   Data   RW          294    .data               test_mygpio_runner.o
    0x2000000c   0x08001f44   0x00000004   Data   RW          670    .data               c_w.l(stdio_streams.o)
    0x20000010   0x08001f48   0x00000004   Data   RW          671    .data               c_w.l(stdio_streams.o)
    0x20000014   0x08001f4c   0x00000004   Data   RW          672    .data               c_w.l(stdio_streams.o)


    Execution Region ER_ZI (Exec base: 0x20000018, Load base: 0x08001f50, Size: 0x00000878, Max: 0xffffffff, ABSOLUTE)

    Exec Addr    Load Addr    Size         Type   Attr      Idx    E Section Name        Object

    0x20000018        -       0x00000050   Zero   RW          132    .bss                test_mygpio.o
    0x20000068        -       0x000000c8   Zero   RW          389    .bss                unity.o
    0x20000130        -       0x00000054   Zero   RW          667    .bss                c_w.l(stdio_streams.o)
    0x20000184        -       0x00000054   Zero   RW          668    .bss                c_w.l(stdio_streams.o)
    0x200001d8        -       0x00000054   Zero   RW          669    .bss                c_w.l(stdio_streams.o)
    0x2000022c        -       0x00000060   Zero   RW          917    .bss                c_w.l(libspace.o)
    0x2000028c   0x08001f50   0x00000004   PAD
    0x20000290        -       0x00000200   Zero   RW          617    HEAP                startup_stm32f407xx.o
    0x20000490        -       0x00000400   Zero   RW          616    STACK               startup_stm32f407xx.o


==============================================================================

Image component sizes


      Code (inc. data)   RO Data    RW Data    ZI Data      Debug   Object Name

       246          0          0          0          0     570137   mygpio.o
        64         26        392          0       1536        892   startup_stm32f407xx.o
       100         18          0          0          0        553   system_stm32f4xx.o
      1188         68         32          0         80      62425   test_mygpio.o
       812        570        133         12          0       3130   test_mygpio_runner.o
      1262        144        572          0        200      60381   unity.o

    ----------------------------------------------------------------------
      3682        826       1164         12       1816     697518   Object Totals
         0          0         32          0          0          0   (incl. Generated)
        10          0          3          0          0          0   (incl. Padding)

    ----------------------------------------------------------------------

      Code (inc. data)   RO Data    RW Data    ZI Data      Debug   Library Member Name

         8          0          0          0          0         68   __main.o
         0          0          0          0          0          0   __rtentry.o
        12          0          0          0          0          0   __rtentry2.o
         6          0          0          0          0          0   __rtentry4.o
        52          8          0          0          0          0   __scatter.o
        26          0          0          0          0          0   __scatter_copy.o
        28          0          0          0          0          0   __scatter_zi.o
        10          0          0          0          0         68   defsig_exit.o
        50          0          0          0          0         88   defsig_general.o
        80         58          0          0          0         76   defsig_rtmem_inner.o
        14          0          0          0          0         80   defsig_rtmem_outer.o
        52         38          0          0          0         76   defsig_rtred_inner.o
        14          0          0          0          0         80   defsig_rtred_outer.o
        18          0          0          0          0         80   exit.o
        76          0          0          0          0         88   fclose.o
       470          0          0          0          0         88   flsbuf.o
       236          4          0          0          0        128   fopen.o
        26          0          0          0          0         68   fputc.o
       248          6          0          0          0         84   fseek.o
        66          0          0          0          0         76   ftell.o
        94          0          0          0          0         80   h1_alloc.o
        52          0          0          0          0         68   h1_extend.o
        78          0          0          0          0         80   h1_free.o
        14          0          0          0          0         84   h1_init.o
         6          0          0          0          0        152   heapauxi.o
         4          0          0          0          0        136   hguard.o
         0          0          0          0          0          0   indicate_semi.o
       138          0          0          0          0        168   init_alloc.o
       312         46          0          0          0        112   initio.o
         2          0          0          0          0          0   libinit.o
        18          0          0          0          0          0   libinit2.o
         2          0          0          0          0          0   libshutdown.o
         6          0          0          0          0          0   libshutdown2.o
         8          4          0          0         96         68   libspace.o
         0          0          0          0          0          0   maybetermalloc1.o
         4          0          0          0          0         68   putc.o
         8          4          0          0          0         68   rt_errno_addr_intlibspace.o
         8          4          0          0          0         68   rt_heap_descriptor_intlibspace.o
        78          0          0          0          0         80   rt_memclr_w.o
       100          0          0          0          0         80   rt_memcpy_w.o
         2          0          0          0          0          0   rtexit.o
        10          0          0          0          0          0   rtexit2.o
        70          0          0          0          0         80   setvbuf.o
       240          6          0          0          0        156   stdio.o
         0          0          0         12        252          0   stdio_streams.o
        62          0          0          0          0         76   strlen.o
        12          4          0          0          0         68   sys_exit.o
       102          0         12          0          0        240   sys_io.o
        74          0          0          0          0         80   sys_stackheap_outer.o
        14          0          0          0          0         76   sys_wrch.o
         2          0          0          0          0         68   use_no_semi.o
        10          0          0          0          0        116   fpinit.o
        98          0          0          0          0        144   setjmp.o

    ----------------------------------------------------------------------
      3134        182         12         12        352       3564   Library Totals
        14          0          0          0          4          0   (incl. Padding)

    ----------------------------------------------------------------------

      Code (inc. data)   RO Data    RW Data    ZI Data      Debug   Library Name

      3012        182         12         12        348       3304   c_w.l
       108          0          0          0          0        260   fz_wm.l

    ----------------------------------------------------------------------
      3134        182         12         12        352       3564   Library Totals

    ----------------------------------------------------------------------

==============================================================================


      Code (inc. data)   RO Data    RW Data    ZI Data      Debug   

      6816       1008       1176         24       2168     694966   Grand Totals
      6816       1008       1176         24       2168     694966   ELF Image Totals
      6816       1008       1176         24          0          0   ROM Totals

==============================================================================

    Total RO  Size (Code + RO Data)                 7992 (   7.80kB)
    Total RW  Size (RW Data + ZI Data)              2192 (   2.14kB)
    Total ROM Size (Code + RO Data + RW Data)       8016 (   7.83kB)

==============================================================================

