Component: ARM Compiler 5.06 update 6 (build 750) Tool: armlink [4d35ed]

==============================================================================

Section Cross References

    mygpio.o(i.MyGPIO_Init) refers to mygpio.o(i.pinInMask) for pinInMask
    mygpio.o(i.MyGPIO_Init) refers to mygpio.o(i.configureAsOutput) for configureAsOutput
    mygpio.o(i.MyGPIO_Write) refers to mygpio.o(i.pinInMask) for pinInMask
    mygpio.o(i.MyGPIO_Write) refers to mygpio.o(i.isConfiguredAsOutput) for isConfiguredAsOutput
    mygpio.o(i.configureAsOutput) refers to mygpio.o(i.getPositionForPinInRegister) for getPositionForPinInRegister
    mygpio.o(i.isConfiguredAsOutput) refers to mygpio.o(i.moderMask) for moderMask
    mygpio.o(i.moderMask) refers to mygpio.o(i.getPositionForPinInRegister) for getPositionForPinInRegister
    test_myrcc.o(i.test_MyRCC_GpioClockEnableWorksForAllPorts) refers to myrcc.o(i.MyRCC_GPIOClockEnable) for MyRCC_GPIOClockEnable
    test_myrcc.o(i.test_MyRCC_GpioClockEnableWorksForAllPorts) refers to unity.o(i.UnityAssertEqualNumber) for UnityAssertEqualNumber
    test_myrcc.o(i.test_MyRCC_GpioClockEnableWorksForAllPorts) refers to unity.o(i.UnityAssertBits) for UnityAssertBits
    test_myrcc_runner.o(i.CMock_Init) refers to test_myrcc_runner.o(.data) for GlobalExpectCount
    test_myrcc_runner.o(i.main) refers to unity.o(i.UnityBegin) for UnityBegin
    test_myrcc_runner.o(i.main) refers to test_myrcc_runner.o(i.run_test) for run_test
    test_myrcc_runner.o(i.main) refers to unity.o(i.UnityEnd) for UnityEnd
    test_myrcc_runner.o(i.main) refers to test_myrcc.o(i.test_MyRCC_GpioClockEnableWorksForAllPorts) for test_MyRCC_GpioClockEnableWorksForAllPorts
    test_myrcc_runner.o(i.resetTest) refers to test_myrcc.o(i.tearDown) for tearDown
    test_myrcc_runner.o(i.resetTest) refers to test_myrcc_runner.o(i.CMock_Verify) for CMock_Verify
    test_myrcc_runner.o(i.resetTest) refers to test_myrcc_runner.o(i.CMock_Destroy) for CMock_Destroy
    test_myrcc_runner.o(i.resetTest) refers to test_myrcc_runner.o(i.CMock_Init) for CMock_Init
    test_myrcc_runner.o(i.resetTest) refers to test_myrcc.o(i.setUp) for setUp
    test_myrcc_runner.o(i.run_test) refers to test_myrcc_runner.o(i.CMock_Init) for CMock_Init
    test_myrcc_runner.o(i.run_test) refers to setjmp.o(.text) for setjmp
    test_myrcc_runner.o(i.run_test) refers to test_myrcc.o(i.setUp) for setUp
    test_myrcc_runner.o(i.run_test) refers to test_myrcc.o(i.tearDown) for tearDown
    test_myrcc_runner.o(i.run_test) refers to test_myrcc_runner.o(i.CMock_Verify) for CMock_Verify
    test_myrcc_runner.o(i.run_test) refers to test_myrcc_runner.o(i.CMock_Destroy) for CMock_Destroy
    test_myrcc_runner.o(i.run_test) refers to unity.o(i.UnityConcludeTest) for UnityConcludeTest
    test_myrcc_runner.o(i.run_test) refers to unity.o(.bss) for Unity
    test_myrcc_runner.o(i.verifyTest) refers to test_myrcc_runner.o(i.CMock_Verify) for CMock_Verify
    unity.o(i.UnityAddMsgIfSpecified) refers to unity.o(i.UnityPrint) for UnityPrint
    unity.o(i.UnityAddMsgIfSpecified) refers to unity.o(.bss) for Unity
    unity.o(i.UnityAddMsgIfSpecified) refers to unity.o(.constdata) for UnityStrSpacer
    unity.o(i.UnityAssertBits) refers to setjmp.o(.text) for longjmp
    unity.o(i.UnityAssertBits) refers to unity.o(i.UnityTestResultsFailBegin) for UnityTestResultsFailBegin
    unity.o(i.UnityAssertBits) refers to unity.o(i.UnityPrint) for UnityPrint
    unity.o(i.UnityAssertBits) refers to unity.o(i.UnityPrintMask) for UnityPrintMask
    unity.o(i.UnityAssertBits) refers to unity.o(i.UnityAddMsgIfSpecified) for UnityAddMsgIfSpecified
    unity.o(i.UnityAssertBits) refers to unity.o(.bss) for Unity
    unity.o(i.UnityAssertBits) refers to unity.o(.constdata) for UnityStrExpected
    unity.o(i.UnityAssertEqualFloatArray) refers to setjmp.o(.text) for longjmp
    unity.o(i.UnityAssertEqualFloatArray) refers to unity.o(i.UnityTestResultsFailBegin) for UnityTestResultsFailBegin
    unity.o(i.UnityAssertEqualFloatArray) refers to unity.o(i.UnityPrint) for UnityPrint
    unity.o(i.UnityAssertEqualFloatArray) refers to unity.o(i.UnityAddMsgIfSpecified) for UnityAddMsgIfSpecified
    unity.o(i.UnityAssertEqualFloatArray) refers to unity.o(i.UnityIsOneArrayNull) for UnityIsOneArrayNull
    unity.o(i.UnityAssertEqualFloatArray) refers to unity.o(i.UnityFloatsWithin) for UnityFloatsWithin
    unity.o(i.UnityAssertEqualFloatArray) refers to unity.o(i.UnityPrintNumberUnsigned) for UnityPrintNumberUnsigned
    unity.o(i.UnityAssertEqualFloatArray) refers to unity.o(i.UnityPrintFloat) for UnityPrintFloat
    unity.o(i.UnityAssertEqualFloatArray) refers to unity.o(.bss) for Unity
    unity.o(i.UnityAssertEqualFloatArray) refers to unity.o(.constdata) for UnityStrPointless
    unity.o(i.UnityAssertEqualIntArray) refers to setjmp.o(.text) for longjmp
    unity.o(i.UnityAssertEqualIntArray) refers to unity.o(i.UnityTestResultsFailBegin) for UnityTestResultsFailBegin
    unity.o(i.UnityAssertEqualIntArray) refers to unity.o(i.UnityPrint) for UnityPrint
    unity.o(i.UnityAssertEqualIntArray) refers to unity.o(i.UnityAddMsgIfSpecified) for UnityAddMsgIfSpecified
    unity.o(i.UnityAssertEqualIntArray) refers to unity.o(i.UnityIsOneArrayNull) for UnityIsOneArrayNull
    unity.o(i.UnityAssertEqualIntArray) refers to unity.o(i.UnityPrintNumberUnsigned) for UnityPrintNumberUnsigned
    unity.o(i.UnityAssertEqualIntArray) refers to unity.o(i.UnityPrintNumberByStyle) for UnityPrintNumberByStyle
    unity.o(i.UnityAssertEqualIntArray) refers to unity.o(.bss) for Unity
    unity.o(i.UnityAssertEqualIntArray) refers to unity.o(.constdata) for UnityStrPointless
    unity.o(i.UnityAssertEqualMemory) refers to setjmp.o(.text) for longjmp
    unity.o(i.UnityAssertEqualMemory) refers to unity.o(i.UnityTestResultsFailBegin) for UnityTestResultsFailBegin
    unity.o(i.UnityAssertEqualMemory) refers to unity.o(i.UnityPrint) for UnityPrint
    unity.o(i.UnityAssertEqualMemory) refers to unity.o(i.UnityAddMsgIfSpecified) for UnityAddMsgIfSpecified
    unity.o(i.UnityAssertEqualMemory) refers to unity.o(i.UnityIsOneArrayNull) for UnityIsOneArrayNull
    unity.o(i.UnityAssertEqualMemory) refers to unity.o(i.UnityPrintNumberUnsigned) for UnityPrintNumberUnsigned
    unity.o(i.UnityAssertEqualMemory) refers to unity.o(i.UnityPrintNumberByStyle) for UnityPrintNumberByStyle
    unity.o(i.UnityAssertEqualMemory) refers to unity.o(.bss) for Unity
    unity.o(i.UnityAssertEqualMemory) refers to unity.o(.constdata) for UnityStrPointless
    unity.o(i.UnityAssertEqualNumber) refers to setjmp.o(.text) for longjmp
    unity.o(i.UnityAssertEqualNumber) refers to unity.o(i.UnityTestResultsFailBegin) for UnityTestResultsFailBegin
    unity.o(i.UnityAssertEqualNumber) refers to unity.o(i.UnityPrint) for UnityPrint
    unity.o(i.UnityAssertEqualNumber) refers to unity.o(i.UnityPrintNumberByStyle) for UnityPrintNumberByStyle
    unity.o(i.UnityAssertEqualNumber) refers to unity.o(i.UnityAddMsgIfSpecified) for UnityAddMsgIfSpecified
    unity.o(i.UnityAssertEqualNumber) refers to unity.o(.bss) for Unity
    unity.o(i.UnityAssertEqualNumber) refers to unity.o(.constdata) for UnityStrExpected
    unity.o(i.UnityAssertEqualString) refers to setjmp.o(.text) for longjmp
    unity.o(i.UnityAssertEqualString) refers to unity.o(i.UnityTestResultsFailBegin) for UnityTestResultsFailBegin
    unity.o(i.UnityAssertEqualString) refers to unity.o(i.UnityPrintExpectedAndActualStrings) for UnityPrintExpectedAndActualStrings
    unity.o(i.UnityAssertEqualString) refers to unity.o(i.UnityAddMsgIfSpecified) for UnityAddMsgIfSpecified
    unity.o(i.UnityAssertEqualString) refers to unity.o(.bss) for Unity
    unity.o(i.UnityAssertEqualStringArray) refers to setjmp.o(.text) for longjmp
    unity.o(i.UnityAssertEqualStringArray) refers to unity.o(i.UnityTestResultsFailBegin) for UnityTestResultsFailBegin
    unity.o(i.UnityAssertEqualStringArray) refers to unity.o(i.UnityPrint) for UnityPrint
    unity.o(i.UnityAssertEqualStringArray) refers to unity.o(i.UnityAddMsgIfSpecified) for UnityAddMsgIfSpecified
    unity.o(i.UnityAssertEqualStringArray) refers to unity.o(i.UnityIsOneArrayNull) for UnityIsOneArrayNull
    unity.o(i.UnityAssertEqualStringArray) refers to unity.o(i.UnityPrintNumberUnsigned) for UnityPrintNumberUnsigned
    unity.o(i.UnityAssertEqualStringArray) refers to unity.o(i.UnityPrintExpectedAndActualStrings) for UnityPrintExpectedAndActualStrings
    unity.o(i.UnityAssertEqualStringArray) refers to unity.o(.bss) for Unity
    unity.o(i.UnityAssertEqualStringArray) refers to unity.o(.constdata) for UnityStrPointless
    unity.o(i.UnityAssertEqualStringLen) refers to setjmp.o(.text) for longjmp
    unity.o(i.UnityAssertEqualStringLen) refers to unity.o(i.UnityTestResultsFailBegin) for UnityTestResultsFailBegin
    unity.o(i.UnityAssertEqualStringLen) refers to unity.o(i.UnityPrintExpectedAndActualStringsLen) for UnityPrintExpectedAndActualStringsLen
    unity.o(i.UnityAssertEqualStringLen) refers to unity.o(i.UnityAddMsgIfSpecified) for UnityAddMsgIfSpecified
    unity.o(i.UnityAssertEqualStringLen) refers to unity.o(.bss) for Unity
    unity.o(i.UnityAssertFloatSpecial) refers to setjmp.o(.text) for longjmp
    unity.o(i.UnityAssertFloatSpecial) refers to unity.o(i.__ARM_isinff) for __ARM_isinff
    unity.o(i.UnityAssertFloatSpecial) refers to unity.o(i.__ARM_isnanf) for __ARM_isnanf
    unity.o(i.UnityAssertFloatSpecial) refers to unity.o(i.UnityTestResultsFailBegin) for UnityTestResultsFailBegin
    unity.o(i.UnityAssertFloatSpecial) refers to unity.o(i.UnityPrint) for UnityPrint
    unity.o(i.UnityAssertFloatSpecial) refers to unity.o(i.UnityPrintFloat) for UnityPrintFloat
    unity.o(i.UnityAssertFloatSpecial) refers to unity.o(i.UnityAddMsgIfSpecified) for UnityAddMsgIfSpecified
    unity.o(i.UnityAssertFloatSpecial) refers to unity.o(.constdata) for .constdata
    unity.o(i.UnityAssertFloatSpecial) refers to unity.o(.bss) for Unity
    unity.o(i.UnityAssertFloatsNotWithin) refers to setjmp.o(.text) for longjmp
    unity.o(i.UnityAssertFloatsNotWithin) refers to unity.o(i.UnityFloatsWithin) for UnityFloatsWithin
    unity.o(i.UnityAssertFloatsNotWithin) refers to unity.o(i.UnityTestResultsFailBegin) for UnityTestResultsFailBegin
    unity.o(i.UnityAssertFloatsNotWithin) refers to unity.o(i.UnityPrint) for UnityPrint
    unity.o(i.UnityAssertFloatsNotWithin) refers to unity.o(i.UnityPrintFloat) for UnityPrintFloat
    unity.o(i.UnityAssertFloatsNotWithin) refers to unity.o(i.UnityAddMsgIfSpecified) for UnityAddMsgIfSpecified
    unity.o(i.UnityAssertFloatsNotWithin) refers to unity.o(.bss) for Unity
    unity.o(i.UnityAssertFloatsNotWithin) refers to unity.o(.constdata) for UnityStrExpected
    unity.o(i.UnityAssertFloatsWithin) refers to setjmp.o(.text) for longjmp
    unity.o(i.UnityAssertFloatsWithin) refers to unity.o(i.UnityFloatsWithin) for UnityFloatsWithin
    unity.o(i.UnityAssertFloatsWithin) refers to unity.o(i.UnityTestResultsFailBegin) for UnityTestResultsFailBegin
    unity.o(i.UnityAssertFloatsWithin) refers to unity.o(i.UnityPrint) for UnityPrint
    unity.o(i.UnityAssertFloatsWithin) refers to unity.o(i.UnityPrintFloat) for UnityPrintFloat
    unity.o(i.UnityAssertFloatsWithin) refers to unity.o(i.UnityAddMsgIfSpecified) for UnityAddMsgIfSpecified
    unity.o(i.UnityAssertFloatsWithin) refers to unity.o(.bss) for Unity
    unity.o(i.UnityAssertFloatsWithin) refers to unity.o(.constdata) for UnityStrExpected
    unity.o(i.UnityAssertGreaterOrLessFloat) refers to setjmp.o(.text) for longjmp
    unity.o(i.UnityAssertGreaterOrLessFloat) refers to unity.o(i.UnityFloatsWithin) for UnityFloatsWithin
    unity.o(i.UnityAssertGreaterOrLessFloat) refers to unity.o(i.UnityTestResultsFailBegin) for UnityTestResultsFailBegin
    unity.o(i.UnityAssertGreaterOrLessFloat) refers to unity.o(i.UnityPrint) for UnityPrint
    unity.o(i.UnityAssertGreaterOrLessFloat) refers to unity.o(i.UnityPrintFloat) for UnityPrintFloat
    unity.o(i.UnityAssertGreaterOrLessFloat) refers to unity.o(i.UnityAddMsgIfSpecified) for UnityAddMsgIfSpecified
    unity.o(i.UnityAssertGreaterOrLessFloat) refers to unity.o(.bss) for Unity
    unity.o(i.UnityAssertGreaterOrLessFloat) refers to unity.o(.constdata) for UnityStrExpected
    unity.o(i.UnityAssertGreaterOrLessOrEqualNumber) refers to setjmp.o(.text) for longjmp
    unity.o(i.UnityAssertGreaterOrLessOrEqualNumber) refers to unity.o(i.UnityTestResultsFailBegin) for UnityTestResultsFailBegin
    unity.o(i.UnityAssertGreaterOrLessOrEqualNumber) refers to unity.o(i.UnityPrint) for UnityPrint
    unity.o(i.UnityAssertGreaterOrLessOrEqualNumber) refers to unity.o(i.UnityPrintNumberByStyle) for UnityPrintNumberByStyle
    unity.o(i.UnityAssertGreaterOrLessOrEqualNumber) refers to unity.o(i.UnityAddMsgIfSpecified) for UnityAddMsgIfSpecified
    unity.o(i.UnityAssertGreaterOrLessOrEqualNumber) refers to unity.o(.bss) for Unity
    unity.o(i.UnityAssertGreaterOrLessOrEqualNumber) refers to unity.o(.constdata) for UnityStrExpected
    unity.o(i.UnityAssertNumbersArrayWithin) refers to setjmp.o(.text) for longjmp
    unity.o(i.UnityAssertNumbersArrayWithin) refers to unity.o(i.UnityTestResultsFailBegin) for UnityTestResultsFailBegin
    unity.o(i.UnityAssertNumbersArrayWithin) refers to unity.o(i.UnityPrint) for UnityPrint
    unity.o(i.UnityAssertNumbersArrayWithin) refers to unity.o(i.UnityAddMsgIfSpecified) for UnityAddMsgIfSpecified
    unity.o(i.UnityAssertNumbersArrayWithin) refers to unity.o(i.UnityIsOneArrayNull) for UnityIsOneArrayNull
    unity.o(i.UnityAssertNumbersArrayWithin) refers to unity.o(i.UnityPrintNumberByStyle) for UnityPrintNumberByStyle
    unity.o(i.UnityAssertNumbersArrayWithin) refers to unity.o(i.UnityPrintNumberUnsigned) for UnityPrintNumberUnsigned
    unity.o(i.UnityAssertNumbersArrayWithin) refers to unity.o(.bss) for Unity
    unity.o(i.UnityAssertNumbersArrayWithin) refers to unity.o(.constdata) for UnityStrPointless
    unity.o(i.UnityAssertNumbersWithin) refers to setjmp.o(.text) for longjmp
    unity.o(i.UnityAssertNumbersWithin) refers to unity.o(i.UnityTestResultsFailBegin) for UnityTestResultsFailBegin
    unity.o(i.UnityAssertNumbersWithin) refers to unity.o(i.UnityPrint) for UnityPrint
    unity.o(i.UnityAssertNumbersWithin) refers to unity.o(i.UnityPrintNumberByStyle) for UnityPrintNumberByStyle
    unity.o(i.UnityAssertNumbersWithin) refers to unity.o(i.UnityAddMsgIfSpecified) for UnityAddMsgIfSpecified
    unity.o(i.UnityAssertNumbersWithin) refers to unity.o(.bss) for Unity
    unity.o(i.UnityAssertNumbersWithin) refers to unity.o(.constdata) for UnityStrDelta
    unity.o(i.UnityBegin) refers to unity.o(.bss) for Unity
    unity.o(i.UnityConcludeTest) refers to unity.o(i.UnityTestResultsBegin) for UnityTestResultsBegin
    unity.o(i.UnityConcludeTest) refers to unity.o(i.UnityPrint) for UnityPrint
    unity.o(i.UnityConcludeTest) refers to putc.o(.text) for putc
    unity.o(i.UnityConcludeTest) refers to unity.o(.bss) for Unity
    unity.o(i.UnityConcludeTest) refers to unity.o(.constdata) for UnityStrPass
    unity.o(i.UnityConcludeTest) refers to retarget.o(.data) for __stdout
    unity.o(i.UnityDefaultTestRun) refers to setjmp.o(.text) for setjmp
    unity.o(i.UnityDefaultTestRun) refers to test_myrcc.o(i.setUp) for setUp
    unity.o(i.UnityDefaultTestRun) refers to test_myrcc.o(i.tearDown) for tearDown
    unity.o(i.UnityDefaultTestRun) refers to unity.o(i.UnityConcludeTest) for UnityConcludeTest
    unity.o(i.UnityDefaultTestRun) refers to unity.o(.bss) for Unity
    unity.o(i.UnityEnd) refers to putc.o(.text) for putc
    unity.o(i.UnityEnd) refers to unity.o(i.UnityPrint) for UnityPrint
    unity.o(i.UnityEnd) refers to unity.o(i.UnityPrintNumber) for UnityPrintNumber
    unity.o(i.UnityEnd) refers to retarget.o(.data) for __stdout
    unity.o(i.UnityEnd) refers to unity.o(.constdata) for UnityStrBreaker
    unity.o(i.UnityEnd) refers to unity.o(.bss) for Unity
    unity.o(i.UnityFail) refers to setjmp.o(.text) for longjmp
    unity.o(i.UnityFail) refers to unity.o(i.UnityTestResultsBegin) for UnityTestResultsBegin
    unity.o(i.UnityFail) refers to unity.o(i.UnityPrint) for UnityPrint
    unity.o(i.UnityFail) refers to putc.o(.text) for putc
    unity.o(i.UnityFail) refers to unity.o(.bss) for Unity
    unity.o(i.UnityFail) refers to unity.o(.constdata) for UnityStrFail
    unity.o(i.UnityFail) refers to retarget.o(.data) for __stdout
    unity.o(i.UnityFloatToPtr) refers to unity.o(.data) for UnityQuickCompare
    unity.o(i.UnityFloatsWithin) refers to unity.o(i.__ARM_isinff) for __ARM_isinff
    unity.o(i.UnityFloatsWithin) refers to unity.o(i.__ARM_isnanf) for __ARM_isnanf
    unity.o(i.UnityIgnore) refers to setjmp.o(.text) for longjmp
    unity.o(i.UnityIgnore) refers to unity.o(i.UnityTestResultsBegin) for UnityTestResultsBegin
    unity.o(i.UnityIgnore) refers to unity.o(i.UnityPrint) for UnityPrint
    unity.o(i.UnityIgnore) refers to putc.o(.text) for putc
    unity.o(i.UnityIgnore) refers to unity.o(.bss) for Unity
    unity.o(i.UnityIgnore) refers to unity.o(.constdata) for UnityStrIgnore
    unity.o(i.UnityIgnore) refers to retarget.o(.data) for __stdout
    unity.o(i.UnityIsOneArrayNull) refers to unity.o(i.UnityTestResultsFailBegin) for UnityTestResultsFailBegin
    unity.o(i.UnityIsOneArrayNull) refers to unity.o(i.UnityPrint) for UnityPrint
    unity.o(i.UnityIsOneArrayNull) refers to unity.o(i.UnityAddMsgIfSpecified) for UnityAddMsgIfSpecified
    unity.o(i.UnityIsOneArrayNull) refers to unity.o(.constdata) for UnityStrNullPointerForExpected
    unity.o(i.UnityMessage) refers to unity.o(i.UnityTestResultsBegin) for UnityTestResultsBegin
    unity.o(i.UnityMessage) refers to unity.o(i.UnityPrint) for UnityPrint
    unity.o(i.UnityMessage) refers to putc.o(.text) for putc
    unity.o(i.UnityMessage) refers to unity.o(.bss) for Unity
    unity.o(i.UnityMessage) refers to retarget.o(.data) for __stdout
    unity.o(i.UnityNumToPtr) refers to unity.o(.data) for UnityQuickCompare
    unity.o(i.UnityPrint) refers to unity.o(i.UnityPrintChar) for UnityPrintChar
    unity.o(i.UnityPrintChar) refers to putc.o(.text) for putc
    unity.o(i.UnityPrintChar) refers to unity.o(i.UnityPrintNumberHex) for UnityPrintNumberHex
    unity.o(i.UnityPrintChar) refers to retarget.o(.data) for __stdout
    unity.o(i.UnityPrintExpectedAndActualStrings) refers to unity.o(i.UnityPrint) for UnityPrint
    unity.o(i.UnityPrintExpectedAndActualStrings) refers to putc.o(.text) for putc
    unity.o(i.UnityPrintExpectedAndActualStrings) refers to unity.o(.constdata) for UnityStrExpected
    unity.o(i.UnityPrintExpectedAndActualStrings) refers to retarget.o(.data) for __stdout
    unity.o(i.UnityPrintExpectedAndActualStringsLen) refers to unity.o(i.UnityPrint) for UnityPrint
    unity.o(i.UnityPrintExpectedAndActualStringsLen) refers to putc.o(.text) for putc
    unity.o(i.UnityPrintExpectedAndActualStringsLen) refers to unity.o(i.UnityPrintLen) for UnityPrintLen
    unity.o(i.UnityPrintExpectedAndActualStringsLen) refers to unity.o(.constdata) for UnityStrExpected
    unity.o(i.UnityPrintExpectedAndActualStringsLen) refers to retarget.o(.data) for __stdout
    unity.o(i.UnityPrintFloat) refers to putc.o(.text) for putc
    unity.o(i.UnityPrintFloat) refers to unity.o(i.UnityPrint) for UnityPrint
    unity.o(i.UnityPrintFloat) refers to unity.o(i.__ARM_isnanf) for __ARM_isnanf
    unity.o(i.UnityPrintFloat) refers to unity.o(i.__ARM_isinff) for __ARM_isinff
    unity.o(i.UnityPrintFloat) refers to retarget.o(.data) for __stdout
    unity.o(i.UnityPrintLen) refers to putc.o(.text) for putc
    unity.o(i.UnityPrintLen) refers to unity.o(i.UnityPrintNumberHex) for UnityPrintNumberHex
    unity.o(i.UnityPrintLen) refers to retarget.o(.data) for __stdout
    unity.o(i.UnityPrintMask) refers to putc.o(.text) for putc
    unity.o(i.UnityPrintMask) refers to retarget.o(.data) for __stdout
    unity.o(i.UnityPrintNumber) refers to putc.o(.text) for putc
    unity.o(i.UnityPrintNumber) refers to unity.o(i.UnityPrintNumberUnsigned) for UnityPrintNumberUnsigned
    unity.o(i.UnityPrintNumber) refers to retarget.o(.data) for __stdout
    unity.o(i.UnityPrintNumberByStyle) refers to putc.o(.text) for putc
    unity.o(i.UnityPrintNumberByStyle) refers to unity.o(i.UnityPrintNumberHex) for UnityPrintNumberHex
    unity.o(i.UnityPrintNumberByStyle) refers to unity.o(i.UnityPrintNumber) for UnityPrintNumber
    unity.o(i.UnityPrintNumberByStyle) refers to unity.o(i.UnityPrintNumberUnsigned) for UnityPrintNumberUnsigned
    unity.o(i.UnityPrintNumberByStyle) refers to retarget.o(.data) for __stdout
    unity.o(i.UnityPrintNumberHex) refers to putc.o(.text) for putc
    unity.o(i.UnityPrintNumberHex) refers to retarget.o(.data) for __stdout
    unity.o(i.UnityPrintNumberUnsigned) refers to putc.o(.text) for putc
    unity.o(i.UnityPrintNumberUnsigned) refers to retarget.o(.data) for __stdout
    unity.o(i.UnitySetTestFile) refers to unity.o(.bss) for Unity
    unity.o(i.UnityTestResultsBegin) refers to unity.o(i.UnityPrint) for UnityPrint
    unity.o(i.UnityTestResultsBegin) refers to putc.o(.text) for putc
    unity.o(i.UnityTestResultsBegin) refers to unity.o(i.UnityPrintNumber) for UnityPrintNumber
    unity.o(i.UnityTestResultsBegin) refers to retarget.o(.data) for __stdout
    unity.o(i.UnityTestResultsBegin) refers to unity.o(.bss) for Unity
    unity.o(i.UnityTestResultsFailBegin) refers to unity.o(i.UnityTestResultsBegin) for UnityTestResultsBegin
    unity.o(i.UnityTestResultsFailBegin) refers to unity.o(i.UnityPrint) for UnityPrint
    unity.o(i.UnityTestResultsFailBegin) refers to putc.o(.text) for putc
    unity.o(i.UnityTestResultsFailBegin) refers to unity.o(.bss) for Unity
    unity.o(i.UnityTestResultsFailBegin) refers to unity.o(.constdata) for UnityStrFail
    unity.o(i.UnityTestResultsFailBegin) refers to retarget.o(.data) for __stdout
    retarget.o(.rev16_text) refers (Special) to use_no_semi.o(.text) for __use_no_semihosting_swi
    retarget.o(.revsh_text) refers (Special) to use_no_semi.o(.text) for __use_no_semihosting_swi
    retarget.o(.rrx_text) refers (Special) to use_no_semi.o(.text) for __use_no_semihosting_swi
    retarget.o(i._sys_exit) refers (Special) to use_no_semi.o(.text) for __use_no_semihosting_swi
    retarget.o(i._ttywrch) refers (Special) to use_no_semi.o(.text) for __use_no_semihosting_swi
    retarget.o(i.ferror) refers (Special) to use_no_semi.o(.text) for __use_no_semihosting_swi
    retarget.o(i.fgetc) refers (Special) to use_no_semi.o(.text) for __use_no_semihosting_swi
    retarget.o(i.fputc) refers (Special) to use_no_semi.o(.text) for __use_no_semihosting_swi
    retarget.o(.data) refers (Special) to use_no_semi.o(.text) for __use_no_semihosting_swi
    startup_stm32f407xx.o(STACK) refers (Special) to heapauxi.o(.text) for __use_two_region_memory
    startup_stm32f407xx.o(HEAP) refers (Special) to heapauxi.o(.text) for __use_two_region_memory
    startup_stm32f407xx.o(RESET) refers (Special) to heapauxi.o(.text) for __use_two_region_memory
    startup_stm32f407xx.o(RESET) refers to startup_stm32f407xx.o(STACK) for __initial_sp
    startup_stm32f407xx.o(RESET) refers to startup_stm32f407xx.o(.text) for Reset_Handler
    startup_stm32f407xx.o(.text) refers (Special) to heapauxi.o(.text) for __use_two_region_memory
    startup_stm32f407xx.o(.text) refers to system_stm32f4xx.o(i.SystemInit) for SystemInit
    startup_stm32f407xx.o(.text) refers to __main.o(!!!main) for __main
    startup_stm32f407xx.o(.text) refers to startup_stm32f407xx.o(HEAP) for Heap_Mem
    startup_stm32f407xx.o(.text) refers to startup_stm32f407xx.o(STACK) for Stack_Mem
    system_stm32f4xx.o(i.SystemCoreClockUpdate) refers to system_stm32f4xx.o(.data) for SystemCoreClock
    system_stm32f4xx.o(i.SystemCoreClockUpdate) refers to system_stm32f4xx.o(.constdata) for AHBPrescTable
    putc.o(.text) refers to retarget.o(i.fputc) for fputc
    __main.o(!!!main) refers to __rtentry.o(.ARM.Collect$$rtentry$$00000000) for __rt_entry
    __rtentry.o(.ARM.Collect$$rtentry$$00000000) refers (Special) to __rtentry2.o(.ARM.Collect$$rtentry$$0000000A) for __rt_entry_li
    __rtentry.o(.ARM.Collect$$rtentry$$00000000) refers (Special) to __rtentry2.o(.ARM.Collect$$rtentry$$0000000D) for __rt_entry_main
    __rtentry.o(.ARM.Collect$$rtentry$$00000000) refers (Special) to __rtentry2.o(.ARM.Collect$$rtentry$$0000000C) for __rt_entry_postli_1
    __rtentry.o(.ARM.Collect$$rtentry$$00000000) refers (Special) to __rtentry2.o(.ARM.Collect$$rtentry$$00000009) for __rt_entry_postsh_1
    __rtentry.o(.ARM.Collect$$rtentry$$00000000) refers (Special) to __rtentry2.o(.ARM.Collect$$rtentry$$00000002) for __rt_entry_presh_1
    __rtentry.o(.ARM.Collect$$rtentry$$00000000) refers (Special) to __rtentry4.o(.ARM.Collect$$rtentry$$00000004) for __rt_entry_sh
    __rtentry2.o(.ARM.Collect$$rtentry$$00000008) refers to boardinit2.o(.text) for _platform_post_stackheap_init
    __rtentry2.o(.ARM.Collect$$rtentry$$0000000A) refers to libinit.o(.ARM.Collect$$libinit$$00000000) for __rt_lib_init
    __rtentry2.o(.ARM.Collect$$rtentry$$0000000B) refers to boardinit3.o(.text) for _platform_post_lib_init
    __rtentry2.o(.ARM.Collect$$rtentry$$0000000D) refers to test_myrcc_runner.o(i.main) for main
    __rtentry2.o(.ARM.Collect$$rtentry$$0000000D) refers to exit.o(.text) for exit
    __rtentry2.o(.ARM.exidx) refers to __rtentry2.o(.ARM.Collect$$rtentry$$00000001) for .ARM.Collect$$rtentry$$00000001
    __rtentry2.o(.ARM.exidx) refers to __rtentry2.o(.ARM.Collect$$rtentry$$00000008) for .ARM.Collect$$rtentry$$00000008
    __rtentry2.o(.ARM.exidx) refers to __rtentry2.o(.ARM.Collect$$rtentry$$0000000A) for .ARM.Collect$$rtentry$$0000000A
    __rtentry2.o(.ARM.exidx) refers to __rtentry2.o(.ARM.Collect$$rtentry$$0000000B) for .ARM.Collect$$rtentry$$0000000B
    __rtentry2.o(.ARM.exidx) refers to __rtentry2.o(.ARM.Collect$$rtentry$$0000000D) for .ARM.Collect$$rtentry$$0000000D
    __rtentry4.o(.ARM.Collect$$rtentry$$00000004) refers to sys_stackheap_outer.o(.text) for __user_setup_stackheap
    __rtentry4.o(.ARM.exidx) refers to __rtentry4.o(.ARM.Collect$$rtentry$$00000004) for .ARM.Collect$$rtentry$$00000004
    sys_stackheap_outer.o(.text) refers to libspace.o(.text) for __user_perproc_libspace
    sys_stackheap_outer.o(.text) refers to startup_stm32f407xx.o(.text) for __user_initial_stackheap
    exit.o(.text) refers to rtexit.o(.ARM.Collect$$rtexit$$00000000) for __rt_exit
    libinit.o(.ARM.Collect$$libinit$$00000000) refers (Special) to libinit2.o(.ARM.Collect$$libinit$$0000002E) for __rt_lib_init_alloca_1
    libinit.o(.ARM.Collect$$libinit$$00000000) refers (Special) to libinit2.o(.ARM.Collect$$libinit$$0000002C) for __rt_lib_init_argv_1
    libinit.o(.ARM.Collect$$libinit$$00000000) refers (Special) to libinit2.o(.ARM.Collect$$libinit$$0000001B) for __rt_lib_init_atexit_1
    libinit.o(.ARM.Collect$$libinit$$00000000) refers (Special) to libinit2.o(.ARM.Collect$$libinit$$00000021) for __rt_lib_init_clock_1
    libinit.o(.ARM.Collect$$libinit$$00000000) refers (Special) to libinit2.o(.ARM.Collect$$libinit$$00000032) for __rt_lib_init_cpp_1
    libinit.o(.ARM.Collect$$libinit$$00000000) refers (Special) to libinit2.o(.ARM.Collect$$libinit$$00000030) for __rt_lib_init_exceptions_1
    libinit.o(.ARM.Collect$$libinit$$00000000) refers (Special) to libinit2.o(.ARM.Collect$$libinit$$00000001) for __rt_lib_init_fp_1
    libinit.o(.ARM.Collect$$libinit$$00000000) refers (Special) to libinit2.o(.ARM.Collect$$libinit$$0000001F) for __rt_lib_init_fp_trap_1
    libinit.o(.ARM.Collect$$libinit$$00000000) refers (Special) to libinit2.o(.ARM.Collect$$libinit$$00000023) for __rt_lib_init_getenv_1
    libinit.o(.ARM.Collect$$libinit$$00000000) refers (Special) to libinit2.o(.ARM.Collect$$libinit$$0000000A) for __rt_lib_init_heap_1
    libinit.o(.ARM.Collect$$libinit$$00000000) refers (Special) to libinit2.o(.ARM.Collect$$libinit$$00000011) for __rt_lib_init_lc_collate_1
    libinit.o(.ARM.Collect$$libinit$$00000000) refers (Special) to libinit2.o(.ARM.Collect$$libinit$$00000013) for __rt_lib_init_lc_ctype_1
    libinit.o(.ARM.Collect$$libinit$$00000000) refers (Special) to libinit2.o(.ARM.Collect$$libinit$$00000015) for __rt_lib_init_lc_monetary_1
    libinit.o(.ARM.Collect$$libinit$$00000000) refers (Special) to libinit2.o(.ARM.Collect$$libinit$$00000017) for __rt_lib_init_lc_numeric_1
    libinit.o(.ARM.Collect$$libinit$$00000000) refers (Special) to libinit2.o(.ARM.Collect$$libinit$$00000019) for __rt_lib_init_lc_time_1
    libinit.o(.ARM.Collect$$libinit$$00000000) refers (Special) to libinit2.o(.ARM.Collect$$libinit$$00000004) for __rt_lib_init_preinit_1
    libinit.o(.ARM.Collect$$libinit$$00000000) refers (Special) to libinit2.o(.ARM.Collect$$libinit$$0000000E) for __rt_lib_init_rand_1
    libinit.o(.ARM.Collect$$libinit$$00000000) refers (Special) to libinit2.o(.ARM.Collect$$libinit$$00000033) for __rt_lib_init_return
    libinit.o(.ARM.Collect$$libinit$$00000000) refers (Special) to libinit2.o(.ARM.Collect$$libinit$$0000001D) for __rt_lib_init_signal_1
    libinit.o(.ARM.Collect$$libinit$$00000000) refers (Special) to libinit2.o(.ARM.Collect$$libinit$$00000025) for __rt_lib_init_stdio_1
    libinit.o(.ARM.Collect$$libinit$$00000000) refers (Special) to libinit2.o(.ARM.Collect$$libinit$$0000000C) for __rt_lib_init_user_alloc_1
    libspace.o(.text) refers to libspace.o(.bss) for __libspace_start
    rtexit.o(.ARM.Collect$$rtexit$$00000000) refers (Special) to rtexit2.o(.ARM.Collect$$rtexit$$00000004) for __rt_exit_exit
    rtexit.o(.ARM.Collect$$rtexit$$00000000) refers (Special) to rtexit2.o(.ARM.Collect$$rtexit$$00000003) for __rt_exit_ls
    rtexit.o(.ARM.Collect$$rtexit$$00000000) refers (Special) to rtexit2.o(.ARM.Collect$$rtexit$$00000002) for __rt_exit_prels_1
    rtexit.o(.ARM.exidx) refers (Special) to rtexit2.o(.ARM.Collect$$rtexit$$00000004) for __rt_exit_exit
    rtexit.o(.ARM.exidx) refers (Special) to rtexit2.o(.ARM.Collect$$rtexit$$00000003) for __rt_exit_ls
    rtexit.o(.ARM.exidx) refers (Special) to rtexit2.o(.ARM.Collect$$rtexit$$00000002) for __rt_exit_prels_1
    rtexit.o(.ARM.exidx) refers to rtexit.o(.ARM.Collect$$rtexit$$00000000) for .ARM.Collect$$rtexit$$00000000
    libinit2.o(.ARM.Collect$$libinit$$00000001) refers to fpinit.o(x$fpl$fpinit) for _fp_init
    libinit2.o(.ARM.Collect$$libinit$$00000010) refers to libinit2.o(.ARM.Collect$$libinit$$0000000F) for .ARM.Collect$$libinit$$0000000F
    libinit2.o(.ARM.Collect$$libinit$$00000012) refers to libinit2.o(.ARM.Collect$$libinit$$0000000F) for .ARM.Collect$$libinit$$0000000F
    libinit2.o(.ARM.Collect$$libinit$$00000014) refers to libinit2.o(.ARM.Collect$$libinit$$0000000F) for .ARM.Collect$$libinit$$0000000F
    libinit2.o(.ARM.Collect$$libinit$$00000016) refers to libinit2.o(.ARM.Collect$$libinit$$0000000F) for .ARM.Collect$$libinit$$0000000F
    libinit2.o(.ARM.Collect$$libinit$$00000018) refers to libinit2.o(.ARM.Collect$$libinit$$0000000F) for .ARM.Collect$$libinit$$0000000F
    libinit2.o(.ARM.Collect$$libinit$$00000026) refers to argv_veneer.o(.emb_text) for __ARM_argv_veneer
    libinit2.o(.ARM.Collect$$libinit$$00000027) refers to argv_veneer.o(.emb_text) for __ARM_argv_veneer
    rtexit2.o(.ARM.Collect$$rtexit$$00000003) refers to libshutdown.o(.ARM.Collect$$libshutdown$$00000000) for __rt_lib_shutdown
    rtexit2.o(.ARM.Collect$$rtexit$$00000004) refers to retarget.o(i._sys_exit) for _sys_exit
    rtexit2.o(.ARM.exidx) refers to rtexit2.o(.ARM.Collect$$rtexit$$00000001) for .ARM.Collect$$rtexit$$00000001
    rtexit2.o(.ARM.exidx) refers to rtexit2.o(.ARM.Collect$$rtexit$$00000003) for .ARM.Collect$$rtexit$$00000003
    rtexit2.o(.ARM.exidx) refers to rtexit2.o(.ARM.Collect$$rtexit$$00000004) for .ARM.Collect$$rtexit$$00000004
    argv_veneer.o(.emb_text) refers to no_argv.o(.text) for __ARM_get_argv
    _get_argv_nomalloc.o(.text) refers (Special) to hrguard.o(.text) for __heap_region$guard
    _get_argv_nomalloc.o(.text) refers to defsig_rtmem_outer.o(.text) for __rt_SIGRTMEM
    _get_argv_nomalloc.o(.text) refers to sys_command.o(.text) for _sys_command_string
    libshutdown.o(.ARM.Collect$$libshutdown$$00000000) refers (Special) to libshutdown2.o(.ARM.Collect$$libshutdown$$00000002) for __rt_lib_shutdown_cpp_1
    libshutdown.o(.ARM.Collect$$libshutdown$$00000000) refers (Special) to libshutdown2.o(.ARM.Collect$$libshutdown$$00000007) for __rt_lib_shutdown_fp_trap_1
    libshutdown.o(.ARM.Collect$$libshutdown$$00000000) refers (Special) to libshutdown2.o(.ARM.Collect$$libshutdown$$0000000F) for __rt_lib_shutdown_heap_1
    libshutdown.o(.ARM.Collect$$libshutdown$$00000000) refers (Special) to libshutdown2.o(.ARM.Collect$$libshutdown$$00000010) for __rt_lib_shutdown_return
    libshutdown.o(.ARM.Collect$$libshutdown$$00000000) refers (Special) to libshutdown2.o(.ARM.Collect$$libshutdown$$0000000A) for __rt_lib_shutdown_signal_1
    libshutdown.o(.ARM.Collect$$libshutdown$$00000000) refers (Special) to libshutdown2.o(.ARM.Collect$$libshutdown$$00000004) for __rt_lib_shutdown_stdio_1
    libshutdown.o(.ARM.Collect$$libshutdown$$00000000) refers (Special) to libshutdown2.o(.ARM.Collect$$libshutdown$$0000000C) for __rt_lib_shutdown_user_alloc_1
    sys_command.o(.text) refers (Special) to use_no_semi.o(.text) for __I$use$semihosting
    sys_command.o(.text) refers (Special) to indicate_semi.o(.text) for __semihosting_library_function
    defsig_rtmem_outer.o(.text) refers to defsig_rtmem_inner.o(.text) for __rt_SIGRTMEM_inner
    defsig_rtmem_outer.o(.text) refers to defsig_exit.o(.text) for __sig_exit
    defsig_rtmem_formal.o(.text) refers to rt_raise.o(.text) for __rt_raise
    rt_raise.o(.text) refers to __raise.o(.text) for __raise
    rt_raise.o(.text) refers to retarget.o(i._sys_exit) for _sys_exit
    defsig_exit.o(.text) refers to retarget.o(i._sys_exit) for _sys_exit
    defsig_rtmem_inner.o(.text) refers to defsig_general.o(.text) for __default_signal_display
    __raise.o(.text) refers to defsig.o(CL$$defsig) for __default_signal_handler
    defsig_general.o(.text) refers to retarget.o(i._ttywrch) for _ttywrch
    defsig.o(CL$$defsig) refers to defsig_rtmem_inner.o(.text) for __rt_SIGRTMEM_inner
    defsig_abrt_inner.o(.text) refers to defsig_general.o(.text) for __default_signal_display
    defsig_fpe_inner.o(.text) refers to defsig_general.o(.text) for __default_signal_display
    defsig_rtred_inner.o(.text) refers to defsig_general.o(.text) for __default_signal_display
    defsig_stak_inner.o(.text) refers to defsig_general.o(.text) for __default_signal_display
    defsig_pvfn_inner.o(.text) refers to defsig_general.o(.text) for __default_signal_display
    defsig_cppl_inner.o(.text) refers to defsig_general.o(.text) for __default_signal_display
    defsig_segv_inner.o(.text) refers to defsig_general.o(.text) for __default_signal_display
    defsig_other.o(.text) refers to defsig_general.o(.text) for __default_signal_display


==============================================================================

Removing Unused input sections from the image.

    Removing mygpio.o(.rev16_text), (4 bytes).
    Removing mygpio.o(.revsh_text), (4 bytes).
    Removing mygpio.o(.rrx_text), (6 bytes).
    Removing mygpio.o(i.MyGPIO_Init), (46 bytes).
    Removing mygpio.o(i.MyGPIO_Write), (82 bytes).
    Removing mygpio.o(i.configureAsOutput), (28 bytes).
    Removing mygpio.o(i.getPositionForPinInRegister), (8 bytes).
    Removing mygpio.o(i.isConfiguredAsOutput), (52 bytes).
    Removing mygpio.o(i.moderMask), (20 bytes).
    Removing mygpio.o(i.pinInMask), (10 bytes).
    Removing test_myrcc.o(.rev16_text), (4 bytes).
    Removing test_myrcc.o(.revsh_text), (4 bytes).
    Removing test_myrcc.o(.rrx_text), (6 bytes).
    Removing test_myrcc_runner.o(i.resetTest), (24 bytes).
    Removing test_myrcc_runner.o(i.verifyTest), (8 bytes).
    Removing unity.o(i.UnityAssertEqualFloatArray), (308 bytes).
    Removing unity.o(i.UnityAssertEqualIntArray), (388 bytes).
    Removing unity.o(i.UnityAssertEqualMemory), (360 bytes).
    Removing unity.o(i.UnityAssertEqualString), (140 bytes).
    Removing unity.o(i.UnityAssertEqualStringArray), (292 bytes).
    Removing unity.o(i.UnityAssertEqualStringLen), (152 bytes).
    Removing unity.o(i.UnityAssertFloatSpecial), (320 bytes).
    Removing unity.o(i.UnityAssertFloatsNotWithin), (144 bytes).
    Removing unity.o(i.UnityAssertFloatsWithin), (148 bytes).
    Removing unity.o(i.UnityAssertGreaterOrLessFloat), (244 bytes).
    Removing unity.o(i.UnityAssertGreaterOrLessOrEqualNumber), (264 bytes).
    Removing unity.o(i.UnityAssertNumbersArrayWithin), (528 bytes).
    Removing unity.o(i.UnityAssertNumbersWithin), (228 bytes).
    Removing unity.o(i.UnityDefaultTestRun), (80 bytes).
    Removing unity.o(i.UnityFail), (164 bytes).
    Removing unity.o(i.UnityFloatToPtr), (12 bytes).
    Removing unity.o(i.UnityFloatsWithin), (184 bytes).
    Removing unity.o(i.UnityIgnore), (100 bytes).
    Removing unity.o(i.UnityIsOneArrayNull), (84 bytes).
    Removing unity.o(i.UnityMessage), (72 bytes).
    Removing unity.o(i.UnityNumToPtr), (44 bytes).
    Removing unity.o(i.UnityPrintExpectedAndActualStrings), (100 bytes).
    Removing unity.o(i.UnityPrintExpectedAndActualStringsLen), (108 bytes).
    Removing unity.o(i.UnityPrintFloat), (716 bytes).
    Removing unity.o(i.UnityPrintLen), (128 bytes).
    Removing unity.o(i.UnitySetTestFile), (12 bytes).
    Removing unity.o(i.__ARM_isinff), (20 bytes).
    Removing unity.o(i.__ARM_isnanf), (14 bytes).
    Removing unity.o(.data), (4 bytes).
    Removing retarget.o(.rev16_text), (4 bytes).
    Removing retarget.o(.revsh_text), (4 bytes).
    Removing retarget.o(.rrx_text), (6 bytes).
    Removing retarget.o(i._ttywrch), (2 bytes).
    Removing retarget.o(i.ferror), (8 bytes).
    Removing retarget.o(i.fgetc), (6 bytes).
    Removing system_stm32f4xx.o(.rev16_text), (4 bytes).
    Removing system_stm32f4xx.o(.revsh_text), (4 bytes).
    Removing system_stm32f4xx.o(.rrx_text), (6 bytes).
    Removing system_stm32f4xx.o(i.SystemCoreClockUpdate), (192 bytes).
    Removing system_stm32f4xx.o(.constdata), (24 bytes).
    Removing system_stm32f4xx.o(.data), (4 bytes).

56 unused section(s) (total 5928 bytes) removed from the image.

==============================================================================

Image Symbol Table

    Local Symbols

    Symbol Name                              Value     Ov Type        Size  Object(Section)

    ../clib/angel/boardlib.s                 0x00000000   Number         0  boardinit1.o ABSOLUTE
    ../clib/angel/boardlib.s                 0x00000000   Number         0  boardinit2.o ABSOLUTE
    ../clib/angel/boardlib.s                 0x00000000   Number         0  boardinit3.o ABSOLUTE
    ../clib/angel/boardlib.s                 0x00000000   Number         0  boardshut.o ABSOLUTE
    ../clib/angel/handlers.s                 0x00000000   Number         0  __scatter_zi.o ABSOLUTE
    ../clib/angel/handlers.s                 0x00000000   Number         0  __scatter_copy.o ABSOLUTE
    ../clib/angel/kernel.s                   0x00000000   Number         0  rtexit2.o ABSOLUTE
    ../clib/angel/kernel.s                   0x00000000   Number         0  rtexit.o ABSOLUTE
    ../clib/angel/kernel.s                   0x00000000   Number         0  __rtentry4.o ABSOLUTE
    ../clib/angel/kernel.s                   0x00000000   Number         0  __rtentry.o ABSOLUTE
    ../clib/angel/kernel.s                   0x00000000   Number         0  __rtentry2.o ABSOLUTE
    ../clib/angel/rt.s                       0x00000000   Number         0  rt_raise.o ABSOLUTE
    ../clib/angel/scatter.s                  0x00000000   Number         0  __scatter.o ABSOLUTE
    ../clib/angel/startup.s                  0x00000000   Number         0  __main.o ABSOLUTE
    ../clib/angel/sys.s                      0x00000000   Number         0  sys_stackheap_outer.o ABSOLUTE
    ../clib/angel/sys.s                      0x00000000   Number         0  libspace.o ABSOLUTE
    ../clib/angel/sys.s                      0x00000000   Number         0  indicate_semi.o ABSOLUTE
    ../clib/angel/sys.s                      0x00000000   Number         0  use_no_semi.o ABSOLUTE
    ../clib/angel/sysapp.c                   0x00000000   Number         0  sys_command.o ABSOLUTE
    ../clib/armsys.c                         0x00000000   Number         0  argv_veneer.o ABSOLUTE
    ../clib/armsys.c                         0x00000000   Number         0  no_argv.o ABSOLUTE
    ../clib/armsys.c                         0x00000000   Number         0  _get_argv_nomalloc.o ABSOLUTE
    ../clib/armsys.c                         0x00000000   Number         0  argv_veneer.o ABSOLUTE
    ../clib/heapalloc.c                      0x00000000   Number         0  hrguard.o ABSOLUTE
    ../clib/heapaux.c                        0x00000000   Number         0  heapauxi.o ABSOLUTE
    ../clib/libinit.s                        0x00000000   Number         0  libinit.o ABSOLUTE
    ../clib/libinit.s                        0x00000000   Number         0  libinit2.o ABSOLUTE
    ../clib/libinit.s                        0x00000000   Number         0  libshutdown2.o ABSOLUTE
    ../clib/libinit.s                        0x00000000   Number         0  libshutdown.o ABSOLUTE
    ../clib/signal.c                         0x00000000   Number         0  __raise.o ABSOLUTE
    ../clib/signal.c                         0x00000000   Number         0  defsig_pvfn_inner.o ABSOLUTE
    ../clib/signal.c                         0x00000000   Number         0  defsig_stak_inner.o ABSOLUTE
    ../clib/signal.c                         0x00000000   Number         0  defsig_rtred_inner.o ABSOLUTE
    ../clib/signal.c                         0x00000000   Number         0  defsig_fpe_inner.o ABSOLUTE
    ../clib/signal.c                         0x00000000   Number         0  defsig_abrt_inner.o ABSOLUTE
    ../clib/signal.c                         0x00000000   Number         0  defsig_general.o ABSOLUTE
    ../clib/signal.c                         0x00000000   Number         0  defsig_rtmem_inner.o ABSOLUTE
    ../clib/signal.c                         0x00000000   Number         0  defsig_exit.o ABSOLUTE
    ../clib/signal.c                         0x00000000   Number         0  defsig_segv_inner.o ABSOLUTE
    ../clib/signal.c                         0x00000000   Number         0  defsig_cppl_inner.o ABSOLUTE
    ../clib/signal.c                         0x00000000   Number         0  defsig_rtmem_formal.o ABSOLUTE
    ../clib/signal.c                         0x00000000   Number         0  defsig_rtmem_outer.o ABSOLUTE
    ../clib/signal.c                         0x00000000   Number         0  defsig_other.o ABSOLUTE
    ../clib/signal.s                         0x00000000   Number         0  defsig.o ABSOLUTE
    ../clib/stdio.c                          0x00000000   Number         0  putc.o ABSOLUTE
    ../clib/stdlib.c                         0x00000000   Number         0  exit.o ABSOLUTE
    ../fplib/fpinit.s                        0x00000000   Number         0  fpinit.o ABSOLUTE
    ../fplib/setjmp.s                        0x00000000   Number         0  setjmp.o ABSOLUTE
    C:\DEV\Unity\src\unity.c                 0x00000000   Number         0  unity.o ABSOLUTE
    RTE\Device\STM32F407VGTx\startup_stm32f407xx.s 0x00000000   Number         0  startup_stm32f407xx.o ABSOLUTE
    RTE\Device\STM32F407VGTx\system_stm32f4xx.c 0x00000000   Number         0  system_stm32f4xx.o ABSOLUTE
    RTE\\Device\\STM32F407VGTx\\system_stm32f4xx.c 0x00000000   Number         0  system_stm32f4xx.o ABSOLUTE
    build\test\runners\test_MyGPIO_runner.c  0x00000000   Number         0  test_mygpio_runner.o ABSOLUTE
    build\test\runners\test_MyRCC_runner.c   0x00000000   Number         0  test_myrcc_runner.o ABSOLUTE
    dc.s                                     0x00000000   Number         0  dc.o ABSOLUTE
    retarget.c                               0x00000000   Number         0  retarget.o ABSOLUTE
    retarget.c                               0x00000000   Number         0  retarget.o ABSOLUTE
    src\MyGPIO.c                             0x00000000   Number         0  mygpio.o ABSOLUTE
    src\MyRCC.c                              0x00000000   Number         0  myrcc.o ABSOLUTE
    src\\MyGPIO.c                            0x00000000   Number         0  mygpio.o ABSOLUTE
    test\\test_MyRCC.c                       0x00000000   Number         0  test_myrcc.o ABSOLUTE
    test\test_MyGPIO.c                       0x00000000   Number         0  test_mygpio.o ABSOLUTE
    test\test_MyRCC.c                        0x00000000   Number         0  test_myrcc.o ABSOLUTE
    RESET                                    0x08000000   Section      392  startup_stm32f407xx.o(RESET)
    !!!main                                  0x08000188   Section        8  __main.o(!!!main)
    !!!scatter                               0x08000190   Section       52  __scatter.o(!!!scatter)
    !!handler_copy                           0x080001c4   Section       26  __scatter_copy.o(!!handler_copy)
    !!handler_zi                             0x080001e0   Section       28  __scatter_zi.o(!!handler_zi)
    .ARM.Collect$$libinit$$00000000          0x080001fc   Section        2  libinit.o(.ARM.Collect$$libinit$$00000000)
    .ARM.Collect$$libinit$$00000001          0x080001fe   Section        4  libinit2.o(.ARM.Collect$$libinit$$00000001)
    .ARM.Collect$$libinit$$00000004          0x08000202   Section        0  libinit2.o(.ARM.Collect$$libinit$$00000004)
    .ARM.Collect$$libinit$$0000000A          0x08000202   Section        0  libinit2.o(.ARM.Collect$$libinit$$0000000A)
    .ARM.Collect$$libinit$$0000000C          0x08000202   Section        0  libinit2.o(.ARM.Collect$$libinit$$0000000C)
    .ARM.Collect$$libinit$$0000000E          0x08000202   Section        0  libinit2.o(.ARM.Collect$$libinit$$0000000E)
    .ARM.Collect$$libinit$$00000011          0x08000202   Section        0  libinit2.o(.ARM.Collect$$libinit$$00000011)
    .ARM.Collect$$libinit$$00000013          0x08000202   Section        0  libinit2.o(.ARM.Collect$$libinit$$00000013)
    .ARM.Collect$$libinit$$00000015          0x08000202   Section        0  libinit2.o(.ARM.Collect$$libinit$$00000015)
    .ARM.Collect$$libinit$$00000017          0x08000202   Section        0  libinit2.o(.ARM.Collect$$libinit$$00000017)
    .ARM.Collect$$libinit$$00000019          0x08000202   Section        0  libinit2.o(.ARM.Collect$$libinit$$00000019)
    .ARM.Collect$$libinit$$0000001B          0x08000202   Section        0  libinit2.o(.ARM.Collect$$libinit$$0000001B)
    .ARM.Collect$$libinit$$0000001D          0x08000202   Section        0  libinit2.o(.ARM.Collect$$libinit$$0000001D)
    .ARM.Collect$$libinit$$0000001F          0x08000202   Section        0  libinit2.o(.ARM.Collect$$libinit$$0000001F)
    .ARM.Collect$$libinit$$00000021          0x08000202   Section        0  libinit2.o(.ARM.Collect$$libinit$$00000021)
    .ARM.Collect$$libinit$$00000023          0x08000202   Section        0  libinit2.o(.ARM.Collect$$libinit$$00000023)
    .ARM.Collect$$libinit$$00000025          0x08000202   Section        0  libinit2.o(.ARM.Collect$$libinit$$00000025)
    .ARM.Collect$$libinit$$0000002C          0x08000202   Section        0  libinit2.o(.ARM.Collect$$libinit$$0000002C)
    .ARM.Collect$$libinit$$0000002E          0x08000202   Section        0  libinit2.o(.ARM.Collect$$libinit$$0000002E)
    .ARM.Collect$$libinit$$00000030          0x08000202   Section        0  libinit2.o(.ARM.Collect$$libinit$$00000030)
    .ARM.Collect$$libinit$$00000032          0x08000202   Section        0  libinit2.o(.ARM.Collect$$libinit$$00000032)
    .ARM.Collect$$libinit$$00000033          0x08000202   Section        2  libinit2.o(.ARM.Collect$$libinit$$00000033)
    .ARM.Collect$$libshutdown$$00000000      0x08000204   Section        2  libshutdown.o(.ARM.Collect$$libshutdown$$00000000)
    .ARM.Collect$$libshutdown$$00000002      0x08000206   Section        0  libshutdown2.o(.ARM.Collect$$libshutdown$$00000002)
    .ARM.Collect$$libshutdown$$00000004      0x08000206   Section        0  libshutdown2.o(.ARM.Collect$$libshutdown$$00000004)
    .ARM.Collect$$libshutdown$$00000007      0x08000206   Section        0  libshutdown2.o(.ARM.Collect$$libshutdown$$00000007)
    .ARM.Collect$$libshutdown$$0000000A      0x08000206   Section        0  libshutdown2.o(.ARM.Collect$$libshutdown$$0000000A)
    .ARM.Collect$$libshutdown$$0000000C      0x08000206   Section        0  libshutdown2.o(.ARM.Collect$$libshutdown$$0000000C)
    .ARM.Collect$$libshutdown$$0000000F      0x08000206   Section        0  libshutdown2.o(.ARM.Collect$$libshutdown$$0000000F)
    .ARM.Collect$$libshutdown$$00000010      0x08000206   Section        2  libshutdown2.o(.ARM.Collect$$libshutdown$$00000010)
    .ARM.Collect$$rtentry$$00000000          0x08000208   Section        0  __rtentry.o(.ARM.Collect$$rtentry$$00000000)
    .ARM.Collect$$rtentry$$00000002          0x08000208   Section        0  __rtentry2.o(.ARM.Collect$$rtentry$$00000002)
    .ARM.Collect$$rtentry$$00000004          0x08000208   Section        6  __rtentry4.o(.ARM.Collect$$rtentry$$00000004)
    .ARM.Collect$$rtentry$$00000009          0x0800020e   Section        0  __rtentry2.o(.ARM.Collect$$rtentry$$00000009)
    .ARM.Collect$$rtentry$$0000000A          0x0800020e   Section        4  __rtentry2.o(.ARM.Collect$$rtentry$$0000000A)
    .ARM.Collect$$rtentry$$0000000C          0x08000212   Section        0  __rtentry2.o(.ARM.Collect$$rtentry$$0000000C)
    .ARM.Collect$$rtentry$$0000000D          0x08000212   Section        8  __rtentry2.o(.ARM.Collect$$rtentry$$0000000D)
    .ARM.Collect$$rtexit$$00000000           0x0800021a   Section        2  rtexit.o(.ARM.Collect$$rtexit$$00000000)
    .ARM.Collect$$rtexit$$00000002           0x0800021c   Section        0  rtexit2.o(.ARM.Collect$$rtexit$$00000002)
    .ARM.Collect$$rtexit$$00000003           0x0800021c   Section        4  rtexit2.o(.ARM.Collect$$rtexit$$00000003)
    .ARM.Collect$$rtexit$$00000004           0x08000220   Section        6  rtexit2.o(.ARM.Collect$$rtexit$$00000004)
    .text                                    0x08000228   Section       64  startup_stm32f407xx.o(.text)
    $v0                                      0x08000228   Number         0  startup_stm32f407xx.o(.text)
    .text                                    0x08000268   Section        2  use_no_semi.o(.text)
    .text                                    0x0800026a   Section        0  putc.o(.text)
    .text                                    0x0800026e   Section        0  heapauxi.o(.text)
    .text                                    0x08000274   Section       98  setjmp.o(.text)
    $v0                                      0x08000274   Number         0  setjmp.o(.text)
    .text                                    0x080002d6   Section       74  sys_stackheap_outer.o(.text)
    .text                                    0x08000320   Section        0  exit.o(.text)
    .text                                    0x08000334   Section        8  libspace.o(.text)
    i.CMock_Destroy                          0x0800033c   Section        0  test_myrcc_runner.o(i.CMock_Destroy)
    CMock_Destroy                            0x0800033d   Thumb Code     2  test_myrcc_runner.o(i.CMock_Destroy)
    i.CMock_Init                             0x08000340   Section        0  test_myrcc_runner.o(i.CMock_Init)
    CMock_Init                               0x08000341   Thumb Code    16  test_myrcc_runner.o(i.CMock_Init)
    i.CMock_Verify                           0x0800035c   Section        0  test_myrcc_runner.o(i.CMock_Verify)
    CMock_Verify                             0x0800035d   Thumb Code     2  test_myrcc_runner.o(i.CMock_Verify)
    i.MyRCC_GPIOClockEnable                  0x0800035e   Section        0  myrcc.o(i.MyRCC_GPIOClockEnable)
    i.SystemInit                             0x08000370   Section        0  system_stm32f4xx.o(i.SystemInit)
    i.UnityAddMsgIfSpecified                 0x080003d4   Section        0  unity.o(i.UnityAddMsgIfSpecified)
    UnityAddMsgIfSpecified                   0x080003d5   Thumb Code    66  unity.o(i.UnityAddMsgIfSpecified)
    i.UnityAssertBits                        0x08000428   Section        0  unity.o(i.UnityAssertBits)
    i.UnityAssertEqualNumber                 0x080004a8   Section        0  unity.o(i.UnityAssertEqualNumber)
    i.UnityBegin                             0x08000520   Section        0  unity.o(i.UnityBegin)
    i.UnityConcludeTest                      0x08000544   Section        0  unity.o(i.UnityConcludeTest)
    i.UnityEnd                               0x0800059c   Section        0  unity.o(i.UnityEnd)
    i.UnityPrint                             0x08000628   Section        0  unity.o(i.UnityPrint)
    i.UnityPrintChar                         0x08000644   Section        0  unity.o(i.UnityPrintChar)
    UnityPrintChar                           0x08000645   Thumb Code   100  unity.o(i.UnityPrintChar)
    i.UnityPrintMask                         0x080006ac   Section        0  unity.o(i.UnityPrintMask)
    i.UnityPrintNumber                       0x080006f4   Section        0  unity.o(i.UnityPrintNumber)
    i.UnityPrintNumberByStyle                0x08000718   Section        0  unity.o(i.UnityPrintNumberByStyle)
    i.UnityPrintNumberHex                    0x080007cc   Section        0  unity.o(i.UnityPrintNumberHex)
    i.UnityPrintNumberUnsigned               0x08000818   Section        0  unity.o(i.UnityPrintNumberUnsigned)
    i.UnityTestResultsBegin                  0x0800085c   Section        0  unity.o(i.UnityTestResultsBegin)
    UnityTestResultsBegin                    0x0800085d   Thumb Code    52  unity.o(i.UnityTestResultsBegin)
    i.UnityTestResultsFailBegin              0x08000898   Section        0  unity.o(i.UnityTestResultsFailBegin)
    UnityTestResultsFailBegin                0x08000899   Thumb Code    30  unity.o(i.UnityTestResultsFailBegin)
    i._sys_exit                              0x080008c4   Section        0  retarget.o(i._sys_exit)
    i.fputc                                  0x080008c8   Section        0  retarget.o(i.fputc)
    i.main                                   0x08000900   Section        0  test_myrcc_runner.o(i.main)
    i.run_test                               0x08000958   Section        0  test_myrcc_runner.o(i.run_test)
    run_test                                 0x08000959   Thumb Code    88  test_myrcc_runner.o(i.run_test)
    i.setUp                                  0x080009b4   Section        0  test_myrcc.o(i.setUp)
    i.tearDown                               0x080009c0   Section        0  test_myrcc.o(i.tearDown)
    i.test_MyRCC_GpioClockEnableWorksForAllPorts 0x080009cc   Section        0  test_myrcc.o(i.test_MyRCC_GpioClockEnableWorksForAllPorts)
    x$fpl$fpinit                             0x08000a10   Section       10  fpinit.o(x$fpl$fpinit)
    $v0                                      0x08000a10   Number         0  fpinit.o(x$fpl$fpinit)
    .constdata                               0x08000a1c   Section      572  unity.o(.constdata)
    UnityStrNull                             0x08000a30   Data           5  unity.o(.constdata)
    UnityStrSpacer                           0x08000a35   Data           3  unity.o(.constdata)
    UnityStrExpected                         0x08000a38   Data          11  unity.o(.constdata)
    UnityStrWas                              0x08000a43   Data           6  unity.o(.constdata)
    UnityStrGt                               0x08000a49   Data          21  unity.o(.constdata)
    UnityStrLt                               0x08000a5e   Data          18  unity.o(.constdata)
    UnityStrOrEqual                          0x08000a70   Data          13  unity.o(.constdata)
    UnityStrNotEqual                         0x08000a7d   Data          21  unity.o(.constdata)
    UnityStrElement                          0x08000a92   Data          10  unity.o(.constdata)
    UnityStrByte                             0x08000a9c   Data           7  unity.o(.constdata)
    UnityStrMemory                           0x08000aa3   Data          18  unity.o(.constdata)
    UnityStrDelta                            0x08000ab5   Data          26  unity.o(.constdata)
    UnityStrPointless                        0x08000acf   Data          55  unity.o(.constdata)
    UnityStrNullPointerForExpected           0x08000b06   Data          29  unity.o(.constdata)
    UnityStrNullPointerForActual             0x08000b23   Data          25  unity.o(.constdata)
    UnityStrNot                              0x08000b3c   Data           5  unity.o(.constdata)
    UnityStrInf                              0x08000b41   Data           9  unity.o(.constdata)
    UnityStrNegInf                           0x08000b4a   Data          18  unity.o(.constdata)
    UnityStrNaN                              0x08000b5c   Data           4  unity.o(.constdata)
    UnityStrDet                              0x08000b60   Data          12  unity.o(.constdata)
    UnityStrInvalidFloatTrait                0x08000b6c   Data          20  unity.o(.constdata)
    UnityStrBreaker                          0x08000bfd   Data          24  unity.o(.constdata)
    UnityStrResultsTests                     0x08000c15   Data           8  unity.o(.constdata)
    UnityStrResultsFailures                  0x08000c1d   Data          11  unity.o(.constdata)
    UnityStrResultsIgnored                   0x08000c28   Data          10  unity.o(.constdata)
    UnityStrDetail1Name                      0x08000c32   Data          10  unity.o(.constdata)
    UnityStrDetail2Name                      0x08000c3c   Data          11  unity.o(.constdata)
    .data                                    0x20000000   Section       12  test_myrcc_runner.o(.data)
    .data                                    0x2000000c   Section        8  retarget.o(.data)
    .bss                                     0x20000018   Section      200  unity.o(.bss)
    .bss                                     0x200000e0   Section       96  libspace.o(.bss)
    HEAP                                     0x20000140   Section      512  startup_stm32f407xx.o(HEAP)
    Heap_Mem                                 0x20000140   Data         512  startup_stm32f407xx.o(HEAP)
    STACK                                    0x20000340   Section     1024  startup_stm32f407xx.o(STACK)
    Stack_Mem                                0x20000340   Data        1024  startup_stm32f407xx.o(STACK)
    __initial_sp                             0x20000740   Data           0  startup_stm32f407xx.o(STACK)

    Global Symbols

    Symbol Name                              Value     Ov Type        Size  Object(Section)

    BuildAttributes$$THM_ISAv4$E$P$D$K$B$S$7EM$VFPi3$EXTD16$VFPS$VFMA$PE$A:L22UL41UL21$X:L11$S22US41US21$IEEE1$IW$USESV6$~STKCKD$USESV7$~SHL$OSPACE$ROPI$EBA8$UX$STANDARDLIB$REQ8$PRES8$EABIv2 0x00000000   Number         0  anon$$obj.o ABSOLUTE
    __ARM_use_no_argv                        0x00000000   Number         0  test_myrcc_runner.o ABSOLUTE
    __ARM_exceptions_init                     - Undefined Weak Reference
    __alloca_initialize                       - Undefined Weak Reference
    __alloca_longjmp                          - Undefined Weak Reference
    __alloca_setjmp                           - Undefined Weak Reference
    __arm_preinit_                            - Undefined Weak Reference
    __cpp_initialize__aeabi_                  - Undefined Weak Reference
    __cxa_finalize                            - Undefined Weak Reference
    __rt_locale                               - Undefined Weak Reference
    __sigvec_lookup                           - Undefined Weak Reference
    _atexit_init                              - Undefined Weak Reference
    _call_atexit_fns                          - Undefined Weak Reference
    _clock_init                               - Undefined Weak Reference
    _fp_trap_init                             - Undefined Weak Reference
    _fp_trap_shutdown                         - Undefined Weak Reference
    _get_lc_collate                           - Undefined Weak Reference
    _get_lc_ctype                             - Undefined Weak Reference
    _get_lc_monetary                          - Undefined Weak Reference
    _get_lc_numeric                           - Undefined Weak Reference
    _get_lc_time                              - Undefined Weak Reference
    _getenv_init                              - Undefined Weak Reference
    _handle_redirection                       - Undefined Weak Reference
    _init_alloc                               - Undefined Weak Reference
    _init_user_alloc                          - Undefined Weak Reference
    _initio                                   - Undefined Weak Reference
    _rand_init                                - Undefined Weak Reference
    _signal_finish                            - Undefined Weak Reference
    _signal_init                              - Undefined Weak Reference
    _terminate_alloc                          - Undefined Weak Reference
    _terminate_user_alloc                     - Undefined Weak Reference
    _terminateio                              - Undefined Weak Reference
    __Vectors_Size                           0x00000188   Number         0  startup_stm32f407xx.o ABSOLUTE
    __Vectors                                0x08000000   Data           4  startup_stm32f407xx.o(RESET)
    __Vectors_End                            0x08000188   Data           0  startup_stm32f407xx.o(RESET)
    __main                                   0x08000189   Thumb Code     8  __main.o(!!!main)
    __scatterload                            0x08000191   Thumb Code     0  __scatter.o(!!!scatter)
    __scatterload_rt2                        0x08000191   Thumb Code    44  __scatter.o(!!!scatter)
    __scatterload_rt2_thumb_only             0x08000191   Thumb Code     0  __scatter.o(!!!scatter)
    __scatterload_null                       0x0800019f   Thumb Code     0  __scatter.o(!!!scatter)
    __scatterload_copy                       0x080001c5   Thumb Code    26  __scatter_copy.o(!!handler_copy)
    __scatterload_zeroinit                   0x080001e1   Thumb Code    28  __scatter_zi.o(!!handler_zi)
    __rt_lib_init                            0x080001fd   Thumb Code     0  libinit.o(.ARM.Collect$$libinit$$00000000)
    __rt_lib_init_fp_1                       0x080001ff   Thumb Code     0  libinit2.o(.ARM.Collect$$libinit$$00000001)
    __rt_lib_init_alloca_1                   0x08000203   Thumb Code     0  libinit2.o(.ARM.Collect$$libinit$$0000002E)
    __rt_lib_init_argv_1                     0x08000203   Thumb Code     0  libinit2.o(.ARM.Collect$$libinit$$0000002C)
    __rt_lib_init_atexit_1                   0x08000203   Thumb Code     0  libinit2.o(.ARM.Collect$$libinit$$0000001B)
    __rt_lib_init_clock_1                    0x08000203   Thumb Code     0  libinit2.o(.ARM.Collect$$libinit$$00000021)
    __rt_lib_init_cpp_1                      0x08000203   Thumb Code     0  libinit2.o(.ARM.Collect$$libinit$$00000032)
    __rt_lib_init_exceptions_1               0x08000203   Thumb Code     0  libinit2.o(.ARM.Collect$$libinit$$00000030)
    __rt_lib_init_fp_trap_1                  0x08000203   Thumb Code     0  libinit2.o(.ARM.Collect$$libinit$$0000001F)
    __rt_lib_init_getenv_1                   0x08000203   Thumb Code     0  libinit2.o(.ARM.Collect$$libinit$$00000023)
    __rt_lib_init_heap_1                     0x08000203   Thumb Code     0  libinit2.o(.ARM.Collect$$libinit$$0000000A)
    __rt_lib_init_lc_collate_1               0x08000203   Thumb Code     0  libinit2.o(.ARM.Collect$$libinit$$00000011)
    __rt_lib_init_lc_ctype_1                 0x08000203   Thumb Code     0  libinit2.o(.ARM.Collect$$libinit$$00000013)
    __rt_lib_init_lc_monetary_1              0x08000203   Thumb Code     0  libinit2.o(.ARM.Collect$$libinit$$00000015)
    __rt_lib_init_lc_numeric_1               0x08000203   Thumb Code     0  libinit2.o(.ARM.Collect$$libinit$$00000017)
    __rt_lib_init_lc_time_1                  0x08000203   Thumb Code     0  libinit2.o(.ARM.Collect$$libinit$$00000019)
    __rt_lib_init_preinit_1                  0x08000203   Thumb Code     0  libinit2.o(.ARM.Collect$$libinit$$00000004)
    __rt_lib_init_rand_1                     0x08000203   Thumb Code     0  libinit2.o(.ARM.Collect$$libinit$$0000000E)
    __rt_lib_init_return                     0x08000203   Thumb Code     0  libinit2.o(.ARM.Collect$$libinit$$00000033)
    __rt_lib_init_signal_1                   0x08000203   Thumb Code     0  libinit2.o(.ARM.Collect$$libinit$$0000001D)
    __rt_lib_init_stdio_1                    0x08000203   Thumb Code     0  libinit2.o(.ARM.Collect$$libinit$$00000025)
    __rt_lib_init_user_alloc_1               0x08000203   Thumb Code     0  libinit2.o(.ARM.Collect$$libinit$$0000000C)
    __rt_lib_shutdown                        0x08000205   Thumb Code     0  libshutdown.o(.ARM.Collect$$libshutdown$$00000000)
    __rt_lib_shutdown_cpp_1                  0x08000207   Thumb Code     0  libshutdown2.o(.ARM.Collect$$libshutdown$$00000002)
    __rt_lib_shutdown_fp_trap_1              0x08000207   Thumb Code     0  libshutdown2.o(.ARM.Collect$$libshutdown$$00000007)
    __rt_lib_shutdown_heap_1                 0x08000207   Thumb Code     0  libshutdown2.o(.ARM.Collect$$libshutdown$$0000000F)
    __rt_lib_shutdown_return                 0x08000207   Thumb Code     0  libshutdown2.o(.ARM.Collect$$libshutdown$$00000010)
    __rt_lib_shutdown_signal_1               0x08000207   Thumb Code     0  libshutdown2.o(.ARM.Collect$$libshutdown$$0000000A)
    __rt_lib_shutdown_stdio_1                0x08000207   Thumb Code     0  libshutdown2.o(.ARM.Collect$$libshutdown$$00000004)
    __rt_lib_shutdown_user_alloc_1           0x08000207   Thumb Code     0  libshutdown2.o(.ARM.Collect$$libshutdown$$0000000C)
    __rt_entry                               0x08000209   Thumb Code     0  __rtentry.o(.ARM.Collect$$rtentry$$00000000)
    __rt_entry_presh_1                       0x08000209   Thumb Code     0  __rtentry2.o(.ARM.Collect$$rtentry$$00000002)
    __rt_entry_sh                            0x08000209   Thumb Code     0  __rtentry4.o(.ARM.Collect$$rtentry$$00000004)
    __rt_entry_li                            0x0800020f   Thumb Code     0  __rtentry2.o(.ARM.Collect$$rtentry$$0000000A)
    __rt_entry_postsh_1                      0x0800020f   Thumb Code     0  __rtentry2.o(.ARM.Collect$$rtentry$$00000009)
    __rt_entry_main                          0x08000213   Thumb Code     0  __rtentry2.o(.ARM.Collect$$rtentry$$0000000D)
    __rt_entry_postli_1                      0x08000213   Thumb Code     0  __rtentry2.o(.ARM.Collect$$rtentry$$0000000C)
    __rt_exit                                0x0800021b   Thumb Code     0  rtexit.o(.ARM.Collect$$rtexit$$00000000)
    __rt_exit_ls                             0x0800021d   Thumb Code     0  rtexit2.o(.ARM.Collect$$rtexit$$00000003)
    __rt_exit_prels_1                        0x0800021d   Thumb Code     0  rtexit2.o(.ARM.Collect$$rtexit$$00000002)
    __rt_exit_exit                           0x08000221   Thumb Code     0  rtexit2.o(.ARM.Collect$$rtexit$$00000004)
    Reset_Handler                            0x08000229   Thumb Code     8  startup_stm32f407xx.o(.text)
    NMI_Handler                              0x08000231   Thumb Code     2  startup_stm32f407xx.o(.text)
    HardFault_Handler                        0x08000233   Thumb Code     2  startup_stm32f407xx.o(.text)
    MemManage_Handler                        0x08000235   Thumb Code     2  startup_stm32f407xx.o(.text)
    BusFault_Handler                         0x08000237   Thumb Code     2  startup_stm32f407xx.o(.text)
    UsageFault_Handler                       0x08000239   Thumb Code     2  startup_stm32f407xx.o(.text)
    SVC_Handler                              0x0800023b   Thumb Code     2  startup_stm32f407xx.o(.text)
    DebugMon_Handler                         0x0800023d   Thumb Code     2  startup_stm32f407xx.o(.text)
    PendSV_Handler                           0x0800023f   Thumb Code     2  startup_stm32f407xx.o(.text)
    SysTick_Handler                          0x08000241   Thumb Code     2  startup_stm32f407xx.o(.text)
    ADC_IRQHandler                           0x08000243   Thumb Code     0  startup_stm32f407xx.o(.text)
    CAN1_RX0_IRQHandler                      0x08000243   Thumb Code     0  startup_stm32f407xx.o(.text)
    CAN1_RX1_IRQHandler                      0x08000243   Thumb Code     0  startup_stm32f407xx.o(.text)
    CAN1_SCE_IRQHandler                      0x08000243   Thumb Code     0  startup_stm32f407xx.o(.text)
    CAN1_TX_IRQHandler                       0x08000243   Thumb Code     0  startup_stm32f407xx.o(.text)
    CAN2_RX0_IRQHandler                      0x08000243   Thumb Code     0  startup_stm32f407xx.o(.text)
    CAN2_RX1_IRQHandler                      0x08000243   Thumb Code     0  startup_stm32f407xx.o(.text)
    CAN2_SCE_IRQHandler                      0x08000243   Thumb Code     0  startup_stm32f407xx.o(.text)
    CAN2_TX_IRQHandler                       0x08000243   Thumb Code     0  startup_stm32f407xx.o(.text)
    DCMI_IRQHandler                          0x08000243   Thumb Code     0  startup_stm32f407xx.o(.text)
    DMA1_Stream0_IRQHandler                  0x08000243   Thumb Code     0  startup_stm32f407xx.o(.text)
    DMA1_Stream1_IRQHandler                  0x08000243   Thumb Code     0  startup_stm32f407xx.o(.text)
    DMA1_Stream2_IRQHandler                  0x08000243   Thumb Code     0  startup_stm32f407xx.o(.text)
    DMA1_Stream3_IRQHandler                  0x08000243   Thumb Code     0  startup_stm32f407xx.o(.text)
    DMA1_Stream4_IRQHandler                  0x08000243   Thumb Code     0  startup_stm32f407xx.o(.text)
    DMA1_Stream5_IRQHandler                  0x08000243   Thumb Code     0  startup_stm32f407xx.o(.text)
    DMA1_Stream6_IRQHandler                  0x08000243   Thumb Code     0  startup_stm32f407xx.o(.text)
    DMA1_Stream7_IRQHandler                  0x08000243   Thumb Code     0  startup_stm32f407xx.o(.text)
    DMA2_Stream0_IRQHandler                  0x08000243   Thumb Code     0  startup_stm32f407xx.o(.text)
    DMA2_Stream1_IRQHandler                  0x08000243   Thumb Code     0  startup_stm32f407xx.o(.text)
    DMA2_Stream2_IRQHandler                  0x08000243   Thumb Code     0  startup_stm32f407xx.o(.text)
    DMA2_Stream3_IRQHandler                  0x08000243   Thumb Code     0  startup_stm32f407xx.o(.text)
    DMA2_Stream4_IRQHandler                  0x08000243   Thumb Code     0  startup_stm32f407xx.o(.text)
    DMA2_Stream5_IRQHandler                  0x08000243   Thumb Code     0  startup_stm32f407xx.o(.text)
    DMA2_Stream6_IRQHandler                  0x08000243   Thumb Code     0  startup_stm32f407xx.o(.text)
    DMA2_Stream7_IRQHandler                  0x08000243   Thumb Code     0  startup_stm32f407xx.o(.text)
    ETH_IRQHandler                           0x08000243   Thumb Code     0  startup_stm32f407xx.o(.text)
    ETH_WKUP_IRQHandler                      0x08000243   Thumb Code     0  startup_stm32f407xx.o(.text)
    EXTI0_IRQHandler                         0x08000243   Thumb Code     0  startup_stm32f407xx.o(.text)
    EXTI15_10_IRQHandler                     0x08000243   Thumb Code     0  startup_stm32f407xx.o(.text)
    EXTI1_IRQHandler                         0x08000243   Thumb Code     0  startup_stm32f407xx.o(.text)
    EXTI2_IRQHandler                         0x08000243   Thumb Code     0  startup_stm32f407xx.o(.text)
    EXTI3_IRQHandler                         0x08000243   Thumb Code     0  startup_stm32f407xx.o(.text)
    EXTI4_IRQHandler                         0x08000243   Thumb Code     0  startup_stm32f407xx.o(.text)
    EXTI9_5_IRQHandler                       0x08000243   Thumb Code     0  startup_stm32f407xx.o(.text)
    FLASH_IRQHandler                         0x08000243   Thumb Code     0  startup_stm32f407xx.o(.text)
    FMC_IRQHandler                           0x08000243   Thumb Code     0  startup_stm32f407xx.o(.text)
    FPU_IRQHandler                           0x08000243   Thumb Code     0  startup_stm32f407xx.o(.text)
    HASH_RNG_IRQHandler                      0x08000243   Thumb Code     0  startup_stm32f407xx.o(.text)
    I2C1_ER_IRQHandler                       0x08000243   Thumb Code     0  startup_stm32f407xx.o(.text)
    I2C1_EV_IRQHandler                       0x08000243   Thumb Code     0  startup_stm32f407xx.o(.text)
    I2C2_ER_IRQHandler                       0x08000243   Thumb Code     0  startup_stm32f407xx.o(.text)
    I2C2_EV_IRQHandler                       0x08000243   Thumb Code     0  startup_stm32f407xx.o(.text)
    I2C3_ER_IRQHandler                       0x08000243   Thumb Code     0  startup_stm32f407xx.o(.text)
    I2C3_EV_IRQHandler                       0x08000243   Thumb Code     0  startup_stm32f407xx.o(.text)
    OTG_FS_IRQHandler                        0x08000243   Thumb Code     0  startup_stm32f407xx.o(.text)
    OTG_FS_WKUP_IRQHandler                   0x08000243   Thumb Code     0  startup_stm32f407xx.o(.text)
    OTG_HS_EP1_IN_IRQHandler                 0x08000243   Thumb Code     0  startup_stm32f407xx.o(.text)
    OTG_HS_EP1_OUT_IRQHandler                0x08000243   Thumb Code     0  startup_stm32f407xx.o(.text)
    OTG_HS_IRQHandler                        0x08000243   Thumb Code     0  startup_stm32f407xx.o(.text)
    OTG_HS_WKUP_IRQHandler                   0x08000243   Thumb Code     0  startup_stm32f407xx.o(.text)
    PVD_IRQHandler                           0x08000243   Thumb Code     0  startup_stm32f407xx.o(.text)
    RCC_IRQHandler                           0x08000243   Thumb Code     0  startup_stm32f407xx.o(.text)
    RTC_Alarm_IRQHandler                     0x08000243   Thumb Code     0  startup_stm32f407xx.o(.text)
    RTC_WKUP_IRQHandler                      0x08000243   Thumb Code     0  startup_stm32f407xx.o(.text)
    SDIO_IRQHandler                          0x08000243   Thumb Code     0  startup_stm32f407xx.o(.text)
    SPI1_IRQHandler                          0x08000243   Thumb Code     0  startup_stm32f407xx.o(.text)
    SPI2_IRQHandler                          0x08000243   Thumb Code     0  startup_stm32f407xx.o(.text)
    SPI3_IRQHandler                          0x08000243   Thumb Code     0  startup_stm32f407xx.o(.text)
    TAMP_STAMP_IRQHandler                    0x08000243   Thumb Code     0  startup_stm32f407xx.o(.text)
    TIM1_BRK_TIM9_IRQHandler                 0x08000243   Thumb Code     0  startup_stm32f407xx.o(.text)
    TIM1_CC_IRQHandler                       0x08000243   Thumb Code     0  startup_stm32f407xx.o(.text)
    TIM1_TRG_COM_TIM11_IRQHandler            0x08000243   Thumb Code     0  startup_stm32f407xx.o(.text)
    TIM1_UP_TIM10_IRQHandler                 0x08000243   Thumb Code     0  startup_stm32f407xx.o(.text)
    TIM2_IRQHandler                          0x08000243   Thumb Code     0  startup_stm32f407xx.o(.text)
    TIM3_IRQHandler                          0x08000243   Thumb Code     0  startup_stm32f407xx.o(.text)
    TIM4_IRQHandler                          0x08000243   Thumb Code     0  startup_stm32f407xx.o(.text)
    TIM5_IRQHandler                          0x08000243   Thumb Code     0  startup_stm32f407xx.o(.text)
    TIM6_DAC_IRQHandler                      0x08000243   Thumb Code     0  startup_stm32f407xx.o(.text)
    TIM7_IRQHandler                          0x08000243   Thumb Code     0  startup_stm32f407xx.o(.text)
    TIM8_BRK_TIM12_IRQHandler                0x08000243   Thumb Code     0  startup_stm32f407xx.o(.text)
    TIM8_CC_IRQHandler                       0x08000243   Thumb Code     0  startup_stm32f407xx.o(.text)
    TIM8_TRG_COM_TIM14_IRQHandler            0x08000243   Thumb Code     0  startup_stm32f407xx.o(.text)
    TIM8_UP_TIM13_IRQHandler                 0x08000243   Thumb Code     0  startup_stm32f407xx.o(.text)
    UART4_IRQHandler                         0x08000243   Thumb Code     0  startup_stm32f407xx.o(.text)
    UART5_IRQHandler                         0x08000243   Thumb Code     0  startup_stm32f407xx.o(.text)
    USART1_IRQHandler                        0x08000243   Thumb Code     0  startup_stm32f407xx.o(.text)
    USART2_IRQHandler                        0x08000243   Thumb Code     0  startup_stm32f407xx.o(.text)
    USART3_IRQHandler                        0x08000243   Thumb Code     0  startup_stm32f407xx.o(.text)
    USART6_IRQHandler                        0x08000243   Thumb Code     0  startup_stm32f407xx.o(.text)
    WWDG_IRQHandler                          0x08000243   Thumb Code     0  startup_stm32f407xx.o(.text)
    __user_initial_stackheap                 0x08000245   Thumb Code     0  startup_stm32f407xx.o(.text)
    __I$use$semihosting                      0x08000269   Thumb Code     0  use_no_semi.o(.text)
    __use_no_semihosting_swi                 0x08000269   Thumb Code     2  use_no_semi.o(.text)
    putc                                     0x0800026b   Thumb Code     4  putc.o(.text)
    __use_two_region_memory                  0x0800026f   Thumb Code     2  heapauxi.o(.text)
    __rt_heap_escrow$2region                 0x08000271   Thumb Code     2  heapauxi.o(.text)
    __rt_heap_expand$2region                 0x08000273   Thumb Code     2  heapauxi.o(.text)
    setjmp                                   0x08000275   Thumb Code    42  setjmp.o(.text)
    longjmp                                  0x0800029f   Thumb Code    56  setjmp.o(.text)
    __user_setup_stackheap                   0x080002d7   Thumb Code    74  sys_stackheap_outer.o(.text)
    exit                                     0x08000321   Thumb Code    18  exit.o(.text)
    __user_libspace                          0x08000335   Thumb Code     8  libspace.o(.text)
    __user_perproc_libspace                  0x08000335   Thumb Code     0  libspace.o(.text)
    __user_perthread_libspace                0x08000335   Thumb Code     0  libspace.o(.text)
    MyRCC_GPIOClockEnable                    0x0800035f   Thumb Code    16  myrcc.o(i.MyRCC_GPIOClockEnable)
    SystemInit                               0x08000371   Thumb Code    82  system_stm32f4xx.o(i.SystemInit)
    UnityAssertBits                          0x08000429   Thumb Code   116  unity.o(i.UnityAssertBits)
    UnityAssertEqualNumber                   0x080004a9   Thumb Code   108  unity.o(i.UnityAssertEqualNumber)
    UnityBegin                               0x08000521   Thumb Code    32  unity.o(i.UnityBegin)
    UnityConcludeTest                        0x08000545   Thumb Code    76  unity.o(i.UnityConcludeTest)
    UnityEnd                                 0x0800059d   Thumb Code   108  unity.o(i.UnityEnd)
    UnityPrint                               0x08000629   Thumb Code    26  unity.o(i.UnityPrint)
    UnityPrintMask                           0x080006ad   Thumb Code    68  unity.o(i.UnityPrintMask)
    UnityPrintNumber                         0x080006f5   Thumb Code    30  unity.o(i.UnityPrintNumber)
    UnityPrintNumberByStyle                  0x08000719   Thumb Code   174  unity.o(i.UnityPrintNumberByStyle)
    UnityPrintNumberHex                      0x080007cd   Thumb Code    70  unity.o(i.UnityPrintNumberHex)
    UnityPrintNumberUnsigned                 0x08000819   Thumb Code    62  unity.o(i.UnityPrintNumberUnsigned)
    _sys_exit                                0x080008c5   Thumb Code     4  retarget.o(i._sys_exit)
    fputc                                    0x080008c9   Thumb Code    52  retarget.o(i.fputc)
    main                                     0x08000901   Thumb Code    24  test_myrcc_runner.o(i.main)
    setUp                                    0x080009b5   Thumb Code     8  test_myrcc.o(i.setUp)
    tearDown                                 0x080009c1   Thumb Code     8  test_myrcc.o(i.tearDown)
    test_MyRCC_GpioClockEnableWorksForAllPorts 0x080009cd   Thumb Code    62  test_myrcc.o(i.test_MyRCC_GpioClockEnableWorksForAllPorts)
    _fp_init                                 0x08000a11   Thumb Code    10  fpinit.o(x$fpl$fpinit)
    __fplib_config_fpu_vfp                   0x08000a19   Thumb Code     0  fpinit.o(x$fpl$fpinit)
    __fplib_config_pureend_doubles           0x08000a19   Thumb Code     0  fpinit.o(x$fpl$fpinit)
    UnityStrOk                               0x08000a1c   Data           3  unity.o(.constdata)
    UnityStrPass                             0x08000a1f   Data           5  unity.o(.constdata)
    UnityStrFail                             0x08000a24   Data           5  unity.o(.constdata)
    UnityStrIgnore                           0x08000a29   Data           7  unity.o(.constdata)
    UnityStrErrShorthand                     0x08000b80   Data          33  unity.o(.constdata)
    UnityStrErrFloat                         0x08000ba1   Data          30  unity.o(.constdata)
    UnityStrErrDouble                        0x08000bbf   Data          32  unity.o(.constdata)
    UnityStrErr64                            0x08000bdf   Data          30  unity.o(.constdata)
    Region$$Table$$Base                      0x08000c58   Number         0  anon$$obj.o(Region$$Table)
    Region$$Table$$Limit                     0x08000c78   Number         0  anon$$obj.o(Region$$Table)
    GlobalExpectCount                        0x20000000   Data           4  test_myrcc_runner.o(.data)
    GlobalVerifyOrder                        0x20000004   Data           4  test_myrcc_runner.o(.data)
    GlobalOrderError                         0x20000008   Data           4  test_myrcc_runner.o(.data)
    __stdout                                 0x2000000c   Data           4  retarget.o(.data)
    __stdin                                  0x20000010   Data           4  retarget.o(.data)
    Unity                                    0x20000018   Data         200  unity.o(.bss)
    __libspace_start                         0x200000e0   Data          96  libspace.o(.bss)
    __temporary_stack_top$libspace           0x20000140   Data           0  libspace.o(.bss)



==============================================================================

Memory Map of the image

  Image Entry point : 0x08000229

  Load Region LR_1 (Base: 0x08000000, Size: 0x00000c8c, Max: 0xffffffff, ABSOLUTE)

    Execution Region ER_RO (Exec base: 0x08000000, Load base: 0x08000000, Size: 0x00000c78, Max: 0xffffffff, ABSOLUTE)

    Exec Addr    Load Addr    Size         Type   Attr      Idx    E Section Name        Object

    0x08000000   0x08000000   0x00000188   Data   RO          584    RESET               startup_stm32f407xx.o
    0x08000188   0x08000188   0x00000008   Code   RO          634  * !!!main             c_w.l(__main.o)
    0x08000190   0x08000190   0x00000034   Code   RO          787    !!!scatter          c_w.l(__scatter.o)
    0x080001c4   0x080001c4   0x0000001a   Code   RO          789    !!handler_copy      c_w.l(__scatter_copy.o)
    0x080001de   0x080001de   0x00000002   PAD
    0x080001e0   0x080001e0   0x0000001c   Code   RO          791    !!handler_zi        c_w.l(__scatter_zi.o)
    0x080001fc   0x080001fc   0x00000002   Code   RO          663    .ARM.Collect$$libinit$$00000000  c_w.l(libinit.o)
    0x080001fe   0x080001fe   0x00000004   Code   RO          669    .ARM.Collect$$libinit$$00000001  c_w.l(libinit2.o)
    0x08000202   0x08000202   0x00000000   Code   RO          672    .ARM.Collect$$libinit$$00000004  c_w.l(libinit2.o)
    0x08000202   0x08000202   0x00000000   Code   RO          675    .ARM.Collect$$libinit$$0000000A  c_w.l(libinit2.o)
    0x08000202   0x08000202   0x00000000   Code   RO          677    .ARM.Collect$$libinit$$0000000C  c_w.l(libinit2.o)
    0x08000202   0x08000202   0x00000000   Code   RO          679    .ARM.Collect$$libinit$$0000000E  c_w.l(libinit2.o)
    0x08000202   0x08000202   0x00000000   Code   RO          682    .ARM.Collect$$libinit$$00000011  c_w.l(libinit2.o)
    0x08000202   0x08000202   0x00000000   Code   RO          684    .ARM.Collect$$libinit$$00000013  c_w.l(libinit2.o)
    0x08000202   0x08000202   0x00000000   Code   RO          686    .ARM.Collect$$libinit$$00000015  c_w.l(libinit2.o)
    0x08000202   0x08000202   0x00000000   Code   RO          688    .ARM.Collect$$libinit$$00000017  c_w.l(libinit2.o)
    0x08000202   0x08000202   0x00000000   Code   RO          690    .ARM.Collect$$libinit$$00000019  c_w.l(libinit2.o)
    0x08000202   0x08000202   0x00000000   Code   RO          692    .ARM.Collect$$libinit$$0000001B  c_w.l(libinit2.o)
    0x08000202   0x08000202   0x00000000   Code   RO          694    .ARM.Collect$$libinit$$0000001D  c_w.l(libinit2.o)
    0x08000202   0x08000202   0x00000000   Code   RO          696    .ARM.Collect$$libinit$$0000001F  c_w.l(libinit2.o)
    0x08000202   0x08000202   0x00000000   Code   RO          698    .ARM.Collect$$libinit$$00000021  c_w.l(libinit2.o)
    0x08000202   0x08000202   0x00000000   Code   RO          700    .ARM.Collect$$libinit$$00000023  c_w.l(libinit2.o)
    0x08000202   0x08000202   0x00000000   Code   RO          702    .ARM.Collect$$libinit$$00000025  c_w.l(libinit2.o)
    0x08000202   0x08000202   0x00000000   Code   RO          706    .ARM.Collect$$libinit$$0000002C  c_w.l(libinit2.o)
    0x08000202   0x08000202   0x00000000   Code   RO          708    .ARM.Collect$$libinit$$0000002E  c_w.l(libinit2.o)
    0x08000202   0x08000202   0x00000000   Code   RO          710    .ARM.Collect$$libinit$$00000030  c_w.l(libinit2.o)
    0x08000202   0x08000202   0x00000000   Code   RO          712    .ARM.Collect$$libinit$$00000032  c_w.l(libinit2.o)
    0x08000202   0x08000202   0x00000002   Code   RO          713    .ARM.Collect$$libinit$$00000033  c_w.l(libinit2.o)
    0x08000204   0x08000204   0x00000002   Code   RO          731    .ARM.Collect$$libshutdown$$00000000  c_w.l(libshutdown.o)
    0x08000206   0x08000206   0x00000000   Code   RO          741    .ARM.Collect$$libshutdown$$00000002  c_w.l(libshutdown2.o)
    0x08000206   0x08000206   0x00000000   Code   RO          743    .ARM.Collect$$libshutdown$$00000004  c_w.l(libshutdown2.o)
    0x08000206   0x08000206   0x00000000   Code   RO          746    .ARM.Collect$$libshutdown$$00000007  c_w.l(libshutdown2.o)
    0x08000206   0x08000206   0x00000000   Code   RO          749    .ARM.Collect$$libshutdown$$0000000A  c_w.l(libshutdown2.o)
    0x08000206   0x08000206   0x00000000   Code   RO          751    .ARM.Collect$$libshutdown$$0000000C  c_w.l(libshutdown2.o)
    0x08000206   0x08000206   0x00000000   Code   RO          754    .ARM.Collect$$libshutdown$$0000000F  c_w.l(libshutdown2.o)
    0x08000206   0x08000206   0x00000002   Code   RO          755    .ARM.Collect$$libshutdown$$00000010  c_w.l(libshutdown2.o)
    0x08000208   0x08000208   0x00000000   Code   RO          638    .ARM.Collect$$rtentry$$00000000  c_w.l(__rtentry.o)
    0x08000208   0x08000208   0x00000000   Code   RO          640    .ARM.Collect$$rtentry$$00000002  c_w.l(__rtentry2.o)
    0x08000208   0x08000208   0x00000006   Code   RO          652    .ARM.Collect$$rtentry$$00000004  c_w.l(__rtentry4.o)
    0x0800020e   0x0800020e   0x00000000   Code   RO          642    .ARM.Collect$$rtentry$$00000009  c_w.l(__rtentry2.o)
    0x0800020e   0x0800020e   0x00000004   Code   RO          643    .ARM.Collect$$rtentry$$0000000A  c_w.l(__rtentry2.o)
    0x08000212   0x08000212   0x00000000   Code   RO          645    .ARM.Collect$$rtentry$$0000000C  c_w.l(__rtentry2.o)
    0x08000212   0x08000212   0x00000008   Code   RO          646    .ARM.Collect$$rtentry$$0000000D  c_w.l(__rtentry2.o)
    0x0800021a   0x0800021a   0x00000002   Code   RO          667    .ARM.Collect$$rtexit$$00000000  c_w.l(rtexit.o)
    0x0800021c   0x0800021c   0x00000000   Code   RO          715    .ARM.Collect$$rtexit$$00000002  c_w.l(rtexit2.o)
    0x0800021c   0x0800021c   0x00000004   Code   RO          716    .ARM.Collect$$rtexit$$00000003  c_w.l(rtexit2.o)
    0x08000220   0x08000220   0x00000006   Code   RO          717    .ARM.Collect$$rtexit$$00000004  c_w.l(rtexit2.o)
    0x08000226   0x08000226   0x00000002   PAD
    0x08000228   0x08000228   0x00000040   Code   RO          585  * .text               startup_stm32f407xx.o
    0x08000268   0x08000268   0x00000002   Code   RO          628    .text               c_w.l(use_no_semi.o)
    0x0800026a   0x0800026a   0x00000004   Code   RO          630    .text               c_w.l(putc.o)
    0x0800026e   0x0800026e   0x00000006   Code   RO          632    .text               c_w.l(heapauxi.o)
    0x08000274   0x08000274   0x00000062   Code   RO          636    .text               fz_wm.l(setjmp.o)
    0x080002d6   0x080002d6   0x0000004a   Code   RO          654    .text               c_w.l(sys_stackheap_outer.o)
    0x08000320   0x08000320   0x00000012   Code   RO          656    .text               c_w.l(exit.o)
    0x08000332   0x08000332   0x00000002   PAD
    0x08000334   0x08000334   0x00000008   Code   RO          664    .text               c_w.l(libspace.o)
    0x0800033c   0x0800033c   0x00000002   Code   RO          193    i.CMock_Destroy     test_myrcc_runner.o
    0x0800033e   0x0800033e   0x00000002   PAD
    0x08000340   0x08000340   0x0000001c   Code   RO          194    i.CMock_Init        test_myrcc_runner.o
    0x0800035c   0x0800035c   0x00000002   Code   RO          195    i.CMock_Verify      test_myrcc_runner.o
    0x0800035e   0x0800035e   0x00000010   Code   RO           98    i.MyRCC_GPIOClockEnable  myrcc.o
    0x0800036e   0x0800036e   0x00000002   PAD
    0x08000370   0x08000370   0x00000064   Code   RO          593    i.SystemInit        system_stm32f4xx.o
    0x080003d4   0x080003d4   0x00000054   Code   RO          244    i.UnityAddMsgIfSpecified  unity.o
    0x08000428   0x08000428   0x00000080   Code   RO          245    i.UnityAssertBits   unity.o
    0x080004a8   0x080004a8   0x00000078   Code   RO          249    i.UnityAssertEqualNumber  unity.o
    0x08000520   0x08000520   0x00000024   Code   RO          260    i.UnityBegin        unity.o
    0x08000544   0x08000544   0x00000058   Code   RO          261    i.UnityConcludeTest  unity.o
    0x0800059c   0x0800059c   0x0000008c   Code   RO          263    i.UnityEnd          unity.o
    0x08000628   0x08000628   0x0000001a   Code   RO          271    i.UnityPrint        unity.o
    0x08000642   0x08000642   0x00000002   PAD
    0x08000644   0x08000644   0x00000068   Code   RO          272    i.UnityPrintChar    unity.o
    0x080006ac   0x080006ac   0x00000048   Code   RO          277    i.UnityPrintMask    unity.o
    0x080006f4   0x080006f4   0x00000024   Code   RO          278    i.UnityPrintNumber  unity.o
    0x08000718   0x08000718   0x000000b4   Code   RO          279    i.UnityPrintNumberByStyle  unity.o
    0x080007cc   0x080007cc   0x0000004c   Code   RO          280    i.UnityPrintNumberHex  unity.o
    0x08000818   0x08000818   0x00000044   Code   RO          281    i.UnityPrintNumberUnsigned  unity.o
    0x0800085c   0x0800085c   0x0000003c   Code   RO          283    i.UnityTestResultsBegin  unity.o
    0x08000898   0x08000898   0x0000002c   Code   RO          284    i.UnityTestResultsFailBegin  unity.o
    0x080008c4   0x080008c4   0x00000004   Code   RO          517    i._sys_exit         retarget.o
    0x080008c8   0x080008c8   0x00000038   Code   RO          521    i.fputc             retarget.o
    0x08000900   0x08000900   0x00000058   Code   RO          196    i.main              test_myrcc_runner.o
    0x08000958   0x08000958   0x0000005c   Code   RO          198    i.run_test          test_myrcc_runner.o
    0x080009b4   0x080009b4   0x0000000c   Code   RO          118    i.setUp             test_myrcc.o
    0x080009c0   0x080009c0   0x0000000c   Code   RO          119    i.tearDown          test_myrcc.o
    0x080009cc   0x080009cc   0x00000044   Code   RO          120    i.test_MyRCC_GpioClockEnableWorksForAllPorts  test_myrcc.o
    0x08000a10   0x08000a10   0x0000000a   Code   RO          723    x$fpl$fpinit        fz_wm.l(fpinit.o)
    0x08000a1a   0x08000a1a   0x00000002   PAD
    0x08000a1c   0x08000a1c   0x0000023c   Data   RO          288    .constdata          unity.o
    0x08000c58   0x08000c58   0x00000020   Data   RO          785    Region$$Table       anon$$obj.o


    Execution Region ER_RW (Exec base: 0x20000000, Load base: 0x08000c78, Size: 0x00000014, Max: 0xffffffff, ABSOLUTE)

    Exec Addr    Load Addr    Size         Type   Attr      Idx    E Section Name        Object

    0x20000000   0x08000c78   0x0000000c   Data   RW          200    .data               test_myrcc_runner.o
    0x2000000c   0x08000c84   0x00000008   Data   RW          522    .data               retarget.o


    Execution Region ER_ZI (Exec base: 0x20000014, Load base: 0x08000c8c, Size: 0x0000072c, Max: 0xffffffff, ABSOLUTE)

    Exec Addr    Load Addr    Size         Type   Attr      Idx    E Section Name        Object

    0x20000014   0x08000c8c   0x00000004   PAD
    0x20000018        -       0x000000c8   Zero   RW          287    .bss                unity.o
    0x200000e0        -       0x00000060   Zero   RW          665    .bss                c_w.l(libspace.o)
    0x20000140        -       0x00000200   Zero   RW          583    HEAP                startup_stm32f407xx.o
    0x20000340        -       0x00000400   Zero   RW          582    STACK               startup_stm32f407xx.o


==============================================================================

Image component sizes


      Code (inc. data)   RO Data    RW Data    ZI Data      Debug   Object Name

         0          0          0          0          0     565004   mygpio.o
        16          0          0          0          0        988   myrcc.o
        60          4          0          8          0      32989   retarget.o
        64         26        392          0       1536        892   startup_stm32f407xx.o
       100         18          0          0          0        553   system_stm32f4xx.o
        92         14          0          0          0      50937   test_myrcc.o
       212         80          0         12          0       3082   test_myrcc_runner.o
      1262        144        572          0        200      60381   unity.o

    ----------------------------------------------------------------------
      1812        286        996         20       1740     714826   Object Totals
         0          0         32          0          0          0   (incl. Generated)
         6          0          0          0          4          0   (incl. Padding)

    ----------------------------------------------------------------------

      Code (inc. data)   RO Data    RW Data    ZI Data      Debug   Library Member Name

         8          0          0          0          0         68   __main.o
         0          0          0          0          0          0   __rtentry.o
        12          0          0          0          0          0   __rtentry2.o
         6          0          0          0          0          0   __rtentry4.o
        52          8          0          0          0          0   __scatter.o
        26          0          0          0          0          0   __scatter_copy.o
        28          0          0          0          0          0   __scatter_zi.o
        18          0          0          0          0         80   exit.o
         6          0          0          0          0        152   heapauxi.o
         2          0          0          0          0          0   libinit.o
         6          0          0          0          0          0   libinit2.o
         2          0          0          0          0          0   libshutdown.o
         2          0          0          0          0          0   libshutdown2.o
         8          4          0          0         96         68   libspace.o
         4          0          0          0          0         68   putc.o
         2          0          0          0          0          0   rtexit.o
        10          0          0          0          0          0   rtexit2.o
        74          0          0          0          0         80   sys_stackheap_outer.o
         2          0          0          0          0         68   use_no_semi.o
        10          0          0          0          0        116   fpinit.o
        98          0          0          0          0        144   setjmp.o

    ----------------------------------------------------------------------
       384         12          0          0         96        844   Library Totals
         8          0          0          0          0          0   (incl. Padding)

    ----------------------------------------------------------------------

      Code (inc. data)   RO Data    RW Data    ZI Data      Debug   Library Name

       268         12          0          0         96        584   c_w.l
       108          0          0          0          0        260   fz_wm.l

    ----------------------------------------------------------------------
       384         12          0          0         96        844   Library Totals

    ----------------------------------------------------------------------

==============================================================================


      Code (inc. data)   RO Data    RW Data    ZI Data      Debug   

      2196        298        996         20       1836     713214   Grand Totals
      2196        298        996         20       1836     713214   ELF Image Totals
      2196        298        996         20          0          0   ROM Totals

==============================================================================

    Total RO  Size (Code + RO Data)                 3192 (   3.12kB)
    Total RW  Size (RW Data + ZI Data)              1856 (   1.81kB)
    Total ROM Size (Code + RO Data + RW Data)       3212 (   3.14kB)

==============================================================================

